test_cancel_request_and_backoff (tests.test_reference.AdapterTests.test_cancel_request_and_backoff) ... ok
test_close_and_scope (tests.test_reference.AdapterTests.test_close_and_scope) ... ok
test_finite_retries_and_guidance (tests.test_reference.AdapterTests.test_finite_retries_and_guidance) ... ok
test_incomplete_recovery_uses_new_pair (tests.test_reference.AdapterTests.test_incomplete_recovery_uses_new_pair) ... ok
test_quota_and_entitlement_stop (tests.test_reference.AdapterTests.test_quota_and_entitlement_stop) ... ok
test_raw_rejected_headers_and_work_bound (tests.test_reference.AdapterTests.test_raw_rejected_headers_and_work_bound) ... ok
test_repeats_nonopportunities_recovery (tests.test_reference.AdapterTests.test_repeats_nonopportunities_recovery) ... ok
test_schedule_phase_stop_and_kickoff (tests.test_reference.AdapterTests.test_schedule_phase_stop_and_kickoff) ... ok
test_storage_and_queue_failure_journal (tests.test_reference.AdapterTests.test_storage_and_queue_failure_journal) ... ok
test_consumer_generator_close_records_interruption (tests.test_reference.AdditionalBoundsTests.test_consumer_generator_close_records_interruption) ... ok
test_duplicate_quota_headers_stop_conservatively (tests.test_reference.AdditionalBoundsTests.test_duplicate_quota_headers_stop_conservatively) ... ok
test_request_timeout_is_bounded (tests.test_reference.AdditionalBoundsTests.test_request_timeout_is_bounded) ... ok
test_unresolved_schedule_stops_after_raw_ingress (tests.test_reference.AdditionalBoundsTests.test_unresolved_schedule_stops_after_raw_ingress) ... ok
test_ambiguous_alias_is_not_chosen (tests.test_reference.EnrichmentRevisionTests.test_ambiguous_alias_is_not_chosen) ... ok
test_effective_after_receipt_not_eligible_reconstruction (tests.test_reference.EnrichmentRevisionTests.test_effective_after_receipt_not_eligible_reconstruction) ... ok
test_later_alias_knowledge_does_not_rewrite_unresolved (tests.test_reference.EnrichmentRevisionTests.test_later_alias_knowledge_does_not_rewrite_unresolved) ... ok
test_recomputed_enrichment_rejects_tampered_prices (tests.test_reference.EnrichmentRevisionTests.test_recomputed_enrichment_rejects_tampered_prices) ... ok
test_complete_exact_and_reversed (tests.test_reference.ReferenceTests.test_complete_exact_and_reversed) ... ok
test_duplicate_third_draw (tests.test_reference.ReferenceTests.test_duplicate_third_draw) ... ok
test_exact_roundtrip_and_tamper (tests.test_reference.ReferenceTests.test_exact_roundtrip_and_tamper) ... ok
test_historical_snapshot_is_not_receipt (tests.test_reference.ReferenceTests.test_historical_snapshot_is_not_receipt) ... ok
test_identity_schedule_phase_and_terms (tests.test_reference.ReferenceTests.test_identity_schedule_phase_and_terms) ... ok
test_later_knowledge_and_late_receipts (tests.test_reference.ReferenceTests.test_later_knowledge_and_late_receipts) ... ok
test_malformed_missing_id_and_bad_prices (tests.test_reference.ReferenceTests.test_malformed_missing_id_and_bad_prices) ... ok
test_missing_side_never_borrows (tests.test_reference.ReferenceTests.test_missing_side_never_borrows) ... ok
test_optional_ids_times_limits_unknown (tests.test_reference.ReferenceTests.test_optional_ids_times_limits_unknown) ... ok
test_request_secret_rejected (tests.test_reference.ReferenceTests.test_request_secret_rejected) ... ok
test_synthetic_positive_is_explicit (tests.test_reference.ReferenceTests.test_synthetic_positive_is_explicit) ... ok
test_unknown_pair_lineage_rules_ineligible (tests.test_reference.ReferenceTests.test_unknown_pair_lineage_rules_ineligible) ... ok
test_decimal_context_and_bounds (tests.test_pricing.PricingTests.test_decimal_context_and_bounds) ... ok
test_effective_and_knowledge_boundaries (tests.test_pricing.PricingTests.test_effective_and_knowledge_boundaries) ... ok
test_exact_e2_scale_and_conditional_units (tests.test_pricing.PricingTests.test_exact_e2_scale_and_conditional_units) ... ok
test_freshness_boundaries (tests.test_pricing.PricingTests.test_freshness_boundaries) ... ok
test_full_recomputation_ignores_ambient_decimal_context (tests.test_pricing.PricingTests.test_full_recomputation_ignores_ambient_decimal_context) ... ok
test_independent_rational_values (tests.test_pricing.PricingTests.test_independent_rational_values) ... ok
test_late_download_cannot_backdate (tests.test_pricing.PricingTests.test_late_download_cannot_backdate) ... ok
test_later_alias_registry (tests.test_pricing.PricingTests.test_later_alias_registry) ... ok
test_later_source_and_rule_assessments (tests.test_pricing.PricingTests.test_later_source_and_rule_assessments) ... ok
test_latest_invalid_never_falls_back (tests.test_pricing.PricingTests.test_latest_invalid_never_falls_back) ... ok
test_missing_invalid_and_unknown (tests.test_pricing.PricingTests.test_missing_invalid_and_unknown) ... ok
test_order_and_exact_cutoff (tests.test_pricing.PricingTests.test_order_and_exact_cutoff) ... ok
test_pregame_and_target_rules (tests.test_pricing.PricingTests.test_pregame_and_target_rules) ... ok
test_restore_exclusions_and_tamper (tests.test_pricing.PricingTests.test_restore_exclusions_and_tamper) ... ok
test_target_copy_and_duplicate_deliveries (tests.test_pricing.PricingTests.test_target_copy_and_duplicate_deliveries) ... ok
test_void_refund_and_exceptional_rules (tests.test_pricing.PricingTests.test_void_refund_and_exceptional_rules) ... ok
test_all_saved_e3_estimates_replay_unchanged (tests.test_opportunities.OpportunitiesTest.test_all_saved_e3_estimates_replay_unchanged) ... ok
test_arb_independent_of_probability_model (tests.test_opportunities.OpportunitiesTest.test_arb_independent_of_probability_model) ... ok
test_decimal_context_independence (tests.test_opportunities.OpportunitiesTest.test_decimal_context_independence) ... ok
test_exact_submicrosecond_receipt_source_and_skew (tests.test_opportunities.OpportunitiesTest.test_exact_submicrosecond_receipt_source_and_skew) ... ok
test_fee_grouping_existing_pmus_cumulative_rules (tests.test_opportunities.OpportunitiesTest.test_fee_grouping_existing_pmus_cumulative_rules) ... ok
test_freshness_equality_and_source_clock (tests.test_opportunities.OpportunitiesTest.test_freshness_equality_and_source_clock) ... ok
test_independent_positive_negative_and_units (tests.test_opportunities.OpportunitiesTest.test_independent_positive_negative_and_units) ... ok
test_late_receipt_estimate_and_knowledge_rejected (tests.test_opportunities.OpportunitiesTest.test_late_receipt_estimate_and_knowledge_rejected) ... ok
test_mutations_missing_dependency_and_versions (tests.test_opportunities.OpportunitiesTest.test_mutations_missing_dependency_and_versions) ... ok
test_probability_unknown_invalid_and_target_binding (tests.test_opportunities.OpportunitiesTest.test_probability_unknown_invalid_and_target_binding) ... ok
test_quantity_unknown_constraints_and_consumed_depth (tests.test_opportunities.OpportunitiesTest.test_quantity_unknown_constraints_and_consumed_depth) ... ok
test_ranking_separate_classes_unknowns_and_overlap (tests.test_opportunities.OpportunitiesTest.test_ranking_separate_classes_unknowns_and_overlap) ... ok
test_saved_e3_unknown_and_exact_replay (tests.test_opportunities.OpportunitiesTest.test_saved_e3_unknown_and_exact_replay) ... ok
test_stale_books_diagnostics_retained_but_unranked (tests.test_opportunities.OpportunitiesTest.test_stale_books_diagnostics_retained_but_unranked) ... ok
test_unknown_and_refund_exceptional_cashflows (tests.test_opportunities.OpportunitiesTest.test_unknown_and_refund_exceptional_cashflows) ... ok
test_unknown_fees_not_imputed (tests.test_opportunities.OpportunitiesTest.test_unknown_fees_not_imputed) ... ok
test_all_seven_saved_cases (tests.test_e5_preview.FilesOnlyTests.test_all_seven_saved_cases) ... ok
test_exact_money_presentation (tests.test_e5_preview.FilesOnlyTests.test_exact_money_presentation) ... ok
test_external_e3_dependency_mismatch_rejected (tests.test_e5_preview.FilesOnlyTests.test_external_e3_dependency_mismatch_rejected) ... ok
test_missing_dependency_rejected_before_results (tests.test_e5_preview.FilesOnlyTests.test_missing_dependency_rejected_before_results) ... ok
test_reference_binding_and_timestamps (tests.test_e5_preview.FilesOnlyTests.test_reference_binding_and_timestamps) ... ok
test_tampered_audit_rejected (tests.test_e5_preview.FilesOnlyTests.test_tampered_audit_rejected) ... ok
test_unknowns_and_ranking_preserved (tests.test_e5_preview.FilesOnlyTests.test_unknowns_and_ranking_preserved) ... ok
test_no_collector_routes (tests.test_e5_preview.HttpTests.test_no_collector_routes) ... ok
test_page_reuses_css_and_restricts_connections (tests.test_e5_preview.HttpTests.test_page_reuses_css_and_restricts_connections) ... ok
test_validation_failure_is_closed (tests.test_e5_preview.HttpTests.test_validation_failure_is_closed) ... ok
test_no_arbitrary_path_or_raw_endpoint (tests.test_dashboard.APITests.test_no_arbitrary_path_or_raw_endpoint) ... /Users/michaelfuscoletti/Desktop/prediction-arb/app/dashboard/server.py:39: NotAppKeyWarning: It is recommended to use web.AppKey instances for keys.
https://docs.aiohttp.org/en/stable/web_advanced.html#application-s-config
  app=web.Application(middlewares=[guard],client_max_size=4096);app['controller']=ctl
ok
test_origin_and_token (tests.test_dashboard.APITests.test_origin_and_token) ... ok
test_saved_session_api_is_not_live (tests.test_dashboard.APITests.test_saved_session_api_is_not_live) ... ok
test_start_stop_and_validation (tests.test_dashboard.APITests.test_start_stop_and_validation) ... ok
test_wrong_host (tests.test_dashboard.APITests.test_wrong_host) ... ok
test_bounded_queue_marks_backpressure (tests.test_dashboard.ControllerTests.test_bounded_queue_marks_backpressure) ... ok
test_database_finish_failure_journal (tests.test_dashboard.ControllerTests.test_database_finish_failure_journal) ... ok
test_depth_requires_active (tests.test_dashboard.ControllerTests.test_depth_requires_active) ... ok
test_no_launch_resume (tests.test_dashboard.ControllerTests.test_no_launch_resume) ... ok
test_quiet_deadline (tests.test_dashboard.ControllerTests.test_quiet_deadline) ... ok
test_quiet_discovery_cancelled (tests.test_dashboard.ControllerTests.test_quiet_discovery_cancelled) ... ok
test_slow_worker_does_not_block_loop (tests.test_dashboard.ControllerTests.test_slow_worker_does_not_block_loop) ... ok
test_start_double_start_stop_cleanup (tests.test_dashboard.ControllerTests.test_start_double_start_stop_cleanup) ... ok
test_worker_failure_stops (tests.test_dashboard.ControllerTests.test_worker_failure_stops) ... ok
test_candidate_leg_age_cannot_borrow_other_side_freshness (tests.test_dashboard.DisplayTests.test_candidate_leg_age_cannot_borrow_other_side_freshness) ... ok
test_clock_disconnect_and_historical_isolation (tests.test_dashboard.DisplayTests.test_clock_disconnect_and_historical_isolation) ... ok
test_decimal_serialization (tests.test_dashboard.DisplayTests.test_decimal_serialization) ... ok
test_limits_validate (tests.test_dashboard.DisplayTests.test_limits_validate) ... ok
test_live_current_qualification_propagates (tests.test_dashboard.DisplayTests.test_live_current_qualification_propagates) ... ok
test_artifact_hashes_match_original_wire_format (tests.test_refresh_worker.SnapshotTests.test_artifact_hashes_match_original_wire_format) ... ok
test_capture_mutation_cannot_change_inflight_snapshot (tests.test_refresh_worker.SnapshotTests.test_capture_mutation_cannot_change_inflight_snapshot) ... ok
test_initial_empty_discovery_has_a_view_without_invented_inputs (tests.test_refresh_worker.SnapshotTests.test_initial_empty_discovery_has_a_view_without_invented_inputs) ... ok
test_persistence_rejects_old_session_or_out_of_order_before_sql (tests.test_refresh_worker.SnapshotTests.test_persistence_rejects_old_session_or_out_of_order_before_sql) ... ok
test_snapshot_limit_does_not_consume_dirty_inputs (tests.test_refresh_worker.SnapshotTests.test_snapshot_limit_does_not_consume_dirty_inputs) ... ok
test_capture_continues_with_one_compute_and_one_pending_signal (tests.test_refresh_worker.WorkerTests.test_capture_continues_with_one_compute_and_one_pending_signal) ... ok
test_compute_and_publication_failure_stop_and_account (tests.test_refresh_worker.WorkerTests.test_compute_and_publication_failure_stop_and_account) ... ok
test_dedicated_writer_failure_closes_before_finalization (tests.test_refresh_worker.WorkerTests.test_dedicated_writer_failure_closes_before_finalization) ... ok
test_disconnect_during_compute_discards_old_completion (tests.test_refresh_worker.WorkerTests.test_disconnect_during_compute_discards_old_completion) ... ok
test_out_of_order_and_prior_session_completion_cannot_publish (tests.test_refresh_worker.WorkerTests.test_out_of_order_and_prior_session_completion_cannot_publish) ... ok
test_stop_during_compute_and_depth_settles_before_finish (tests.test_refresh_worker.WorkerTests.test_stop_during_compute_and_depth_settles_before_finish) ... ok
test_byte_exhaustion_and_shared_references (tests.test_capture_repair.CaptureBoundsTests.test_byte_exhaustion_and_shared_references) ... ok
test_fixture_heap_is_not_serialized_size (tests.test_capture_repair.CaptureBoundsTests.test_fixture_heap_is_not_serialized_size) ... ok
test_byte_limit_stops_and_preserves_first_trigger (tests.test_capture_repair.ShutdownTests.test_byte_limit_stops_and_preserves_first_trigger) ... ok
test_cancelled_depth_await_settles_before_finish (tests.test_capture_repair.ShutdownTests.test_cancelled_depth_await_settles_before_finish) ... ok
test_depth_rejected_when_capture_behind (tests.test_capture_repair.ShutdownTests.test_depth_rejected_when_capture_behind) ... ok
test_failure_keeps_later_items_unprocessed (tests.test_capture_repair.ShutdownTests.test_failure_keeps_later_items_unprocessed) ... ok
test_over_envelope_drains_accepted_and_records_rejections (tests.test_capture_repair.ShutdownTests.test_over_envelope_drains_accepted_and_records_rejections) ... ok
test_refresh_is_coalesced_between_committed_books (tests.test_capture_repair.ShutdownTests.test_refresh_is_coalesced_between_committed_books) ... ok
test_stop_drains_41_and_finalizes_once (tests.test_capture_repair.ShutdownTests.test_stop_drains_41_and_finalizes_once) ... ok
test_all_evidence_and_no_double_count (tests.test_session_status.SavedStatusTests.test_all_evidence_and_no_double_count) ... ok
test_clean_bounded_end (tests.test_session_status.SavedStatusTests.test_clean_bounded_end) ... ok
test_failed_interrupted_and_unfinished (tests.test_session_status.SavedStatusTests.test_failed_interrupted_and_unfinished) ... ok
test_missing_and_old_bounded_counts_stay_unknown (tests.test_session_status.SavedStatusTests.test_missing_and_old_bounded_counts_stay_unknown) ... ok
test_real_gap_is_not_erased_by_zero_backlog (tests.test_session_status.SavedStatusTests.test_real_gap_is_not_erased_by_zero_backlog) ... ok
test_retained_clean_deadline_does_not_prove_loss (tests.test_session_status.SavedStatusTests.test_retained_clean_deadline_does_not_prove_loss) ... ok
test_retained_legacy_evidence (tests.test_session_status.SavedStatusTests.test_retained_legacy_evidence) ... ok

----------------------------------------------------------------------
Ran 117 tests in 53.209s

OK
