Traceback (most recent call last):
  File "<frozen runpy>", line 203, in _run_module_as_main
  File "<frozen runpy>", line 88, in _run_code
  File "/Users/michaelfuscoletti/Desktop/prediction-arb/app/collection/verify.py", line 38, in <module>
    if __name__=='__main__':main()
                            ~~~~^^
  File "/Users/michaelfuscoletti/Desktop/prediction-arb/app/collection/verify.py", line 37, in main
    asyncio.run(run(args.seconds,args.output))
    ~~~~~~~~~~~^^^^^^^^^^^^^^^^^^^^^^^^^^^^^^^
  File "/opt/homebrew/Cellar/python@3.14/3.14.5/Frameworks/Python.framework/Versions/3.14/lib/python3.14/asyncio/runners.py", line 204, in run
    return runner.run(main)
           ~~~~~~~~~~^^^^^^
  File "/opt/homebrew/Cellar/python@3.14/3.14.5/Frameworks/Python.framework/Versions/3.14/lib/python3.14/asyncio/runners.py", line 127, in run
    return self._loop.run_until_complete(task)
           ~~~~~~~~~~~~~~~~~~~~~~~~~~~~~^^^^^^
  File "/opt/homebrew/Cellar/python@3.14/3.14.5/Frameworks/Python.framework/Versions/3.14/lib/python3.14/asyncio/base_events.py", line 719, in run_until_complete
    return future.result()
           ~~~~~~~~~~~~~^^
  File "/Users/michaelfuscoletti/Desktop/prediction-arb/app/collection/verify.py", line 29, in run
    assert result['state']=='completed',result['reason']
           ^^^^^^^^^^^^^^^^^^^^^^^^^^^^
AssertionError: phase_schedule_identity_stop
{"id": "070793a2-30b1-47fd-85fd-0b9b8226d4cf", "state": "failed", "reason": "phase_schedule_identity_stop", "synthetic": true, "event": "synthetic-atl-pit-e2", "health": {"kalshi": {"state": "connected", "reason": "fresh full snapshot", "detected_at": "2026-09-13T15:02:55.153214+00:00", "wall_at": "2026-09-15T14:59:39.720731-04:00", "last_success_at": "2026-09-13T15:02:55.153257+00:00", "receipt": "17dfd53d-e770-4f89-976e-6dab97eef5ad"}, "polymarket_us": {"state": "connected", "reason": "fresh full snapshot", "detected_at": "2026-09-13T15:02:55.166661+00:00", "wall_at": "2026-09-15T14:59:39.734175-04:00", "last_success_at": "2026-09-13T15:02:55.166696+00:00", "receipt": "d41b14e2-4534-4db0-a35c-700591fa0cde"}, "reference": {"state": "disconnected", "reason": "consumer_closed", "detected_at": "2026-09-13T15:03:00.133992+00:00", "wall_at": "2026-09-15T14:59:44.701491-04:00", "last_success_at": "2026-09-13T15:02:30.126874+00:00", "receipt": null}, "discovery": {"state": "connected", "reason": "declared event confirmed", "detected_at": "2026-09-13T15:02:30.127288+00:00", "wall_at": "2026-09-15T14:59:14.694785-04:00", "last_success_at": "2026-09-13T15:02:30.127296+00:00", "receipt": null}}, "delivered": 94, "persisted": 94, "journal_only": 0, "calculations": 6, "queue": 0, "queue_high_items": 5, "queue_high_bytes": 163027, "reference_ledger_high": 17, "worker_tasks": 6, "ingress_bytes": 1308687, "journal_bytes": 1311518, "logical_storage_bytes": 23386805, "database_high_bytes": 12976931, "wall_seconds": 182.85975891700946, "producers_closed": true, "limits": {"seconds": 900, "receipts": 1024, "ingress_bytes": 16777216, "item_bytes": 67108864, "storage_bytes": 1073741824, "database_bytes": 2147483648, "queue_items": 48, "queue_bytes": 4194304, "reference_requests": 64, "retries": 3, "request_timeout": 3, "prediction_poll": 5, "reference_poll": 30, "discovery_poll": 30, "calculation_poll": 30, "calculations": 64, "reference_records": 256, "journal_bytes": 33554432}, "view": null, "exported": {"directory": "evidence/e6/sustained-15m/070793a2-30b1-47fd-85fd-0b9b8226d4cf", "counts": {"prediction": 72, "reference": 7, "reference_gaps": 2, "events": 104}, "calculations": 6, "bytes": 16974441}, "storage_error": null, "simulation_time": "2026-09-13T15:03:10.057919+00:00"}
