{
  "measurements": {
    "elapsed_seconds": 1.2913855410006363,
    "peak_rss_bytes": 57982976,
    "input_bytes": 25606361,
    "records": 9353
  },
  "sensitivity": [
    {
      "factor": 1,
      "logical": 67681,
      "encoded_MiB": 156.3142684763864,
      "expanded_MiB": 565.5523068159607,
      "frames": 20545
    },
    {
      "factor": 2,
      "logical": 135361,
      "encoded_MiB": 312.6285369527728,
      "expanded_MiB": 1131.1046136319214,
      "frames": 41090
    },
    {
      "factor": 4,
      "logical": 270722,
      "encoded_MiB": 625.2570739055456,
      "expanded_MiB": 2262.209227263843,
      "frames": 82179
    },
    {
      "factor": 8,
      "logical": 541443,
      "encoded_MiB": 1250.514147811091,
      "expanded_MiB": 4524.418454527686,
      "frames": 164357
    }
  ],
  "datasets": {
    "real": {
      "distributions": {
        "ALL": {
          "encoded": {
            "n": 1914,
            "total": 4635301,
            "mean": 2421.787356321839,
            "p50": 858,
            "p95": 5124,
            "p99": 6848,
            "maximum": 271249
          },
          "expanded": {
            "n": 1914,
            "total": 16770735,
            "mean": 8762.139498432602,
            "p50": 1092,
            "p95": 25753,
            "p99": 57325,
            "maximum": 457631
          },
          "python_object": {
            "n": 1914,
            "total": 53115255,
            "mean": 27750.916927899685,
            "p50": 3674,
            "p95": 90141,
            "p99": 98546,
            "maximum": 758515
          }
        },
        "session_started": {
          "encoded": {
            "n": 1,
            "total": 1259,
            "mean": 1259.0,
            "p50": 1259,
            "p95": 1259,
            "p99": 1259,
            "maximum": 1259
          },
          "expanded": {
            "n": 1,
            "total": 1862,
            "mean": 1862.0,
            "p50": 1862,
            "p95": 1862,
            "p99": 1862,
            "maximum": 1862
          },
          "python_object": {
            "n": 1,
            "total": 7378,
            "mean": 7378.0,
            "p50": 7378,
            "p95": 7378,
            "p99": 7378,
            "maximum": 7378
          }
        },
        "prediction_discovery_http": {
          "encoded": {
            "n": 74,
            "total": 521542,
            "mean": 7047.864864864865,
            "p50": 3555,
            "p95": 14912,
            "p99": 271249,
            "maximum": 271249
          },
          "expanded": {
            "n": 74,
            "total": 1139597,
            "mean": 15399.95945945946,
            "p50": 6592,
            "p95": 69192,
            "p99": 457631,
            "maximum": 457631
          },
          "python_object": {
            "n": 74,
            "total": 1323233,
            "mean": 17881.527027027027,
            "p50": 8892,
            "p95": 71978,
            "p99": 460037,
            "maximum": 460037
          }
        },
        "verified_account_budget": {
          "encoded": {
            "n": 1,
            "total": 779,
            "mean": 779.0,
            "p50": 779,
            "p95": 779,
            "p99": 779,
            "maximum": 779
          },
          "expanded": {
            "n": 1,
            "total": 1594,
            "mean": 1594.0,
            "p50": 1594,
            "p95": 1594,
            "p99": 1594,
            "maximum": 1594
          },
          "python_object": {
            "n": 1,
            "total": 7616,
            "mean": 7616.0,
            "p50": 7616,
            "p95": 7616,
            "p99": 7616,
            "maximum": 7616
          }
        },
        "coverage_inventory": {
          "encoded": {
            "n": 1,
            "total": 27585,
            "mean": 27585.0,
            "p50": 27585,
            "p95": 27585,
            "p99": 27585,
            "maximum": 27585
          },
          "expanded": {
            "n": 1,
            "total": 286951,
            "mean": 286951.0,
            "p50": 286951,
            "p95": 286951,
            "p99": 286951,
            "maximum": 286951
          },
          "python_object": {
            "n": 1,
            "total": 758515,
            "mean": 758515.0,
            "p50": 758515,
            "p95": 758515,
            "p99": 758515,
            "maximum": 758515
          }
        },
        "market_selected": {
          "encoded": {
            "n": 96,
            "total": 349604,
            "mean": 3641.7083333333335,
            "p50": 2147,
            "p95": 6972,
            "p99": 7032,
            "maximum": 7032
          },
          "expanded": {
            "n": 96,
            "total": 2128673,
            "mean": 22173.677083333332,
            "p50": 5657,
            "p95": 57574,
            "p99": 57580,
            "maximum": 57580
          },
          "python_object": {
            "n": 96,
            "total": 2279687,
            "mean": 23746.739583333332,
            "p50": 8750,
            "p95": 55922,
            "p99": 55928,
            "maximum": 55928
          }
        },
        "source_health": {
          "encoded": {
            "n": 580,
            "total": 331508,
            "mean": 571.5655172413793,
            "p50": 598,
            "p95": 606,
            "p99": 606,
            "maximum": 650
          },
          "expanded": {
            "n": 580,
            "total": 490683,
            "mean": 846.005172413793,
            "p50": 933,
            "p95": 939,
            "p99": 939,
            "maximum": 991
          },
          "python_object": {
            "n": 580,
            "total": 2024518,
            "mean": 3490.5482758620687,
            "p50": 3432,
            "p95": 3666,
            "p99": 3666,
            "maximum": 3748
          }
        },
        "prediction_command": {
          "encoded": {
            "n": 5,
            "total": 3534,
            "mean": 706.8,
            "p50": 703,
            "p95": 847,
            "p99": 847,
            "maximum": 847
          },
          "expanded": {
            "n": 5,
            "total": 5359,
            "mean": 1071.8,
            "p50": 1092,
            "p95": 1505,
            "p99": 1505,
            "maximum": 1505
          },
          "python_object": {
            "n": 5,
            "total": 11539,
            "mean": 2307.8,
            "p50": 2326,
            "p95": 2717,
            "p99": 2717,
            "maximum": 2717
          }
        },
        "prediction_frame": {
          "encoded": {
            "n": 581,
            "total": 764742,
            "mean": 1316.251290877797,
            "p50": 854,
            "p95": 2167,
            "p99": 2471,
            "maximum": 2483
          },
          "expanded": {
            "n": 581,
            "total": 1344716,
            "mean": 2314.485370051635,
            "p50": 816,
            "p95": 5034,
            "p99": 7358,
            "maximum": 7374
          },
          "python_object": {
            "n": 581,
            "total": 2292908,
            "mean": 3946.485370051635,
            "p50": 2448,
            "p95": 6666,
            "p99": 8990,
            "maximum": 9006
          }
        },
        "prediction_book": {
          "encoded": {
            "n": 575,
            "total": 2634748,
            "mean": 4582.170434782609,
            "p50": 4596,
            "p95": 5292,
            "p99": 5828,
            "maximum": 6144
          },
          "expanded": {
            "n": 575,
            "total": 11371300,
            "mean": 19776.17391304348,
            "p50": 19567,
            "p95": 27308,
            "p99": 27816,
            "maximum": 28297
          },
          "python_object": {
            "n": 575,
            "total": 44409861,
            "mean": 77234.54086956521,
            "p50": 89801,
            "p95": 97366,
            "p99": 99024,
            "maximum": 99606
          }
        }
      },
      "requests": {
        "polymarket_us / /v1/events": 7,
        "kalshi / /trade-api/v2/account/limits": 1,
        "kalshi / /trade-api/v2/account/endpoint_costs": 1,
        "kalshi / /trade-api/v2/events": 1,
        "kalshi / /trade-api/v2/markets": 32,
        "polymarket_us / /v1/markets": 32
      },
      "wire_bytes": {
        "polymarket_us / prediction_discovery_http": 329305,
        "kalshi / prediction_discovery_http": 488009,
        "polymarket_us / prediction_frame": 580457,
        "kalshi / prediction_frame": 225138
      },
      "frames": {
        "polymarket_us": 176,
        "kalshi": 405
      },
      "frames_by_group": {
        "polymarket_us-1": 176,
        "kalshi-1": 89,
        "kalshi-3": 251,
        "kalshi-4": 5,
        "kalshi-2": 60
      },
      "peak_rolling_second_frames": 97,
      "active_frame_span_seconds": 23.17973017692566
    },
    "busy-refresh-stop": {
      "distributions": {
        "ALL": {
          "encoded": {
            "n": 2301,
            "total": 2258966,
            "mean": 981.7322903085615,
            "p50": 718,
            "p95": 1851,
            "p99": 1851,
            "maximum": 2699
          },
          "expanded": {
            "n": 2301,
            "total": 3805352,
            "mean": 1653.7818339852238,
            "p50": 692,
            "p95": 4143,
            "p99": 4143,
            "maximum": 8403
          },
          "python_object": {
            "n": 2301,
            "total": 14649295,
            "mean": 6366.4906562364185,
            "p50": 2434,
            "p95": 15928,
            "p99": 15928,
            "maximum": 32958
          }
        },
        "session_started": {
          "encoded": {
            "n": 1,
            "total": 1251,
            "mean": 1251.0,
            "p50": 1251,
            "p95": 1251,
            "p99": 1251,
            "maximum": 1251
          },
          "expanded": {
            "n": 1,
            "total": 1865,
            "mean": 1865.0,
            "p50": 1865,
            "p95": 1865,
            "p99": 1865,
            "maximum": 1865
          },
          "python_object": {
            "n": 1,
            "total": 7381,
            "mean": 7381.0,
            "p50": 7381,
            "p95": 7381,
            "p99": 7381,
            "maximum": 7381
          }
        },
        "prediction_discovery_http": {
          "encoded": {
            "n": 10,
            "total": 10102,
            "mean": 1010.2,
            "p50": 967,
            "p95": 1423,
            "p99": 1423,
            "maximum": 1423
          },
          "expanded": {
            "n": 10,
            "total": 11226,
            "mean": 1122.6,
            "p50": 1011,
            "p95": 1725,
            "p99": 1725,
            "maximum": 1725
          },
          "python_object": {
            "n": 10,
            "total": 35370,
            "mean": 3537.0,
            "p50": 3417,
            "p95": 4512,
            "p99": 4512,
            "maximum": 4512
          }
        },
        "verified_account_budget": {
          "encoded": {
            "n": 1,
            "total": 438,
            "mean": 438.0,
            "p50": 438,
            "p95": 438,
            "p99": 438,
            "maximum": 438
          },
          "expanded": {
            "n": 1,
            "total": 380,
            "mean": 380.0,
            "p50": 380,
            "p95": 380,
            "p99": 380,
            "maximum": 380
          },
          "python_object": {
            "n": 1,
            "total": 2390,
            "mean": 2390.0,
            "p50": 2390,
            "p95": 2390,
            "p99": 2390,
            "maximum": 2390
          }
        },
        "coverage_inventory": {
          "encoded": {
            "n": 2,
            "total": 5382,
            "mean": 2691.0,
            "p50": 2683,
            "p95": 2699,
            "p99": 2699,
            "maximum": 2699
          },
          "expanded": {
            "n": 2,
            "total": 16799,
            "mean": 8399.5,
            "p50": 8396,
            "p95": 8403,
            "p99": 8403,
            "maximum": 8403
          },
          "python_object": {
            "n": 2,
            "total": 65906,
            "mean": 32953.0,
            "p50": 32948,
            "p95": 32958,
            "p99": 32958,
            "maximum": 32958
          }
        },
        "market_selected": {
          "encoded": {
            "n": 2,
            "total": 1685,
            "mean": 842.5,
            "p50": 714,
            "p95": 971,
            "p99": 971,
            "maximum": 971
          },
          "expanded": {
            "n": 2,
            "total": 2511,
            "mean": 1255.5,
            "p50": 933,
            "p95": 1578,
            "p99": 1578,
            "maximum": 1578
          },
          "python_object": {
            "n": 2,
            "total": 9271,
            "mean": 4635.5,
            "p50": 4355,
            "p95": 4916,
            "p99": 4916,
            "maximum": 4916
          }
        },
        "coverage_applied": {
          "encoded": {
            "n": 4,
            "total": 1652,
            "mean": 413.0,
            "p50": 414,
            "p95": 414,
            "p99": 414,
            "maximum": 414
          },
          "expanded": {
            "n": 4,
            "total": 1416,
            "mean": 354.0,
            "p50": 352,
            "p95": 366,
            "p99": 366,
            "maximum": 366
          },
          "python_object": {
            "n": 4,
            "total": 8280,
            "mean": 2070.0,
            "p50": 2068,
            "p95": 2082,
            "p99": 2082,
            "maximum": 2082
          }
        },
        "source_health": {
          "encoded": {
            "n": 760,
            "total": 304168,
            "mean": 400.22105263157897,
            "p50": 402,
            "p95": 402,
            "p99": 402,
            "maximum": 438
          },
          "expanded": {
            "n": 760,
            "total": 275965,
            "mean": 363.1118421052632,
            "p50": 364,
            "p95": 370,
            "p99": 370,
            "maximum": 422
          },
          "python_object": {
            "n": 760,
            "total": 1500411,
            "mean": 1974.225,
            "p50": 1975,
            "p95": 1981,
            "p99": 1981,
            "maximum": 2076
          }
        },
        "prediction_command": {
          "encoded": {
            "n": 2,
            "total": 1048,
            "mean": 524.0,
            "p50": 490,
            "p95": 558,
            "p99": 558,
            "maximum": 558
          },
          "expanded": {
            "n": 2,
            "total": 963,
            "mean": 481.5,
            "p50": 447,
            "p95": 516,
            "p99": 516,
            "maximum": 516
          },
          "python_object": {
            "n": 2,
            "total": 3509,
            "mean": 1754.5,
            "p50": 1719,
            "p95": 1790,
            "p99": 1790,
            "maximum": 1790
          }
        },
        "prediction_frame": {
          "encoded": {
            "n": 761,
            "total": 579010,
            "mean": 760.8541392904074,
            "p50": 718,
            "p95": 814,
            "p99": 814,
            "maximum": 834
          },
          "expanded": {
            "n": 761,
            "total": 567436,
            "mean": 745.6452036793693,
            "p50": 692,
            "p95": 802,
            "p99": 802,
            "maximum": 810
          },
          "python_object": {
            "n": 761,
            "total": 1809388,
            "mean": 2377.6452036793694,
            "p50": 2324,
            "p95": 2434,
            "p99": 2434,
            "maximum": 2442
          }
        },
        "prediction_book": {
          "encoded": {
            "n": 758,
            "total": 1354230,
            "mean": 1786.5831134564644,
            "p50": 1815,
            "p95": 1851,
            "p99": 1855,
            "maximum": 1855
          },
          "expanded": {
            "n": 758,
            "total": 2926791,
            "mean": 3861.201846965699,
            "p50": 4139,
            "p95": 4143,
            "p99": 4143,
            "maximum": 4314
          },
          "python_object": {
            "n": 758,
            "total": 11207389,
            "mean": 14785.473614775725,
            "p50": 15924,
            "p95": 15928,
            "p99": 15928,
            "maximum": 16095
          }
        }
      },
      "requests": {
        "kalshi / /trade-api/v2/account/limits": 1,
        "polymarket_us / /v1/events": 2,
        "kalshi / /trade-api/v2/account/endpoint_costs": 1,
        "polymarket_us / /v1/markets": 2,
        "kalshi / /trade-api/v2/events": 2,
        "kalshi / /trade-api/v2/markets": 2
      },
      "wire_bytes": {
        "kalshi / prediction_discovery_http": 950,
        "polymarket_us / prediction_discovery_http": 2476,
        "kalshi / prediction_frame": 65471,
        "polymarket_us / prediction_frame": 92610
      },
      "frames": {
        "kalshi": 383,
        "polymarket_us": 378
      },
      "frames_by_group": {
        "kalshi-1": 383,
        "polymarket_us-1": 378
      },
      "peak_rolling_second_frames": 365,
      "active_frame_span_seconds": 2.431273937225342
    },
    "resource-stop": {
      "distributions": {
        "ALL": {
          "encoded": {
            "n": 4092,
            "total": 4041875,
            "mean": 987.7504887585533,
            "p50": 714,
            "p95": 1851,
            "p99": 1855,
            "maximum": 3188
          },
          "expanded": {
            "n": 4092,
            "total": 7002162,
            "mean": 1711.183284457478,
            "p50": 692,
            "p95": 4143,
            "p99": 4285,
            "maximum": 27801
          },
          "python_object": {
            "n": 4092,
            "total": 27102394,
            "mean": 6623.263440860215,
            "p50": 2434,
            "p95": 15928,
            "p99": 15928,
            "maximum": 92724
          }
        },
        "session_started": {
          "encoded": {
            "n": 1,
            "total": 1251,
            "mean": 1251.0,
            "p50": 1251,
            "p95": 1251,
            "p99": 1251,
            "maximum": 1251
          },
          "expanded": {
            "n": 1,
            "total": 1865,
            "mean": 1865.0,
            "p50": 1865,
            "p95": 1865,
            "p99": 1865,
            "maximum": 1865
          },
          "python_object": {
            "n": 1,
            "total": 7381,
            "mean": 7381.0,
            "p50": 7381,
            "p95": 7381,
            "p99": 7381,
            "maximum": 7381
          }
        },
        "prediction_discovery_http": {
          "encoded": {
            "n": 6,
            "total": 6008,
            "mean": 1001.3333333333334,
            "p50": 967,
            "p95": 1415,
            "p99": 1415,
            "maximum": 1415
          },
          "expanded": {
            "n": 6,
            "total": 10072,
            "mean": 1678.6666666666667,
            "p50": 1011,
            "p95": 4674,
            "p99": 4674,
            "maximum": 4674
          },
          "python_object": {
            "n": 6,
            "total": 24087,
            "mean": 4014.5,
            "p50": 3417,
            "p95": 6975,
            "p99": 6975,
            "maximum": 6975
          }
        },
        "verified_account_budget": {
          "encoded": {
            "n": 1,
            "total": 438,
            "mean": 438.0,
            "p50": 438,
            "p95": 438,
            "p99": 438,
            "maximum": 438
          },
          "expanded": {
            "n": 1,
            "total": 380,
            "mean": 380.0,
            "p50": 380,
            "p95": 380,
            "p99": 380,
            "maximum": 380
          },
          "python_object": {
            "n": 1,
            "total": 2390,
            "mean": 2390.0,
            "p50": 2390,
            "p95": 2390,
            "p99": 2390,
            "maximum": 2390
          }
        },
        "coverage_inventory": {
          "encoded": {
            "n": 1,
            "total": 3188,
            "mean": 3188.0,
            "p50": 3188,
            "p95": 3188,
            "p99": 3188,
            "maximum": 3188
          },
          "expanded": {
            "n": 1,
            "total": 27801,
            "mean": 27801.0,
            "p50": 27801,
            "p95": 27801,
            "p99": 27801,
            "maximum": 27801
          },
          "python_object": {
            "n": 1,
            "total": 92724,
            "mean": 92724.0,
            "p50": 92724,
            "p95": 92724,
            "p99": 92724,
            "maximum": 92724
          }
        },
        "market_selected": {
          "encoded": {
            "n": 22,
            "total": 18442,
            "mean": 838.2727272727273,
            "p50": 827,
            "p95": 843,
            "p99": 975,
            "maximum": 975
          },
          "expanded": {
            "n": 22,
            "total": 91670,
            "mean": 4166.818181818182,
            "p50": 4285,
            "p95": 4297,
            "p99": 4298,
            "maximum": 4298
          },
          "python_object": {
            "n": 22,
            "total": 156790,
            "mean": 7126.818181818182,
            "p50": 7227,
            "p95": 7239,
            "p99": 7240,
            "maximum": 7240
          }
        },
        "coverage_applied": {
          "encoded": {
            "n": 2,
            "total": 896,
            "mean": 448.0,
            "p50": 414,
            "p95": 482,
            "p99": 482,
            "maximum": 482
          },
          "expanded": {
            "n": 2,
            "total": 833,
            "mean": 416.5,
            "p50": 356,
            "p95": 477,
            "p99": 477,
            "maximum": 477
          },
          "python_object": {
            "n": 2,
            "total": 5223,
            "mean": 2611.5,
            "p50": 2072,
            "p95": 3151,
            "p99": 3151,
            "maximum": 3151
          }
        },
        "source_health": {
          "encoded": {
            "n": 1353,
            "total": 564746,
            "mean": 417.40280857354026,
            "p50": 402,
            "p95": 450,
            "p99": 454,
            "maximum": 490
          },
          "expanded": {
            "n": 1353,
            "total": 537233,
            "mean": 397.0679970436068,
            "p50": 370,
            "p95": 462,
            "p99": 462,
            "maximum": 514
          },
          "python_object": {
            "n": 1353,
            "total": 3126293,
            "mean": 2310.6378418329637,
            "p50": 1981,
            "p95": 2955,
            "p99": 2955,
            "maximum": 3050
          }
        },
        "prediction_command": {
          "encoded": {
            "n": 3,
            "total": 1598,
            "mean": 532.6666666666666,
            "p50": 546,
            "p95": 562,
            "p99": 562,
            "maximum": 562
          },
          "expanded": {
            "n": 3,
            "total": 1586,
            "mean": 528.6666666666666,
            "p50": 503,
            "p95": 623,
            "p99": 623,
            "maximum": 623
          },
          "python_object": {
            "n": 3,
            "total": 5366,
            "mean": 1788.6666666666667,
            "p50": 1777,
            "p95": 1857,
            "p99": 1857,
            "maximum": 1857
          }
        },
        "prediction_frame": {
          "encoded": {
            "n": 1353,
            "total": 1006590,
            "mean": 743.9689578713969,
            "p50": 714,
            "p95": 814,
            "p99": 814,
            "maximum": 822
          },
          "expanded": {
            "n": 1353,
            "total": 985436,
            "mean": 728.3340724316334,
            "p50": 692,
            "p95": 802,
            "p99": 802,
            "maximum": 818
          },
          "python_object": {
            "n": 1353,
            "total": 3193532,
            "mean": 2360.3340724316336,
            "p50": 2324,
            "p95": 2434,
            "p99": 2434,
            "maximum": 2450
          }
        },
        "prediction_book": {
          "encoded": {
            "n": 1350,
            "total": 2438718,
            "mean": 1806.4577777777777,
            "p50": 1847,
            "p95": 1855,
            "p99": 1855,
            "maximum": 1875
          },
          "expanded": {
            "n": 1350,
            "total": 5345286,
            "mean": 3959.471111111111,
            "p50": 4143,
            "p95": 4143,
            "p99": 4300,
            "maximum": 4315
          },
          "python_object": {
            "n": 1350,
            "total": 20488608,
            "mean": 15176.746666666666,
            "p50": 15928,
            "p95": 15928,
            "p99": 16081,
            "maximum": 16096
          }
        }
      },
      "requests": {
        "kalshi / /trade-api/v2/account/limits": 1,
        "polymarket_us / /v1/events": 1,
        "kalshi / /trade-api/v2/account/endpoint_costs": 1,
        "polymarket_us / /v1/markets": 1,
        "kalshi / /trade-api/v2/events": 1,
        "kalshi / /trade-api/v2/markets": 1
      },
      "wire_bytes": {
        "kalshi / prediction_discovery_http": 3394,
        "polymarket_us / prediction_discovery_http": 1238,
        "kalshi / prediction_frame": 156915,
        "polymarket_us / prediction_frame": 108780
      },
      "frames": {
        "kalshi": 909,
        "polymarket_us": 444
      },
      "frames_by_group": {
        "kalshi-1": 464,
        "kalshi-2": 445,
        "polymarket_us-1": 444
      },
      "peak_rolling_second_frames": 304,
      "active_frame_span_seconds": 4.664609909057617
    },
    "stop-at-rotation": {
      "distributions": {
        "ALL": {
          "encoded": {
            "n": 1024,
            "total": 1002643,
            "mean": 979.1435546875,
            "p50": 718,
            "p95": 1843,
            "p99": 1847,
            "maximum": 2695
          },
          "expanded": {
            "n": 1024,
            "total": 1691951,
            "mean": 1652.2958984375,
            "p50": 764,
            "p95": 4143,
            "p99": 4143,
            "maximum": 8403
          },
          "python_object": {
            "n": 1024,
            "total": 6511474,
            "mean": 6358.861328125,
            "p50": 2434,
            "p95": 15928,
            "p99": 15928,
            "maximum": 32958
          }
        },
        "session_started": {
          "encoded": {
            "n": 1,
            "total": 1251,
            "mean": 1251.0,
            "p50": 1251,
            "p95": 1251,
            "p99": 1251,
            "maximum": 1251
          },
          "expanded": {
            "n": 1,
            "total": 1865,
            "mean": 1865.0,
            "p50": 1865,
            "p95": 1865,
            "p99": 1865,
            "maximum": 1865
          },
          "python_object": {
            "n": 1,
            "total": 7381,
            "mean": 7381.0,
            "p50": 7381,
            "p95": 7381,
            "p99": 7381,
            "maximum": 7381
          }
        },
        "prediction_discovery_http": {
          "encoded": {
            "n": 10,
            "total": 10114,
            "mean": 1011.4,
            "p50": 971,
            "p95": 1427,
            "p99": 1427,
            "maximum": 1427
          },
          "expanded": {
            "n": 10,
            "total": 11226,
            "mean": 1122.6,
            "p50": 1011,
            "p95": 1725,
            "p99": 1725,
            "maximum": 1725
          },
          "python_object": {
            "n": 10,
            "total": 35370,
            "mean": 3537.0,
            "p50": 3417,
            "p95": 4512,
            "p99": 4512,
            "maximum": 4512
          }
        },
        "verified_account_budget": {
          "encoded": {
            "n": 1,
            "total": 438,
            "mean": 438.0,
            "p50": 438,
            "p95": 438,
            "p99": 438,
            "maximum": 438
          },
          "expanded": {
            "n": 1,
            "total": 380,
            "mean": 380.0,
            "p50": 380,
            "p95": 380,
            "p99": 380,
            "maximum": 380
          },
          "python_object": {
            "n": 1,
            "total": 2390,
            "mean": 2390.0,
            "p50": 2390,
            "p95": 2390,
            "p99": 2390,
            "maximum": 2390
          }
        },
        "coverage_inventory": {
          "encoded": {
            "n": 2,
            "total": 5382,
            "mean": 2691.0,
            "p50": 2687,
            "p95": 2695,
            "p99": 2695,
            "maximum": 2695
          },
          "expanded": {
            "n": 2,
            "total": 16799,
            "mean": 8399.5,
            "p50": 8396,
            "p95": 8403,
            "p99": 8403,
            "maximum": 8403
          },
          "python_object": {
            "n": 2,
            "total": 65906,
            "mean": 32953.0,
            "p50": 32948,
            "p95": 32958,
            "p99": 32958,
            "maximum": 32958
          }
        },
        "market_selected": {
          "encoded": {
            "n": 2,
            "total": 1689,
            "mean": 844.5,
            "p50": 714,
            "p95": 975,
            "p99": 975,
            "maximum": 975
          },
          "expanded": {
            "n": 2,
            "total": 2511,
            "mean": 1255.5,
            "p50": 933,
            "p95": 1578,
            "p99": 1578,
            "maximum": 1578
          },
          "python_object": {
            "n": 2,
            "total": 9271,
            "mean": 4635.5,
            "p50": 4355,
            "p95": 4916,
            "p99": 4916,
            "maximum": 4916
          }
        },
        "coverage_applied": {
          "encoded": {
            "n": 2,
            "total": 824,
            "mean": 412.0,
            "p50": 410,
            "p95": 414,
            "p99": 414,
            "maximum": 414
          },
          "expanded": {
            "n": 2,
            "total": 698,
            "mean": 349.0,
            "p50": 342,
            "p95": 356,
            "p99": 356,
            "maximum": 356
          },
          "python_object": {
            "n": 2,
            "total": 4130,
            "mean": 2065.0,
            "p50": 2058,
            "p95": 2072,
            "p99": 2072,
            "maximum": 2072
          }
        },
        "source_health": {
          "encoded": {
            "n": 335,
            "total": 133642,
            "mean": 398.93134328358207,
            "p50": 398,
            "p95": 402,
            "p99": 402,
            "maximum": 442
          },
          "expanded": {
            "n": 335,
            "total": 121697,
            "mean": 363.2746268656716,
            "p50": 370,
            "p95": 370,
            "p99": 370,
            "maximum": 422
          },
          "python_object": {
            "n": 335,
            "total": 661468,
            "mean": 1974.5313432835821,
            "p50": 1981,
            "p95": 1981,
            "p99": 1981,
            "maximum": 2076
          }
        },
        "prediction_command": {
          "encoded": {
            "n": 2,
            "total": 1048,
            "mean": 524.0,
            "p50": 490,
            "p95": 558,
            "p99": 558,
            "maximum": 558
          },
          "expanded": {
            "n": 2,
            "total": 963,
            "mean": 481.5,
            "p50": 447,
            "p95": 516,
            "p99": 516,
            "maximum": 516
          },
          "python_object": {
            "n": 2,
            "total": 3509,
            "mean": 1754.5,
            "p50": 1719,
            "p95": 1790,
            "p99": 1790,
            "maximum": 1790
          }
        },
        "prediction_frame": {
          "encoded": {
            "n": 336,
            "total": 254432,
            "mean": 757.2380952380952,
            "p50": 718,
            "p95": 814,
            "p99": 814,
            "maximum": 830
          },
          "expanded": {
            "n": 336,
            "total": 250016,
            "mean": 744.0952380952381,
            "p50": 692,
            "p95": 802,
            "p99": 802,
            "maximum": 810
          },
          "python_object": {
            "n": 336,
            "total": 798368,
            "mean": 2376.095238095238,
            "p50": 2324,
            "p95": 2434,
            "p99": 2434,
            "maximum": 2442
          }
        },
        "prediction_book": {
          "encoded": {
            "n": 333,
            "total": 593823,
            "mean": 1783.2522522522522,
            "p50": 1815,
            "p95": 1847,
            "p99": 1851,
            "maximum": 1855
          },
          "expanded": {
            "n": 333,
            "total": 1285796,
            "mean": 3861.2492492492493,
            "p50": 4139,
            "p95": 4143,
            "p99": 4143,
            "maximum": 4314
          },
          "python_object": {
            "n": 333,
            "total": 4923681,
            "mean": 14785.82882882883,
            "p50": 15924,
            "p95": 15928,
            "p99": 15928,
            "maximum": 16095
          }
        }
      },
      "requests": {
        "kalshi / /trade-api/v2/account/limits": 1,
        "polymarket_us / /v1/events": 2,
        "kalshi / /trade-api/v2/account/endpoint_costs": 1,
        "polymarket_us / /v1/markets": 2,
        "kalshi / /trade-api/v2/events": 2,
        "kalshi / /trade-api/v2/markets": 2
      },
      "wire_bytes": {
        "kalshi / prediction_discovery_http": 950,
        "polymarket_us / prediction_discovery_http": 2476,
        "kalshi / prediction_frame": 28835,
        "polymarket_us / prediction_frame": 40670
      },
      "frames": {
        "kalshi": 170,
        "polymarket_us": 166
      },
      "frames_by_group": {
        "kalshi-1": 170,
        "polymarket_us-1": 166
      },
      "peak_rolling_second_frames": 336,
      "active_frame_span_seconds": 0.9938700199127197
    }
  }
}
