test_boundaries_recovery_unchanged_and_one_emission_per_episode (tests.test_kalshi_expiry.ExpiryTests.test_boundaries_recovery_unchanged_and_one_emission_per_episode) ... ok
test_busy_sibling_cannot_defer_expiry (tests.test_kalshi_expiry.ExpiryTests.test_busy_sibling_cannot_defer_expiry) ... ok
test_cancellation_cleans_pending_receive (tests.test_kalshi_expiry.ExpiryTests.test_cancellation_cleans_pending_receive) ... ok
test_control_traffic_does_not_refresh_receipts (tests.test_kalshi_expiry.ExpiryTests.test_control_traffic_does_not_refresh_receipts) ... ok
test_real_timer_expires_while_sibling_keeps_receiving (tests.test_kalshi_expiry.ExpiryTests.test_real_timer_expires_while_sibling_keeps_receiving) ... ok
test_simultaneous_expiry_and_receive_are_both_processed_once (tests.test_kalshi_expiry.ExpiryTests.test_simultaneous_expiry_and_receive_are_both_processed_once) ... ok
test_decimal_native_and_complement_precision (tests.test_kalshi.ParsingTests.test_decimal_native_and_complement_precision) ... ok
test_invalid_values_fail (tests.test_kalshi.ParsingTests.test_invalid_values_fail) ... ok
test_missing_empty_and_depth (tests.test_kalshi.ParsingTests.test_missing_empty_and_depth) ... ok
test_states_and_market_identity (tests.test_kalshi.ParsingTests.test_states_and_market_identity) ... ok
test_adapter_stream_interface_and_close (tests.test_kalshi.RESTTests.test_adapter_stream_interface_and_close) ... ok
test_live_capture_replay_contract_offline (tests.test_kalshi.RESTTests.test_live_capture_replay_contract_offline) ... ok
test_missing_or_ambiguous_schedule_excluded (tests.test_kalshi.RESTTests.test_missing_or_ambiguous_schedule_excluded) ... ok
test_pagination_cycle_and_truncation (tests.test_kalshi.RESTTests.test_pagination_cycle_and_truncation) ... ok
test_retry_budget_and_no_nonread_requests (tests.test_kalshi.RESTTests.test_retry_budget_and_no_nonread_requests) ... ok
test_successful_retry_and_market_page_cursor (tests.test_kalshi.RESTTests.test_successful_retry_and_market_page_cursor) ... ok
test_gap_duplicate_regression_invalidates_entire_sid (tests.test_kalshi.ReconstructionTests.test_gap_duplicate_regression_invalidates_entire_sid) ... ok
test_legacy_clock_preserves_submicrosecond_ordering (tests.test_kalshi.ReconstructionTests.test_legacy_clock_preserves_submicrosecond_ordering) ... ok
test_missing_initial_image_and_negative_quantity (tests.test_kalshi.ReconstructionTests.test_missing_initial_image_and_negative_quantity) ... ok
test_omitted_ws_sides_documented_empty_null_invalid (tests.test_kalshi.ReconstructionTests.test_omitted_ws_sides_documented_empty_null_invalid) ... ok
test_reconnect_rejects_old_generation_and_old_sid (tests.test_kalshi.ReconstructionTests.test_reconnect_rejects_old_generation_and_old_sid) ... ok
test_sanitization_and_original_timestamp_precision (tests.test_kalshi.ReconstructionTests.test_sanitization_and_original_timestamp_precision) ... ok
test_shared_sid_sequence_across_markets_and_control (tests.test_kalshi.ReconstructionTests.test_shared_sid_sequence_across_markets_and_control) ... ok
test_signed_delta_and_level_removal (tests.test_kalshi.ReconstructionTests.test_signed_delta_and_level_removal) ... ok
test_signer_matches_rsa_pss_contract (tests.test_kalshi.ReconstructionTests.test_signer_matches_rsa_pss_contract) ... ok
test_timestamps_receipt_and_repeated_after_reconnect (tests.test_kalshi.ReconstructionTests.test_timestamps_receipt_and_repeated_after_reconnect) ... ok
test_uuid_and_malformed_frame_invalidate (tests.test_kalshi.ReconstructionTests.test_uuid_and_malformed_frame_invalidate) ... ok
test_cancel_pending_receive (tests.test_kalshi.TransportTests.test_cancel_pending_receive) ... ok
test_early_consumer_close (tests.test_kalshi.TransportTests.test_early_consumer_close) ... ok
test_finite_connection_failure_and_snapshot_timeout (tests.test_kalshi.TransportTests.test_finite_connection_failure_and_snapshot_timeout) ... ok
test_gap_recovery_and_cleanup (tests.test_kalshi.TransportTests.test_gap_recovery_and_cleanup) ... ok
test_quiet_book_stale_receipt_socket_connected (tests.test_kalshi.TransportTests.test_quiet_book_stale_receipt_socket_connected) ... ok
test_timed_reconnect_on_quiet_subscription (tests.test_kalshi.TransportTests.test_timed_reconnect_on_quiet_subscription) ... ok
test_omitted_real_delta_detects_gap_and_invalidates_both_markets (tests.test_kalshi_live_replay.LiveReplayTests.test_omitted_real_delta_detects_gap_and_invalidates_both_markets) ... ok
test_reused_sid_from_closed_connection_is_ignored (tests.test_kalshi_live_replay.LiveReplayTests.test_reused_sid_from_closed_connection_is_ignored) ... ok
test_two_generations_all_levels_and_source_time (tests.test_kalshi_live_replay.LiveReplayTests.test_two_generations_all_levels_and_source_time) ... ok
test_adapter_stream_and_early_close (tests.test_polymarket_us_stream.StreamTests.test_adapter_stream_and_early_close) ... ok
test_authenticated_transport_mock_only (tests.test_polymarket_us_stream.StreamTests.test_authenticated_transport_mock_only) ... ok
test_connection_failure_retries_within_bound (tests.test_polymarket_us_stream.StreamTests.test_connection_failure_retries_within_bound) ... ok
test_disconnect_resubscribe_replacement_and_bounds (tests.test_polymarket_us_stream.StreamTests.test_disconnect_resubscribe_replacement_and_bounds) ... ok
test_malformed_ambiguous_and_unknown (tests.test_polymarket_us_stream.StreamTests.test_malformed_ambiguous_and_unknown) ... ok
test_missing_sides_no_inherited_depth (tests.test_polymarket_us_stream.StreamTests.test_missing_sides_no_inherited_depth) ... ok
test_quiet_market_keeps_connection_and_pending_message (tests.test_polymarket_us_stream.StreamTests.test_quiet_market_keeps_connection_and_pending_message) ... ok
test_stale_heartbeat_and_cancellation (tests.test_polymarket_us_stream.StreamTests.test_stale_heartbeat_and_cancellation) ... ok
test_subscription_and_signing (tests.test_polymarket_us_stream.StreamTests.test_subscription_and_signing) ... ok
test_atomic_replacement_omission_quantity_zero_and_empty (tests.test_polymarket_us_stream.WindowContractTests.test_atomic_replacement_omission_quantity_zero_and_empty) ... ok
test_malformed_invalidates_atomically_and_new_subscription_recovers (tests.test_polymarket_us_stream.WindowContractTests.test_malformed_invalidates_atomically_and_new_subscription_recovers) ... ok
test_old_epoch_and_subscription_cannot_replace_recovered_image (tests.test_polymarket_us_stream.WindowContractTests.test_old_epoch_and_subscription_cannot_replace_recovered_image) ... ok
test_unmocked_discovery_to_grouped_sockets_and_manual_stop (tests.test_continuous.FullLocalTransport.test_unmocked_discovery_to_grouped_sockets_and_manual_stop)
Only endpoints/credentials are substituted; real D2 request path executes. ... Executing <Task pending name='Task-224' coro=<Discovery.venue() running at /Users/michaelfuscoletti/Desktop/prediction-arb/app/collection/continuous.py:288> wait_for=<Future pending cb=[Task.task_wakeup()] created at /opt/homebrew/Cellar/python@3.14/3.14.5/Frameworks/Python.framework/Versions/3.14/lib/python3.14/asyncio/base_events.py:459> cb=[gather.<locals>._done_callback() at /opt/homebrew/Cellar/python@3.14/3.14.5/Frameworks/Python.framework/Versions/3.14/lib/python3.14/asyncio/tasks.py:810] created at /opt/homebrew/Cellar/python@3.14/3.14.5/Frameworks/Python.framework/Versions/3.14/lib/python3.14/asyncio/tasks.py:732> took 0.121 seconds
Executing <Task finished name='Task-221' coro=<Venue.discover() done, defined at /Users/michaelfuscoletti/Desktop/prediction-arb/app/collection/continuous.py:412> result={'k0m': Market(raw=Ra...nical_id=None), 'k10m': Market(raw=Ra...nical_id=None), 'k11m': Market(raw=Ra...nical_id=None), 'k12m': Market(raw=Ra...nical_id=None), ...} created at /opt/homebrew/Cellar/python@3.14/3.14.5/Frameworks/Python.framework/Versions/3.14/lib/python3.14/asyncio/tasks.py:395> took 0.172 seconds
Executing <Task pending name='Task-322' coro=<Discovery.venue() running at /Users/michaelfuscoletti/Desktop/prediction-arb/app/collection/continuous.py:288> wait_for=<Future pending cb=[Task.task_wakeup()] created at /opt/homebrew/Cellar/python@3.14/3.14.5/Frameworks/Python.framework/Versions/3.14/lib/python3.14/asyncio/base_events.py:459> cb=[gather.<locals>._done_callback() at /opt/homebrew/Cellar/python@3.14/3.14.5/Frameworks/Python.framework/Versions/3.14/lib/python3.14/asyncio/tasks.py:810] created at /opt/homebrew/Cellar/python@3.14/3.14.5/Frameworks/Python.framework/Versions/3.14/lib/python3.14/asyncio/tasks.py:732> took 0.235 seconds
Executing <Task pending name='Task-322' coro=<Discovery.venue() running at /Users/michaelfuscoletti/Desktop/prediction-arb/app/collection/continuous.py:288> wait_for=<Future pending cb=[Task.task_wakeup()] created at /opt/homebrew/Cellar/python@3.14/3.14.5/Frameworks/Python.framework/Versions/3.14/lib/python3.14/asyncio/base_events.py:459> cb=[gather.<locals>._done_callback() at /opt/homebrew/Cellar/python@3.14/3.14.5/Frameworks/Python.framework/Versions/3.14/lib/python3.14/asyncio/tasks.py:810] created at /opt/homebrew/Cellar/python@3.14/3.14.5/Frameworks/Python.framework/Versions/3.14/lib/python3.14/asyncio/tasks.py:732> took 0.114 seconds
Executing <Task pending name='Task-322' coro=<Discovery.venue() running at /Users/michaelfuscoletti/Desktop/prediction-arb/app/collection/continuous.py:288> wait_for=<Future pending cb=[Task.task_wakeup()] created at /opt/homebrew/Cellar/python@3.14/3.14.5/Frameworks/Python.framework/Versions/3.14/lib/python3.14/asyncio/base_events.py:459> cb=[gather.<locals>._done_callback() at /opt/homebrew/Cellar/python@3.14/3.14.5/Frameworks/Python.framework/Versions/3.14/lib/python3.14/asyncio/tasks.py:810] created at /opt/homebrew/Cellar/python@3.14/3.14.5/Frameworks/Python.framework/Versions/3.14/lib/python3.14/asyncio/tasks.py:732> took 0.113 seconds
Executing <Task pending name='Task-322' coro=<Discovery.venue() running at /Users/michaelfuscoletti/Desktop/prediction-arb/app/collection/continuous.py:288> wait_for=<Future pending cb=[Task.task_wakeup()] created at /opt/homebrew/Cellar/python@3.14/3.14.5/Frameworks/Python.framework/Versions/3.14/lib/python3.14/asyncio/base_events.py:459> cb=[gather.<locals>._done_callback() at /opt/homebrew/Cellar/python@3.14/3.14.5/Frameworks/Python.framework/Versions/3.14/lib/python3.14/asyncio/tasks.py:810] created at /opt/homebrew/Cellar/python@3.14/3.14.5/Frameworks/Python.framework/Versions/3.14/lib/python3.14/asyncio/tasks.py:732> took 0.114 seconds
Executing <Task pending name='Task-322' coro=<Discovery.venue() running at /Users/michaelfuscoletti/Desktop/prediction-arb/app/collection/continuous.py:288> wait_for=<Future pending cb=[Task.task_wakeup()] created at /opt/homebrew/Cellar/python@3.14/3.14.5/Frameworks/Python.framework/Versions/3.14/lib/python3.14/asyncio/base_events.py:459> cb=[gather.<locals>._done_callback() at /opt/homebrew/Cellar/python@3.14/3.14.5/Frameworks/Python.framework/Versions/3.14/lib/python3.14/asyncio/tasks.py:810] created at /opt/homebrew/Cellar/python@3.14/3.14.5/Frameworks/Python.framework/Versions/3.14/lib/python3.14/asyncio/tasks.py:732> took 0.113 seconds
Executing <Task pending name='Task-322' coro=<Discovery.venue() running at /Users/michaelfuscoletti/Desktop/prediction-arb/app/collection/continuous.py:288> wait_for=<Future pending cb=[Task.task_wakeup()] created at /opt/homebrew/Cellar/python@3.14/3.14.5/Frameworks/Python.framework/Versions/3.14/lib/python3.14/asyncio/base_events.py:459> cb=[gather.<locals>._done_callback() at /opt/homebrew/Cellar/python@3.14/3.14.5/Frameworks/Python.framework/Versions/3.14/lib/python3.14/asyncio/tasks.py:810] created at /opt/homebrew/Cellar/python@3.14/3.14.5/Frameworks/Python.framework/Versions/3.14/lib/python3.14/asyncio/tasks.py:732> took 0.114 seconds
Executing <Task pending name='Task-322' coro=<Discovery.venue() running at /Users/michaelfuscoletti/Desktop/prediction-arb/app/collection/continuous.py:288> wait_for=<Future pending cb=[Task.task_wakeup()] created at /opt/homebrew/Cellar/python@3.14/3.14.5/Frameworks/Python.framework/Versions/3.14/lib/python3.14/asyncio/base_events.py:459> cb=[gather.<locals>._done_callback() at /opt/homebrew/Cellar/python@3.14/3.14.5/Frameworks/Python.framework/Versions/3.14/lib/python3.14/asyncio/tasks.py:810] created at /opt/homebrew/Cellar/python@3.14/3.14.5/Frameworks/Python.framework/Versions/3.14/lib/python3.14/asyncio/tasks.py:732> took 0.112 seconds
Executing <Task pending name='Task-322' coro=<Discovery.venue() running at /Users/michaelfuscoletti/Desktop/prediction-arb/app/collection/continuous.py:288> wait_for=<Future pending cb=[Task.task_wakeup()] created at /opt/homebrew/Cellar/python@3.14/3.14.5/Frameworks/Python.framework/Versions/3.14/lib/python3.14/asyncio/base_events.py:459> cb=[gather.<locals>._done_callback() at /opt/homebrew/Cellar/python@3.14/3.14.5/Frameworks/Python.framework/Versions/3.14/lib/python3.14/asyncio/tasks.py:810] created at /opt/homebrew/Cellar/python@3.14/3.14.5/Frameworks/Python.framework/Versions/3.14/lib/python3.14/asyncio/tasks.py:732> took 0.114 seconds
Executing <Task pending name='Task-322' coro=<Discovery.venue() running at /Users/michaelfuscoletti/Desktop/prediction-arb/app/collection/continuous.py:288> wait_for=<Future pending cb=[Task.task_wakeup()] created at /opt/homebrew/Cellar/python@3.14/3.14.5/Frameworks/Python.framework/Versions/3.14/lib/python3.14/asyncio/base_events.py:459> cb=[gather.<locals>._done_callback() at /opt/homebrew/Cellar/python@3.14/3.14.5/Frameworks/Python.framework/Versions/3.14/lib/python3.14/asyncio/tasks.py:810] created at /opt/homebrew/Cellar/python@3.14/3.14.5/Frameworks/Python.framework/Versions/3.14/lib/python3.14/asyncio/tasks.py:732> took 0.113 seconds
Executing <Task pending name='Task-322' coro=<Discovery.venue() running at /Users/michaelfuscoletti/Desktop/prediction-arb/app/collection/continuous.py:288> wait_for=<Future pending cb=[Task.task_wakeup()] created at /opt/homebrew/Cellar/python@3.14/3.14.5/Frameworks/Python.framework/Versions/3.14/lib/python3.14/asyncio/base_events.py:459> cb=[gather.<locals>._done_callback() at /opt/homebrew/Cellar/python@3.14/3.14.5/Frameworks/Python.framework/Versions/3.14/lib/python3.14/asyncio/tasks.py:810] created at /opt/homebrew/Cellar/python@3.14/3.14.5/Frameworks/Python.framework/Versions/3.14/lib/python3.14/asyncio/tasks.py:732> took 0.126 seconds
Executing <Task pending name='Task-322' coro=<Discovery.venue() running at /Users/michaelfuscoletti/Desktop/prediction-arb/app/collection/continuous.py:288> wait_for=<Future pending cb=[Task.task_wakeup()] created at /opt/homebrew/Cellar/python@3.14/3.14.5/Frameworks/Python.framework/Versions/3.14/lib/python3.14/asyncio/base_events.py:459> cb=[gather.<locals>._done_callback() at /opt/homebrew/Cellar/python@3.14/3.14.5/Frameworks/Python.framework/Versions/3.14/lib/python3.14/asyncio/tasks.py:810] created at /opt/homebrew/Cellar/python@3.14/3.14.5/Frameworks/Python.framework/Versions/3.14/lib/python3.14/asyncio/tasks.py:732> took 0.115 seconds
Executing <Task pending name='Task-322' coro=<Discovery.venue() running at /Users/michaelfuscoletti/Desktop/prediction-arb/app/collection/continuous.py:288> wait_for=<Future pending cb=[Task.task_wakeup()] created at /opt/homebrew/Cellar/python@3.14/3.14.5/Frameworks/Python.framework/Versions/3.14/lib/python3.14/asyncio/base_events.py:459> cb=[gather.<locals>._done_callback() at /opt/homebrew/Cellar/python@3.14/3.14.5/Frameworks/Python.framework/Versions/3.14/lib/python3.14/asyncio/tasks.py:810] created at /opt/homebrew/Cellar/python@3.14/3.14.5/Frameworks/Python.framework/Versions/3.14/lib/python3.14/asyncio/tasks.py:732> took 0.125 seconds
Executing <Task pending name='Task-322' coro=<Discovery.venue() running at /Users/michaelfuscoletti/Desktop/prediction-arb/app/collection/continuous.py:288> wait_for=<Future pending cb=[Task.task_wakeup()] created at /opt/homebrew/Cellar/python@3.14/3.14.5/Frameworks/Python.framework/Versions/3.14/lib/python3.14/asyncio/base_events.py:459> cb=[gather.<locals>._done_callback() at /opt/homebrew/Cellar/python@3.14/3.14.5/Frameworks/Python.framework/Versions/3.14/lib/python3.14/asyncio/tasks.py:810] created at /opt/homebrew/Cellar/python@3.14/3.14.5/Frameworks/Python.framework/Versions/3.14/lib/python3.14/asyncio/tasks.py:732> took 0.115 seconds
Executing <Task pending name='Task-322' coro=<Discovery.venue() running at /Users/michaelfuscoletti/Desktop/prediction-arb/app/collection/continuous.py:288> wait_for=<Future pending cb=[Task.task_wakeup()] created at /opt/homebrew/Cellar/python@3.14/3.14.5/Frameworks/Python.framework/Versions/3.14/lib/python3.14/asyncio/base_events.py:459> cb=[gather.<locals>._done_callback() at /opt/homebrew/Cellar/python@3.14/3.14.5/Frameworks/Python.framework/Versions/3.14/lib/python3.14/asyncio/tasks.py:810] created at /opt/homebrew/Cellar/python@3.14/3.14.5/Frameworks/Python.framework/Versions/3.14/lib/python3.14/asyncio/tasks.py:732> took 0.115 seconds
Executing <Task pending name='Task-322' coro=<Discovery.venue() running at /Users/michaelfuscoletti/Desktop/prediction-arb/app/collection/continuous.py:288> wait_for=<Future pending cb=[Task.task_wakeup()] created at /opt/homebrew/Cellar/python@3.14/3.14.5/Frameworks/Python.framework/Versions/3.14/lib/python3.14/asyncio/base_events.py:459> cb=[gather.<locals>._done_callback() at /opt/homebrew/Cellar/python@3.14/3.14.5/Frameworks/Python.framework/Versions/3.14/lib/python3.14/asyncio/tasks.py:810] created at /opt/homebrew/Cellar/python@3.14/3.14.5/Frameworks/Python.framework/Versions/3.14/lib/python3.14/asyncio/tasks.py:732> took 0.123 seconds
Executing <Task pending name='Task-322' coro=<Discovery.venue() running at /Users/michaelfuscoletti/Desktop/prediction-arb/app/collection/continuous.py:288> wait_for=<Future pending cb=[Task.task_wakeup()] created at /opt/homebrew/Cellar/python@3.14/3.14.5/Frameworks/Python.framework/Versions/3.14/lib/python3.14/asyncio/base_events.py:459> cb=[gather.<locals>._done_callback() at /opt/homebrew/Cellar/python@3.14/3.14.5/Frameworks/Python.framework/Versions/3.14/lib/python3.14/asyncio/tasks.py:810] created at /opt/homebrew/Cellar/python@3.14/3.14.5/Frameworks/Python.framework/Versions/3.14/lib/python3.14/asyncio/tasks.py:732> took 0.115 seconds
Executing <Task pending name='Task-322' coro=<Discovery.venue() running at /Users/michaelfuscoletti/Desktop/prediction-arb/app/collection/continuous.py:288> wait_for=<Future pending cb=[Task.task_wakeup()] created at /opt/homebrew/Cellar/python@3.14/3.14.5/Frameworks/Python.framework/Versions/3.14/lib/python3.14/asyncio/base_events.py:459> cb=[gather.<locals>._done_callback() at /opt/homebrew/Cellar/python@3.14/3.14.5/Frameworks/Python.framework/Versions/3.14/lib/python3.14/asyncio/tasks.py:810] created at /opt/homebrew/Cellar/python@3.14/3.14.5/Frameworks/Python.framework/Versions/3.14/lib/python3.14/asyncio/tasks.py:732> took 0.115 seconds
Executing <Task pending name='Task-322' coro=<Discovery.venue() running at /Users/michaelfuscoletti/Desktop/prediction-arb/app/collection/continuous.py:288> wait_for=<Future pending cb=[Task.task_wakeup()] created at /opt/homebrew/Cellar/python@3.14/3.14.5/Frameworks/Python.framework/Versions/3.14/lib/python3.14/asyncio/base_events.py:459> cb=[gather.<locals>._done_callback() at /opt/homebrew/Cellar/python@3.14/3.14.5/Frameworks/Python.framework/Versions/3.14/lib/python3.14/asyncio/tasks.py:810] created at /opt/homebrew/Cellar/python@3.14/3.14.5/Frameworks/Python.framework/Versions/3.14/lib/python3.14/asyncio/tasks.py:732> took 0.124 seconds
Executing <Task pending name='Task-322' coro=<Discovery.venue() running at /Users/michaelfuscoletti/Desktop/prediction-arb/app/collection/continuous.py:288> wait_for=<Future pending cb=[Task.task_wakeup()] created at /opt/homebrew/Cellar/python@3.14/3.14.5/Frameworks/Python.framework/Versions/3.14/lib/python3.14/asyncio/base_events.py:459> cb=[gather.<locals>._done_callback() at /opt/homebrew/Cellar/python@3.14/3.14.5/Frameworks/Python.framework/Versions/3.14/lib/python3.14/asyncio/tasks.py:810] created at /opt/homebrew/Cellar/python@3.14/3.14.5/Frameworks/Python.framework/Versions/3.14/lib/python3.14/asyncio/tasks.py:732> took 0.116 seconds
Executing <Task pending name='Task-322' coro=<Discovery.venue() running at /Users/michaelfuscoletti/Desktop/prediction-arb/app/collection/continuous.py:288> wait_for=<Future pending cb=[Task.task_wakeup()] created at /opt/homebrew/Cellar/python@3.14/3.14.5/Frameworks/Python.framework/Versions/3.14/lib/python3.14/asyncio/base_events.py:459> cb=[gather.<locals>._done_callback() at /opt/homebrew/Cellar/python@3.14/3.14.5/Frameworks/Python.framework/Versions/3.14/lib/python3.14/asyncio/tasks.py:810] created at /opt/homebrew/Cellar/python@3.14/3.14.5/Frameworks/Python.framework/Versions/3.14/lib/python3.14/asyncio/tasks.py:732> took 0.125 seconds
Executing <Task pending name='Task-322' coro=<Discovery.venue() running at /Users/michaelfuscoletti/Desktop/prediction-arb/app/collection/continuous.py:288> wait_for=<Future pending cb=[Task.task_wakeup()] created at /opt/homebrew/Cellar/python@3.14/3.14.5/Frameworks/Python.framework/Versions/3.14/lib/python3.14/asyncio/base_events.py:459> cb=[gather.<locals>._done_callback() at /opt/homebrew/Cellar/python@3.14/3.14.5/Frameworks/Python.framework/Versions/3.14/lib/python3.14/asyncio/tasks.py:810] created at /opt/homebrew/Cellar/python@3.14/3.14.5/Frameworks/Python.framework/Versions/3.14/lib/python3.14/asyncio/tasks.py:732> took 0.116 seconds
Executing <Task pending name='Task-322' coro=<Discovery.venue() running at /Users/michaelfuscoletti/Desktop/prediction-arb/app/collection/continuous.py:288> wait_for=<Future pending cb=[Task.task_wakeup()] created at /opt/homebrew/Cellar/python@3.14/3.14.5/Frameworks/Python.framework/Versions/3.14/lib/python3.14/asyncio/base_events.py:459> cb=[gather.<locals>._done_callback() at /opt/homebrew/Cellar/python@3.14/3.14.5/Frameworks/Python.framework/Versions/3.14/lib/python3.14/asyncio/tasks.py:810] created at /opt/homebrew/Cellar/python@3.14/3.14.5/Frameworks/Python.framework/Versions/3.14/lib/python3.14/asyncio/tasks.py:732> took 0.113 seconds
Executing <Task pending name='Task-322' coro=<Discovery.venue() running at /Users/michaelfuscoletti/Desktop/prediction-arb/app/collection/continuous.py:288> wait_for=<Future pending cb=[Task.task_wakeup()] created at /opt/homebrew/Cellar/python@3.14/3.14.5/Frameworks/Python.framework/Versions/3.14/lib/python3.14/asyncio/base_events.py:459> cb=[gather.<locals>._done_callback() at /opt/homebrew/Cellar/python@3.14/3.14.5/Frameworks/Python.framework/Versions/3.14/lib/python3.14/asyncio/tasks.py:810] created at /opt/homebrew/Cellar/python@3.14/3.14.5/Frameworks/Python.framework/Versions/3.14/lib/python3.14/asyncio/tasks.py:732> took 0.127 seconds
Executing <Task pending name='Task-322' coro=<Discovery.venue() running at /Users/michaelfuscoletti/Desktop/prediction-arb/app/collection/continuous.py:288> wait_for=<Future pending cb=[Task.task_wakeup()] created at /opt/homebrew/Cellar/python@3.14/3.14.5/Frameworks/Python.framework/Versions/3.14/lib/python3.14/asyncio/base_events.py:459> cb=[gather.<locals>._done_callback() at /opt/homebrew/Cellar/python@3.14/3.14.5/Frameworks/Python.framework/Versions/3.14/lib/python3.14/asyncio/tasks.py:810] created at /opt/homebrew/Cellar/python@3.14/3.14.5/Frameworks/Python.framework/Versions/3.14/lib/python3.14/asyncio/tasks.py:732> took 0.116 seconds
Executing <Task finished name='Task-322' coro=<Discovery.venue() done, defined at /Users/michaelfuscoletti/Desktop/prediction-arb/app/collection/continuous.py:261> result=None created at /opt/homebrew/Cellar/python@3.14/3.14.5/Frameworks/Python.framework/Versions/3.14/lib/python3.14/asyncio/tasks.py:732> took 0.112 seconds
Executing <Task pending name='Task-217' coro=<FullLocalTransport.test_unmocked_discovery_to_grouped_sockets_and_manual_stop() running at /Users/michaelfuscoletti/Desktop/prediction-arb/tests/test_continuous.py:269> wait_for=<Task pending name='Task-218' coro=<ContinuousSession.run() running at /Users/michaelfuscoletti/Desktop/prediction-arb/app/collection/continuous.py:720> wait_for=<Future finished result=True created at /opt/homebrew/Cellar/python@3.14/3.14.5/Frameworks/Python.framework/Versions/3.14/lib/python3.14/asyncio/base_events.py:459> cb=[Task.task_wakeup()] created at /opt/homebrew/Cellar/python@3.14/3.14.5/Frameworks/Python.framework/Versions/3.14/lib/python3.14/asyncio/tasks.py:395> cb=[_run_until_complete_cb() at /opt/homebrew/Cellar/python@3.14/3.14.5/Frameworks/Python.framework/Versions/3.14/lib/python3.14/asyncio/base_events.py:181] created at /opt/homebrew/Cellar/python@3.14/3.14.5/Frameworks/Python.framework/Versions/3.14/lib/python3.14/asyncio/runners.py:109> took 0.183 seconds
ok
test_acknowledgement_and_disconnect_are_distinct (tests.test_continuous.Inventory.test_acknowledgement_and_disconnect_are_distinct) ... ok
test_connection_and_ingress_resource_stop (tests.test_continuous.Inventory.test_connection_and_ingress_resource_stop) ... ok
test_grouped_saved_native_replay_preserves_exact_packets (tests.test_continuous.Inventory.test_grouped_saved_native_replay_preserves_exact_packets) ... ok
test_independent_market_pages_and_missing_gameid (tests.test_continuous.Inventory.test_independent_market_pages_and_missing_gameid) ... ok
test_retry_preserves_failed_attempt_and_completes_position (tests.test_continuous.Inventory.test_retry_preserves_failed_attempt_and_completes_position) ... ok
test_unmatched_priority_cap_and_exact_margin (tests.test_continuous.Inventory.test_unmatched_priority_cap_and_exact_margin) ... ok
test_browser_client_close_manual_stop_idle_restart_and_single_owner (tests.test_continuous.Lifecycle.test_browser_client_close_manual_stop_idle_restart_and_single_owner) ... ok
test_journal_reserved_stop_preserves_terminal (tests.test_continuous.Lifecycle.test_journal_reserved_stop_preserves_terminal) ... ok
test_refresh_new_departed_closed_rescheduled_and_cutoff (tests.test_continuous.Lifecycle.test_refresh_new_departed_closed_rescheduled_and_cutoff) ... ok
test_retry_rate_and_request_ceiling (tests.test_continuous.Lifecycle.test_retry_rate_and_request_ceiling) ... ok
test_single_refresh_and_complete_market_queries_before_selection (tests.test_continuous.Lifecycle.test_single_refresh_and_complete_market_queries_before_selection) ... ok
test_cap_rejected_response_is_not_durable_inventory (tests.test_d2_repair.Repair.test_cap_rejected_response_is_not_durable_inventory) ... ok
test_durable_receipt_survives_queue_failure (tests.test_d2_repair.Repair.test_durable_receipt_survives_queue_failure) ... ok
test_interrupted_third_generation_preserves_second (tests.test_d2_repair.Repair.test_interrupted_third_generation_preserves_second) ... Executing <Task pending name='Task-435' coro=<Repair.test_interrupted_third_generation_preserves_second() running at /Users/michaelfuscoletti/Desktop/prediction-arb/tests/test_d2_repair.py:65> wait_for=<_GatheringFuture pending cb=[Task.task_wakeup()] created at /opt/homebrew/Cellar/python@3.14/3.14.5/Frameworks/Python.framework/Versions/3.14/lib/python3.14/asyncio/tasks.py:749> cb=[_run_until_complete_cb() at /opt/homebrew/Cellar/python@3.14/3.14.5/Frameworks/Python.framework/Versions/3.14/lib/python3.14/asyncio/base_events.py:181] created at /opt/homebrew/Cellar/python@3.14/3.14.5/Frameworks/Python.framework/Versions/3.14/lib/python3.14/asyncio/runners.py:109> took 0.474 seconds
Executing <Task pending name='Task-435' coro=<Repair.test_interrupted_third_generation_preserves_second() running at /Users/michaelfuscoletti/Desktop/prediction-arb/tests/test_d2_repair.py:67> wait_for=<_GatheringFuture pending cb=[Task.task_wakeup()] created at /opt/homebrew/Cellar/python@3.14/3.14.5/Frameworks/Python.framework/Versions/3.14/lib/python3.14/asyncio/tasks.py:749> cb=[_run_until_complete_cb() at /opt/homebrew/Cellar/python@3.14/3.14.5/Frameworks/Python.framework/Versions/3.14/lib/python3.14/asyncio/base_events.py:181] created at /opt/homebrew/Cellar/python@3.14/3.14.5/Frameworks/Python.framework/Versions/3.14/lib/python3.14/asyncio/runners.py:109> took 0.480 seconds
Executing <Task finished name='Task-435' coro=<Repair.test_interrupted_third_generation_preserves_second() done, defined at /Users/michaelfuscoletti/Desktop/prediction-arb/tests/test_d2_repair.py:57> result=None created at /opt/homebrew/Cellar/python@3.14/3.14.5/Frameworks/Python.framework/Versions/3.14/lib/python3.14/asyncio/runners.py:109> took 0.393 seconds
ok
test_missing_terms_identity_sides_and_slug_conflict (tests.test_d2_repair.Repair.test_missing_terms_identity_sides_and_slug_conflict) ... ok
test_partial_closure_and_kickoff_invalidate_old_books (tests.test_d2_repair.Repair.test_partial_closure_and_kickoff_invalidate_old_books) ... ok
test_publication_rejection_and_cancellation (tests.test_d2_repair.Repair.test_publication_rejection_and_cancellation) ... Executing <Task pending name='Task-454' coro=<Repair.test_publication_rejection_and_cancellation() running at /Users/michaelfuscoletti/Desktop/prediction-arb/tests/test_d2_repair.py:99> wait_for=<_GatheringFuture pending cb=[Task.task_wakeup()] created at /opt/homebrew/Cellar/python@3.14/3.14.5/Frameworks/Python.framework/Versions/3.14/lib/python3.14/asyncio/tasks.py:749> cb=[_run_until_complete_cb() at /opt/homebrew/Cellar/python@3.14/3.14.5/Frameworks/Python.framework/Versions/3.14/lib/python3.14/asyncio/base_events.py:181] created at /opt/homebrew/Cellar/python@3.14/3.14.5/Frameworks/Python.framework/Versions/3.14/lib/python3.14/asyncio/runners.py:109> took 0.479 seconds
Executing <Task pending name='Task-454' coro=<Repair.test_publication_rejection_and_cancellation() running at /Users/michaelfuscoletti/Desktop/prediction-arb/tests/test_d2_repair.py:103> wait_for=<_GatheringFuture pending cb=[Task.task_wakeup()] created at /opt/homebrew/Cellar/python@3.14/3.14.5/Frameworks/Python.framework/Versions/3.14/lib/python3.14/asyncio/tasks.py:749> cb=[_run_until_complete_cb() at /opt/homebrew/Cellar/python@3.14/3.14.5/Frameworks/Python.framework/Versions/3.14/lib/python3.14/asyncio/base_events.py:181] created at /opt/homebrew/Cellar/python@3.14/3.14.5/Frameworks/Python.framework/Versions/3.14/lib/python3.14/asyncio/runners.py:109> took 0.948 seconds
ok
test_saved_contradiction_and_embedded_eligibility (tests.test_d2_repair.Repair.test_saved_contradiction_and_embedded_eligibility) ... ok
test_saved_exact_native_replay (tests.test_d2_repair.Repair.test_saved_exact_native_replay) ... ok
test_busy_refresh_active_stop_exact_incremental_finalization (tests.test_segmented_collector.Integration.test_busy_refresh_active_stop_exact_incremental_finalization) ... Executing <Task finished name='Task-475' coro=<CoverageOwner.finish() done, defined at /Users/michaelfuscoletti/Desktop/prediction-arb/app/dashboard/coverage_owner.py:133> result=None created at /opt/homebrew/Cellar/python@3.14/3.14.5/Frameworks/Python.framework/Versions/3.14/lib/python3.14/asyncio/tasks.py:395> took 2.726 seconds
Executing <Task pending name='Task-473' coro=<Integration.test_busy_refresh_active_stop_exact_incremental_finalization() running at /Users/michaelfuscoletti/Desktop/prediction-arb/tests/test_segmented_collector.py:48> cb=[_run_until_complete_cb() at /opt/homebrew/Cellar/python@3.14/3.14.5/Frameworks/Python.framework/Versions/3.14/lib/python3.14/asyncio/base_events.py:181] created at /opt/homebrew/Cellar/python@3.14/3.14.5/Frameworks/Python.framework/Versions/3.14/lib/python3.14/asyncio/runners.py:109> took 0.351 seconds
ok
test_final_manifest_failure_is_not_successful_stop (tests.test_segmented_collector.Integration.test_final_manifest_failure_is_not_successful_stop) ... ok
test_isolation_rejects_real_spec_credentials_and_destinations (tests.test_segmented_collector.Integration.test_isolation_rejects_real_spec_credentials_and_destinations) ... ok
test_local_redirects_never_contact_external_hosts (tests.test_segmented_collector.Integration.test_local_redirects_never_contact_external_hosts) ... discovery failed (ValueError); frames=transport_session.py:352:run > continuous.py:413:discover > continuous.py:340:discover
ok
test_queue_rejection_keeps_durable_native_frames (tests.test_segmented_collector.Integration.test_queue_rejection_keeps_durable_native_frames) ... ok
test_refresh_rotates_publication_and_new_market_waits_for_image (tests.test_segmented_collector.Integration.test_refresh_rotates_publication_and_new_market_waits_for_image) ... Executing <Task finished name='Task-1431' coro=<CoverageOwner.finish() done, defined at /Users/michaelfuscoletti/Desktop/prediction-arb/app/dashboard/coverage_owner.py:133> result=None created at /opt/homebrew/Cellar/python@3.14/3.14.5/Frameworks/Python.framework/Versions/3.14/lib/python3.14/asyncio/tasks.py:395> took 1.307 seconds
ok
test_resource_stop_before_intended_stop_is_not_operator_success (tests.test_segmented_collector.Integration.test_resource_stop_before_intended_stop_is_not_operator_success) ... Executing <Task finished name='Task-1830' coro=<CoverageOwner.finish() done, defined at /Users/michaelfuscoletti/Desktop/prediction-arb/app/dashboard/coverage_owner.py:133> result=None created at /opt/homebrew/Cellar/python@3.14/3.14.5/Frameworks/Python.framework/Versions/3.14/lib/python3.14/asyncio/tasks.py:395> took 5.381 seconds
ok
test_rotation_io_failure_preserves_interrupted_history_without_terminal (tests.test_segmented_collector.Integration.test_rotation_io_failure_preserves_interrupted_history_without_terminal) ... ok
test_startup_budget_failure_releases_history_and_consumes_attempt (tests.test_segmented_collector.Integration.test_startup_budget_failure_releases_history_and_consumes_attempt) ... ok
test_stop_during_new_group_metadata_does_not_start_or_apply_it (tests.test_segmented_collector.Integration.test_stop_during_new_group_metadata_does_not_start_or_apply_it) ... ok
test_stop_requested_at_rotation_keeps_durable_catalog_coherent (tests.test_segmented_collector.Integration.test_stop_requested_at_rotation_keeps_durable_catalog_coherent) ... Executing <Task finished name='Task-3672' coro=<CoverageOwner.finish() done, defined at /Users/michaelfuscoletti/Desktop/prediction-arb/app/dashboard/coverage_owner.py:133> result=None created at /opt/homebrew/Cellar/python@3.14/3.14.5/Frameworks/Python.framework/Versions/3.14/lib/python3.14/asyncio/tasks.py:395> took 1.280 seconds
ok
test_stop_with_pending_work_drains_before_terminal (tests.test_segmented_collector.Integration.test_stop_with_pending_work_drains_before_terminal) ... ok
test_accounting_temporaries_released_without_cyclic_gc (tests.test_supervised.Bounds.test_accounting_temporaries_released_without_cyclic_gc) ... ok
test_exact_identity_duplicate_across_chunks (tests.test_supervised.Bounds.test_exact_identity_duplicate_across_chunks) ... ok
test_new_history_and_rate_boundaries (tests.test_supervised.Bounds.test_new_history_and_rate_boundaries) ... ok
test_policy_opt_in_and_legacy_defaults (tests.test_supervised.Bounds.test_policy_opt_in_and_legacy_defaults) ... ok
test_samples_and_disk_reserve (tests.test_supervised.Bounds.test_samples_and_disk_reserve) ... ok
test_segment_rotation_preserves_session_budget (tests.test_supervised.Bounds.test_segment_rotation_preserves_session_budget) ... ok
test_original_exact_with_bounded_native_state (tests.test_supervised.Retained.test_original_exact_with_bounded_native_state) ... ok
test_endpoint_and_credential_boundary (tests.test_supervised_live.Boundary.test_endpoint_and_credential_boundary) ... ok
test_explicit_selection_and_real_journal (tests.test_supervised_live.Boundary.test_explicit_selection_and_real_journal) ... ok
test_mock_cannot_receive_live_destinations_or_credentials (tests.test_supervised_live.Boundary.test_mock_cannot_receive_live_destinations_or_credentials) ... ok
test_consumed_attempt_and_start_validation (tests.test_supervised_live.Controls.test_consumed_attempt_and_start_validation) ... ok
test_explicit_stop_closes_intake_synchronously (tests.test_supervised_live.Controls.test_explicit_stop_closes_intake_synchronously) ... ok
test_shared_owner_lock_precedes_credentials_and_attempt (tests.test_supervised_live.Controls.test_shared_owner_lock_precedes_credentials_and_attempt) ... ok
test_timing_retry_stop_deadline (tests.test_supervised_pacing.Pacing.test_timing_retry_stop_deadline) ... ok
test_control_report_after_stop_drain_refresh_and_exact_replay (tests.test_finalization_resources.Lifecycle.test_control_report_after_stop_drain_refresh_and_exact_replay) ... ok
test_cumulative_write_limit_prevents_report_write (tests.test_finalization_resources.Receipt.test_cumulative_write_limit_prevents_report_write) ... ok
test_deadline_and_post_write_memory_failure_retained (tests.test_finalization_resources.Receipt.test_deadline_and_post_write_memory_failure_retained) ... ok
test_report_write_failure_does_not_publish_success_receipt (tests.test_finalization_resources.Receipt.test_report_write_failure_does_not_publish_success_receipt) ... ok
test_saved_sized_report_independent_writes_and_post_write_sample (tests.test_finalization_resources.Receipt.test_saved_sized_report_independent_writes_and_post_write_sample) ... ok
test_depth_boundary_and_capping (tests.test_math_reconciliation.BoundaryTests.test_depth_boundary_and_capping) ... ok
test_grouped_fees_and_rounding_refund (tests.test_math_reconciliation.BoundaryTests.test_grouped_fees_and_rounding_refund) ... ok
test_rank_preserves_digits_beyond_ambient_decimal_precision (tests.test_math_reconciliation.ExactRankingTests.test_rank_preserves_digits_beyond_ambient_decimal_precision) ... ok
test_all_saved_candidates_and_ev (tests.test_math_reconciliation.ReconciliationTests.test_all_saved_candidates_and_ev) ... ok
test_ambiguous_overrides (tests.test_fees.FeeTests.test_ambiguous_overrides) ... ok
test_bad_inputs (tests.test_fees.FeeTests.test_bad_inputs) ... ok
test_chronology_and_scope (tests.test_fees.FeeTests.test_chronology_and_scope) ... ok
test_decimal_context_independent (tests.test_fees.FeeTests.test_decimal_context_independent) ... ok
test_duplicate_and_incomplete_history (tests.test_fees.FeeTests.test_duplicate_and_incomplete_history) ... ok
test_flat_unknown_and_wrong_scope (tests.test_fees.FeeTests.test_flat_unknown_and_wrong_scope) ... ok
test_floats_and_nonfinite (tests.test_fees.FeeTests.test_floats_and_nonfinite) ... ok
test_input_mutation_and_sell (tests.test_fees.FeeTests.test_input_mutation_and_sell) ... ok
test_kalshi_accumulator_mixed_roles_and_cap (tests.test_fees.FeeTests.test_kalshi_accumulator_mixed_roles_and_cap) ... ok
test_kalshi_change_inside_order (tests.test_fees.FeeTests.test_kalshi_change_inside_order) ... ok
test_kalshi_official_fractional_example (tests.test_fees.FeeTests.test_kalshi_official_fractional_example) ... ok
test_kalshi_precision (tests.test_fees.FeeTests.test_kalshi_precision) ... ok
test_kalshi_roles (tests.test_fees.FeeTests.test_kalshi_roles) ... ok
test_native_change_scope (tests.test_fees.FeeTests.test_native_change_scope) ... ok
test_no_assumed_volume_rebate (tests.test_fees.FeeTests.test_no_assumed_volume_rebate) ... ok
test_novig_credit_separate (tests.test_fees.FeeTests.test_novig_credit_separate) ... ok
test_novig_futures_and_exemptions (tests.test_fees.FeeTests.test_novig_futures_and_exemptions) ... ok
test_novig_parlay_api_restriction (tests.test_fees.FeeTests.test_novig_parlay_api_restriction) ... ok
test_novig_unit_and_minimum (tests.test_fees.FeeTests.test_novig_unit_and_minimum) ... ok
test_official_and_paired_examples (tests.test_fees.FeeTests.test_official_and_paired_examples) ... ok
test_overrides_independent_null_clearing (tests.test_fees.FeeTests.test_overrides_independent_null_clearing) ... ok
test_pmus_cumulative_can_only_reduce (tests.test_fees.FeeTests.test_pmus_cumulative_can_only_reduce) ... ok
test_pmus_fractional_unsupported (tests.test_fees.FeeTests.test_pmus_fractional_unsupported) ... ok
test_pmus_maker_per_fill (tests.test_fees.FeeTests.test_pmus_maker_per_fill) ... ok
test_prophetx_marginal_rebate_not_top_tier (tests.test_fees.FeeTests.test_prophetx_marginal_rebate_not_top_tier) ... ok
test_prophetx_market_netting (tests.test_fees.FeeTests.test_prophetx_market_netting) ... ok
test_prophetx_native_forbidden (tests.test_fees.FeeTests.test_prophetx_native_forbidden) ... ok
test_replay_independent_future_registry (tests.test_fees.FeeTests.test_replay_independent_future_registry) ... ok
test_round_half_even (tests.test_fees.FeeTests.test_round_half_even) ... ok
test_schedule_boundaries_and_overlap (tests.test_fees.FeeTests.test_schedule_boundaries_and_overlap) ... ok
test_timezone (tests.test_fees.FeeTests.test_timezone) ... ok
test_unknown_effective_requires_pin (tests.test_fees.FeeTests.test_unknown_effective_requires_pin) ... ok
test_unknown_schedule_cannot_silently_select_known (tests.test_fees.FeeTests.test_unknown_schedule_cannot_silently_select_known) ... ok
test_unknown_settlement_not_zero (tests.test_fees.FeeTests.test_unknown_settlement_not_zero) ... ok
test_adapter_kalshi_all_levels_and_pmus_no_short (tests.test_depth.DepthTests.test_adapter_kalshi_all_levels_and_pmus_no_short) ... ok
test_all_exceptional_losses_prevent_recommendation (tests.test_depth.DepthTests.test_all_exceptional_losses_prevent_recommendation) ... ok
test_budget_exhaustion_and_exact_boundary (tests.test_depth.DepthTests.test_budget_exhaustion_and_exact_boundary) ... ok
test_cash_limit_inclusive_and_thresholds (tests.test_depth.DepthTests.test_cash_limit_inclusive_and_thresholds) ... ok
test_curve_truncation_is_disclosed (tests.test_depth.DepthTests.test_curve_truncation_is_disclosed) ... ok
test_different_objectives_and_deeper_loss (tests.test_depth.DepthTests.test_different_objectives_and_deeper_loss) ... ok
test_duplicate_and_conflicting_observations (tests.test_depth.DepthTests.test_duplicate_and_conflicting_observations) ... ok
test_fractional_grid_final (tests.test_depth.DepthTests.test_fractional_grid_final) ... ok
test_grouped_multilevel_pm_fees (tests.test_depth.DepthTests.test_grouped_multilevel_pm_fees) ... ok
test_huge_domain_is_bounded (tests.test_depth.DepthTests.test_huge_domain_is_bounded) ... ok
test_identity_mismatch_fee_context (tests.test_depth.DepthTests.test_identity_mismatch_fee_context) ... ok
test_independent_objective_oracle_with_constraints (tests.test_depth.DepthTests.test_independent_objective_oracle_with_constraints) ... ok
test_independent_small_grid_oracle (tests.test_depth.DepthTests.test_independent_small_grid_oracle) ... ok
test_losing_and_zero_alternative (tests.test_depth.DepthTests.test_losing_and_zero_alternative) ... ok
test_minimum_and_increment (tests.test_depth.DepthTests.test_minimum_and_increment) ... ok
test_no_common_positive_grid (tests.test_depth.DepthTests.test_no_common_positive_grid) ... ok
test_partial_not_permitted (tests.test_depth.DepthTests.test_partial_not_permitted) ... ok
test_precision_isolation_and_determinism (tests.test_depth.DepthTests.test_precision_isolation_and_determinism) ... ok
test_propagate_existing_eligibility (tests.test_depth.DepthTests.test_propagate_existing_eligibility) ... ok
test_qualified_branch_test_only_fee_stub (tests.test_depth.DepthTests.test_qualified_branch_test_only_fee_stub) ... ok
test_refund_is_exact_acquisition_cost (tests.test_depth.DepthTests.test_refund_is_exact_acquisition_cost) ... ok
test_reject_ambiguous_levels (tests.test_depth.DepthTests.test_reject_ambiguous_levels) ... ok
test_rounding_nonmonotonic_roi (tests.test_depth.DepthTests.test_rounding_nonmonotonic_roi) ... ok
test_rule_refresh (tests.test_depth.DepthTests.test_rule_refresh) ... ok
test_search_validation (tests.test_depth.DepthTests.test_search_validation) ... ok
test_single_level_agrees_with_slice10 (tests.test_depth.DepthTests.test_single_level_agrees_with_slice10) ... ok
test_stable_id_replay_provenance_and_tampering (tests.test_depth.DepthTests.test_stable_id_replay_provenance_and_tampering) ... ok
test_top_depth_conflict (tests.test_depth.DepthTests.test_top_depth_conflict) ... ok
test_unequal_improves_independent_numbers (tests.test_depth.DepthTests.test_unequal_improves_independent_numbers) ... ok
test_unknown_fees_not_zero (tests.test_depth.DepthTests.test_unknown_fees_not_zero) ... ok
test_unknown_material_outcome (tests.test_depth.DepthTests.test_unknown_material_outcome) ... ok
test_unknown_sizing_rules_and_units (tests.test_depth.DepthTests.test_unknown_sizing_rules_and_units) ... ok
test_walk_exact_partial_no_reuse (tests.test_depth.DepthTests.test_walk_exact_partial_no_reuse) ... ok
test_zero_cash_and_reserve (tests.test_depth.DepthTests.test_zero_cash_and_reserve) ... ok
test_adapter_yes_no_direction_and_size (tests.test_arbitrage.DetectorTests.test_adapter_yes_no_direction_and_size) ... ok
test_bids_not_acquisition_asks (tests.test_arbitrage.DetectorTests.test_bids_not_acquisition_asks) ... ok
test_conflicting_duplicate_fails_closed (tests.test_arbitrage.DetectorTests.test_conflicting_duplicate_fails_closed) ... ok
test_current_parent_revision_invalidates (tests.test_arbitrage.DetectorTests.test_current_parent_revision_invalidates) ... ok
test_current_rule_revision_invalidates (tests.test_arbitrage.DetectorTests.test_current_rule_revision_invalidates) ... ok
test_decimal_context_isolation (tests.test_arbitrage.DetectorTests.test_decimal_context_isolation) ... ok
test_deduplication_and_stable_id (tests.test_arbitrage.DetectorTests.test_deduplication_and_stable_id) ... ok
test_environment_isolation (tests.test_arbitrage.DetectorTests.test_environment_isolation) ... ok
test_exceptional_outcomes_retained (tests.test_arbitrage.DetectorTests.test_exceptional_outcomes_retained) ... ok
test_explicit_single_fill_grouping (tests.test_arbitrage.DetectorTests.test_explicit_single_fill_grouping) ... ok
test_exposure_direction (tests.test_arbitrage.DetectorTests.test_exposure_direction) ... ok
test_fee_conditions_never_bypassed (tests.test_arbitrage.DetectorTests.test_fee_conditions_never_bypassed) ... ok
test_fee_eliminates_raw_gap (tests.test_arbitrage.DetectorTests.test_fee_eliminates_raw_gap) ... ok
test_freshness_inclusive_boundary (tests.test_arbitrage.DetectorTests.test_freshness_inclusive_boundary) ... ok
test_future_receipt_and_source (tests.test_arbitrage.DetectorTests.test_future_receipt_and_source) ... ok
test_historical_production_coverage (tests.test_arbitrage.DetectorTests.test_historical_production_coverage) ... ok
test_hypothetical_quantity_cannot_qualify_beyond_size (tests.test_arbitrage.DetectorTests.test_hypothetical_quantity_cannot_qualify_beyond_size) ... ok
test_hypothetical_unknown_size_still_calculates (tests.test_arbitrage.DetectorTests.test_hypothetical_unknown_size_still_calculates) ... ok
test_independent_outcome_arithmetic (tests.test_arbitrage.DetectorTests.test_independent_outcome_arithmetic) ... ok
test_maker_deferred_not_calculated (tests.test_arbitrage.DetectorTests.test_maker_deferred_not_calculated) ... ok
test_minimum_and_increment_validation (tests.test_arbitrage.DetectorTests.test_minimum_and_increment_validation) ... ok
test_misscoped_fee_context (tests.test_arbitrage.DetectorTests.test_misscoped_fee_context) ... ok
test_missing_account_context (tests.test_arbitrage.DetectorTests.test_missing_account_context) ... ok
test_negative_case_rounding_independent (tests.test_arbitrage.DetectorTests.test_negative_case_rounding_independent) ... ok
test_nonpositive_denominator_is_not_roi (tests.test_arbitrage.DetectorTests.test_nonpositive_denominator_is_not_roi) ... ok
test_policy_validation_and_filters (tests.test_arbitrage.DetectorTests.test_policy_validation_and_filters) ... ok
test_qualified_synthetic_branch_stays_nonproduction (tests.test_arbitrage.DetectorTests.test_qualified_synthetic_branch_stays_nonproduction) ... ok
test_quiet_last_change_is_not_disconnection (tests.test_arbitrage.DetectorTests.test_quiet_last_change_is_not_disconnection) ... ok
test_recent_receipt_cannot_clear_source_problem (tests.test_arbitrage.DetectorTests.test_recent_receipt_cannot_clear_source_problem) ... ok
test_replay_time_is_deterministic (tests.test_arbitrage.DetectorTests.test_replay_time_is_deterministic) ... ok
test_skew_inclusive_boundary (tests.test_arbitrage.DetectorTests.test_skew_inclusive_boundary) ... ok
test_status_lock_and_sync (tests.test_arbitrage.DetectorTests.test_status_lock_and_sync) ... ok
test_synthetic_is_never_current (tests.test_arbitrage.DetectorTests.test_synthetic_is_never_current) ... ok
test_unit_conversion_is_explicit (tests.test_arbitrage.DetectorTests.test_unit_conversion_is_explicit) ... ok
test_unknown_is_not_zero (tests.test_arbitrage.DetectorTests.test_unknown_is_not_zero) ... ok
test_unknown_outcome_keeps_known_unfavorable_minimum (tests.test_arbitrage.DetectorTests.test_unknown_outcome_keeps_known_unfavorable_minimum) ... ok
test_unknown_settlement_charge (tests.test_arbitrage.DetectorTests.test_unknown_settlement_charge) ... ok
test_unknown_units_rejected (tests.test_arbitrage.DetectorTests.test_unknown_units_rejected) ... ok
test_visible_size_and_common_grid (tests.test_arbitrage.DetectorTests.test_visible_size_and_common_grid) ... ok
test_zero_and_negative_roi (tests.test_arbitrage.DetectorTests.test_zero_and_negative_roi) ... ok

----------------------------------------------------------------------
Ran 211 tests in 66.406s

OK
