{
  "candidate": "ae6765dd2f7d03544f428338318cc6a6b75eee83c3ad9790bdfa087046104ba5",
  "candidate_source_files": 230,
  "git_head": "edad00dd980cc8535d69a815d1199b82dd0e83cb",
  "preexisting_evidence_files": 2671,
  "preexisting_evidence_bytes": 1854921980,
  "changed_evidence": [],
  "preexisting_workspace_files": 324,
  "changed_preexisting_workspace_files": [
    "app/adapters/kalshi_stream.py"
  ],
  "added_test": "tests/test_kalshi_expiry.py",
  "previous_candidate": "9997a04dce4de0d2292e9d25ee1d4d7ff833d326a93e15284bd439b7524a9974",
  "preserved_uncommitted_work": "All other preexisting app/test/doc files byte-identical; initial git status and diff retained.",
  "diagnosis_preserved": true,
  "retained_bytecode_files_verified_from_prior_baseline": 48,
  "historical_stale_timestamps_and_counts": "Exact retained native/packet replay; see retained-replay.json",
  "no_live_access": true,
  "threshold_and_budgets": "No configuration or resource-budget files changed; strict greater-than comparison retained"
}
