test_decimal_native_and_complement_precision (tests.test_kalshi.ParsingTests.test_decimal_native_and_complement_precision) ... ok
test_invalid_values_fail (tests.test_kalshi.ParsingTests.test_invalid_values_fail) ... ok
test_missing_empty_and_depth (tests.test_kalshi.ParsingTests.test_missing_empty_and_depth) ... ok
test_states_and_market_identity (tests.test_kalshi.ParsingTests.test_states_and_market_identity) ... ok
test_adapter_stream_interface_and_close (tests.test_kalshi.RESTTests.test_adapter_stream_interface_and_close) ... ok
test_live_capture_replay_contract_offline (tests.test_kalshi.RESTTests.test_live_capture_replay_contract_offline) ... ok
test_missing_or_ambiguous_schedule_excluded (tests.test_kalshi.RESTTests.test_missing_or_ambiguous_schedule_excluded) ... ok
test_pagination_cycle_and_truncation (tests.test_kalshi.RESTTests.test_pagination_cycle_and_truncation) ... ok
test_retry_budget_and_no_nonread_requests (tests.test_kalshi.RESTTests.test_retry_budget_and_no_nonread_requests) ... ok
test_successful_retry_and_market_page_cursor (tests.test_kalshi.RESTTests.test_successful_retry_and_market_page_cursor) ... ok
test_gap_duplicate_regression_invalidates_entire_sid (tests.test_kalshi.ReconstructionTests.test_gap_duplicate_regression_invalidates_entire_sid) ... ok
test_legacy_clock_preserves_submicrosecond_ordering (tests.test_kalshi.ReconstructionTests.test_legacy_clock_preserves_submicrosecond_ordering) ... ok
test_missing_initial_image_and_negative_quantity (tests.test_kalshi.ReconstructionTests.test_missing_initial_image_and_negative_quantity) ... ok
test_omitted_ws_sides_documented_empty_null_invalid (tests.test_kalshi.ReconstructionTests.test_omitted_ws_sides_documented_empty_null_invalid) ... ok
test_reconnect_rejects_old_generation_and_old_sid (tests.test_kalshi.ReconstructionTests.test_reconnect_rejects_old_generation_and_old_sid) ... ok
test_sanitization_and_original_timestamp_precision (tests.test_kalshi.ReconstructionTests.test_sanitization_and_original_timestamp_precision) ... ok
test_shared_sid_sequence_across_markets_and_control (tests.test_kalshi.ReconstructionTests.test_shared_sid_sequence_across_markets_and_control) ... ok
test_signed_delta_and_level_removal (tests.test_kalshi.ReconstructionTests.test_signed_delta_and_level_removal) ... ok
test_signer_matches_rsa_pss_contract (tests.test_kalshi.ReconstructionTests.test_signer_matches_rsa_pss_contract) ... ok
test_timestamps_receipt_and_repeated_after_reconnect (tests.test_kalshi.ReconstructionTests.test_timestamps_receipt_and_repeated_after_reconnect) ... ok
test_uuid_and_malformed_frame_invalidate (tests.test_kalshi.ReconstructionTests.test_uuid_and_malformed_frame_invalidate) ... ok
test_cancel_pending_receive (tests.test_kalshi.TransportTests.test_cancel_pending_receive) ... ok
test_early_consumer_close (tests.test_kalshi.TransportTests.test_early_consumer_close) ... ok
test_finite_connection_failure_and_snapshot_timeout (tests.test_kalshi.TransportTests.test_finite_connection_failure_and_snapshot_timeout) ... ok
test_gap_recovery_and_cleanup (tests.test_kalshi.TransportTests.test_gap_recovery_and_cleanup) ... ok
test_quiet_book_stale_receipt_socket_connected (tests.test_kalshi.TransportTests.test_quiet_book_stale_receipt_socket_connected) ... ok
test_timed_reconnect_on_quiet_subscription (tests.test_kalshi.TransportTests.test_timed_reconnect_on_quiet_subscription) ... ok
test_omitted_real_delta_detects_gap_and_invalidates_both_markets (tests.test_kalshi_live_replay.LiveReplayTests.test_omitted_real_delta_detects_gap_and_invalidates_both_markets) ... ok
test_reused_sid_from_closed_connection_is_ignored (tests.test_kalshi_live_replay.LiveReplayTests.test_reused_sid_from_closed_connection_is_ignored) ... ok
test_two_generations_all_levels_and_source_time (tests.test_kalshi_live_replay.LiveReplayTests.test_two_generations_all_levels_and_source_time) ... ok
test_adapter_stream_and_early_close (tests.test_polymarket_us_stream.StreamTests.test_adapter_stream_and_early_close) ... ok
test_authenticated_transport_mock_only (tests.test_polymarket_us_stream.StreamTests.test_authenticated_transport_mock_only) ... ok
test_connection_failure_retries_within_bound (tests.test_polymarket_us_stream.StreamTests.test_connection_failure_retries_within_bound) ... ok
test_disconnect_resubscribe_replacement_and_bounds (tests.test_polymarket_us_stream.StreamTests.test_disconnect_resubscribe_replacement_and_bounds) ... ok
test_malformed_ambiguous_and_unknown (tests.test_polymarket_us_stream.StreamTests.test_malformed_ambiguous_and_unknown) ... ok
test_missing_sides_no_inherited_depth (tests.test_polymarket_us_stream.StreamTests.test_missing_sides_no_inherited_depth) ... ok
test_quiet_market_keeps_connection_and_pending_message (tests.test_polymarket_us_stream.StreamTests.test_quiet_market_keeps_connection_and_pending_message) ... ok
test_stale_heartbeat_and_cancellation (tests.test_polymarket_us_stream.StreamTests.test_stale_heartbeat_and_cancellation) ... ok
test_subscription_and_signing (tests.test_polymarket_us_stream.StreamTests.test_subscription_and_signing) ... ok
test_atomic_replacement_omission_quantity_zero_and_empty (tests.test_polymarket_us_stream.WindowContractTests.test_atomic_replacement_omission_quantity_zero_and_empty) ... ok
test_malformed_invalidates_atomically_and_new_subscription_recovers (tests.test_polymarket_us_stream.WindowContractTests.test_malformed_invalidates_atomically_and_new_subscription_recovers) ... ok
test_old_epoch_and_subscription_cannot_replace_recovered_image (tests.test_polymarket_us_stream.WindowContractTests.test_old_epoch_and_subscription_cannot_replace_recovered_image) ... ok
test_cancel_request_and_backoff (tests.test_reference.AdapterTests.test_cancel_request_and_backoff) ... ok
test_close_and_scope (tests.test_reference.AdapterTests.test_close_and_scope) ... ok
test_finite_retries_and_guidance (tests.test_reference.AdapterTests.test_finite_retries_and_guidance) ... ok
test_incomplete_recovery_uses_new_pair (tests.test_reference.AdapterTests.test_incomplete_recovery_uses_new_pair) ... ok
test_quota_and_entitlement_stop (tests.test_reference.AdapterTests.test_quota_and_entitlement_stop) ... ok
test_raw_rejected_headers_and_work_bound (tests.test_reference.AdapterTests.test_raw_rejected_headers_and_work_bound) ... ok
test_repeats_nonopportunities_recovery (tests.test_reference.AdapterTests.test_repeats_nonopportunities_recovery) ... ok
test_schedule_phase_stop_and_kickoff (tests.test_reference.AdapterTests.test_schedule_phase_stop_and_kickoff) ... ok
test_storage_and_queue_failure_journal (tests.test_reference.AdapterTests.test_storage_and_queue_failure_journal) ... ok
test_consumer_generator_close_records_interruption (tests.test_reference.AdditionalBoundsTests.test_consumer_generator_close_records_interruption) ... ok
test_duplicate_quota_headers_stop_conservatively (tests.test_reference.AdditionalBoundsTests.test_duplicate_quota_headers_stop_conservatively) ... ok
test_request_timeout_is_bounded (tests.test_reference.AdditionalBoundsTests.test_request_timeout_is_bounded) ... ok
test_unresolved_schedule_stops_after_raw_ingress (tests.test_reference.AdditionalBoundsTests.test_unresolved_schedule_stops_after_raw_ingress) ... ok
test_ambiguous_alias_is_not_chosen (tests.test_reference.EnrichmentRevisionTests.test_ambiguous_alias_is_not_chosen) ... ok
test_effective_after_receipt_not_eligible_reconstruction (tests.test_reference.EnrichmentRevisionTests.test_effective_after_receipt_not_eligible_reconstruction) ... ok
test_later_alias_knowledge_does_not_rewrite_unresolved (tests.test_reference.EnrichmentRevisionTests.test_later_alias_knowledge_does_not_rewrite_unresolved) ... ok
test_recomputed_enrichment_rejects_tampered_prices (tests.test_reference.EnrichmentRevisionTests.test_recomputed_enrichment_rejects_tampered_prices) ... ok
test_complete_exact_and_reversed (tests.test_reference.ReferenceTests.test_complete_exact_and_reversed) ... ok
test_duplicate_third_draw (tests.test_reference.ReferenceTests.test_duplicate_third_draw) ... ok
test_exact_roundtrip_and_tamper (tests.test_reference.ReferenceTests.test_exact_roundtrip_and_tamper) ... ok
test_historical_snapshot_is_not_receipt (tests.test_reference.ReferenceTests.test_historical_snapshot_is_not_receipt) ... ok
test_identity_schedule_phase_and_terms (tests.test_reference.ReferenceTests.test_identity_schedule_phase_and_terms) ... ok
test_later_knowledge_and_late_receipts (tests.test_reference.ReferenceTests.test_later_knowledge_and_late_receipts) ... ok
test_malformed_missing_id_and_bad_prices (tests.test_reference.ReferenceTests.test_malformed_missing_id_and_bad_prices) ... ok
test_missing_side_never_borrows (tests.test_reference.ReferenceTests.test_missing_side_never_borrows) ... ok
test_optional_ids_times_limits_unknown (tests.test_reference.ReferenceTests.test_optional_ids_times_limits_unknown) ... ok
test_request_secret_rejected (tests.test_reference.ReferenceTests.test_request_secret_rejected) ... ok
test_synthetic_positive_is_explicit (tests.test_reference.ReferenceTests.test_synthetic_positive_is_explicit) ... ok
test_unknown_pair_lineage_rules_ineligible (tests.test_reference.ReferenceTests.test_unknown_pair_lineage_rules_ineligible) ... ok
test_decimal_context_and_bounds (tests.test_pricing.PricingTests.test_decimal_context_and_bounds) ... ok
test_effective_and_knowledge_boundaries (tests.test_pricing.PricingTests.test_effective_and_knowledge_boundaries) ... ok
test_exact_e2_scale_and_conditional_units (tests.test_pricing.PricingTests.test_exact_e2_scale_and_conditional_units) ... ok
test_freshness_boundaries (tests.test_pricing.PricingTests.test_freshness_boundaries) ... ok
test_full_recomputation_ignores_ambient_decimal_context (tests.test_pricing.PricingTests.test_full_recomputation_ignores_ambient_decimal_context) ... ok
test_independent_rational_values (tests.test_pricing.PricingTests.test_independent_rational_values) ... ok
test_late_download_cannot_backdate (tests.test_pricing.PricingTests.test_late_download_cannot_backdate) ... ok
test_later_alias_registry (tests.test_pricing.PricingTests.test_later_alias_registry) ... ok
test_later_source_and_rule_assessments (tests.test_pricing.PricingTests.test_later_source_and_rule_assessments) ... ok
test_latest_invalid_never_falls_back (tests.test_pricing.PricingTests.test_latest_invalid_never_falls_back) ... ok
test_missing_invalid_and_unknown (tests.test_pricing.PricingTests.test_missing_invalid_and_unknown) ... ok
test_order_and_exact_cutoff (tests.test_pricing.PricingTests.test_order_and_exact_cutoff) ... ok
test_pregame_and_target_rules (tests.test_pricing.PricingTests.test_pregame_and_target_rules) ... ok
test_restore_exclusions_and_tamper (tests.test_pricing.PricingTests.test_restore_exclusions_and_tamper) ... ok
test_target_copy_and_duplicate_deliveries (tests.test_pricing.PricingTests.test_target_copy_and_duplicate_deliveries) ... ok
test_void_refund_and_exceptional_rules (tests.test_pricing.PricingTests.test_void_refund_and_exceptional_rules) ... ok
test_all_saved_e3_estimates_replay_unchanged (tests.test_opportunities.OpportunitiesTest.test_all_saved_e3_estimates_replay_unchanged) ... ok
test_arb_independent_of_probability_model (tests.test_opportunities.OpportunitiesTest.test_arb_independent_of_probability_model) ... ok
test_decimal_context_independence (tests.test_opportunities.OpportunitiesTest.test_decimal_context_independence) ... ok
test_exact_submicrosecond_receipt_source_and_skew (tests.test_opportunities.OpportunitiesTest.test_exact_submicrosecond_receipt_source_and_skew) ... ok
test_fee_grouping_existing_pmus_cumulative_rules (tests.test_opportunities.OpportunitiesTest.test_fee_grouping_existing_pmus_cumulative_rules) ... ok
test_freshness_equality_and_source_clock (tests.test_opportunities.OpportunitiesTest.test_freshness_equality_and_source_clock) ... ok
test_independent_positive_negative_and_units (tests.test_opportunities.OpportunitiesTest.test_independent_positive_negative_and_units) ... ok
test_late_receipt_estimate_and_knowledge_rejected (tests.test_opportunities.OpportunitiesTest.test_late_receipt_estimate_and_knowledge_rejected) ... ok
test_mutations_missing_dependency_and_versions (tests.test_opportunities.OpportunitiesTest.test_mutations_missing_dependency_and_versions) ... ok
test_probability_unknown_invalid_and_target_binding (tests.test_opportunities.OpportunitiesTest.test_probability_unknown_invalid_and_target_binding) ... ok
test_quantity_unknown_constraints_and_consumed_depth (tests.test_opportunities.OpportunitiesTest.test_quantity_unknown_constraints_and_consumed_depth) ... ok
test_ranking_separate_classes_unknowns_and_overlap (tests.test_opportunities.OpportunitiesTest.test_ranking_separate_classes_unknowns_and_overlap) ... ok
test_saved_e3_unknown_and_exact_replay (tests.test_opportunities.OpportunitiesTest.test_saved_e3_unknown_and_exact_replay) ... ok
test_stale_books_diagnostics_retained_but_unranked (tests.test_opportunities.OpportunitiesTest.test_stale_books_diagnostics_retained_but_unranked) ... ok
test_unknown_and_refund_exceptional_cashflows (tests.test_opportunities.OpportunitiesTest.test_unknown_and_refund_exceptional_cashflows) ... ok
test_unknown_fees_not_imputed (tests.test_opportunities.OpportunitiesTest.test_unknown_fees_not_imputed) ... ok
test_all_seven_saved_cases (tests.test_e5_preview.FilesOnlyTests.test_all_seven_saved_cases) ... ok
test_exact_money_presentation (tests.test_e5_preview.FilesOnlyTests.test_exact_money_presentation) ... ok
test_external_e3_dependency_mismatch_rejected (tests.test_e5_preview.FilesOnlyTests.test_external_e3_dependency_mismatch_rejected) ... ok
test_missing_dependency_rejected_before_results (tests.test_e5_preview.FilesOnlyTests.test_missing_dependency_rejected_before_results) ... ok
test_reference_binding_and_timestamps (tests.test_e5_preview.FilesOnlyTests.test_reference_binding_and_timestamps) ... ok
test_tampered_audit_rejected (tests.test_e5_preview.FilesOnlyTests.test_tampered_audit_rejected) ... ok
test_unknowns_and_ranking_preserved (tests.test_e5_preview.FilesOnlyTests.test_unknowns_and_ranking_preserved) ... ok
test_no_collector_routes (tests.test_e5_preview.HttpTests.test_no_collector_routes) ... ok
test_page_reuses_css_and_restricts_connections (tests.test_e5_preview.HttpTests.test_page_reuses_css_and_restricts_connections) ... ok
test_validation_failure_is_closed (tests.test_e5_preview.HttpTests.test_validation_failure_is_closed) ... ok

----------------------------------------------------------------------
Ran 113 tests in 45.140s

OK
