{
  "kalshi": {
    "initial_usable": 64,
    "pre_stop_usable": 23,
    "lost_at_stop": [
      "KXNFLGAME-26SEP17DETBUF-DET",
      "KXNFLGAME-26SEP20CINHOU-CIN",
      "KXNFLGAME-26SEP20CINHOU-HOU",
      "KXNFLGAME-26SEP20GBNYJ-GB",
      "KXNFLGAME-26SEP20NOBAL-BAL",
      "KXNFLGAME-26SEP20PITNE-NE",
      "KXNFLGAME-26SEP20JACDEN-DEN",
      "KXNFLGAME-26SEP20JACDEN-JAC",
      "KXNFLGAME-26SEP20LVLAC-LAC",
      "KXNFLGAME-26SEP20LVLAC-LV",
      "KXNFLGAME-26SEP20WASDAL-WAS",
      "KXNFLGAME-26SEP20INDKC-IND",
      "KXNFLGAME-26SEP21NYGLAR-LAR",
      "KXNFLGAME-26SEP21NYGLAR-NYG",
      "KXNFLGAME-26SEP24ATLGB-ATL",
      "KXNFLGAME-26SEP24ATLGB-GB",
      "KXNFLGAME-26SEP27CARCLE-CAR",
      "KXNFLGAME-26SEP27CARCLE-CLE",
      "KXNFLGAME-26SEP27CINPIT-CIN",
      "KXNFLGAME-26SEP27CINPIT-PIT",
      "KXNFLGAME-26SEP27HOUIND-HOU",
      "KXNFLGAME-26SEP27HOUIND-IND",
      "KXNFLGAME-26SEP27KCMIA-KC",
      "KXNFLGAME-26SEP27KCMIA-MIA",
      "KXNFLGAME-26SEP27NEJAC-JAC",
      "KXNFLGAME-26SEP27NEJAC-NE",
      "KXNFLGAME-26SEP27NYJDET-NYJ",
      "KXNFLGAME-26SEP27SEAWAS-SEA",
      "KXNFLGAME-26SEP27SEAWAS-WAS",
      "KXNFLGAME-26SEP27TENNYG-NYG",
      "KXNFLGAME-26SEP27TENNYG-TEN",
      "KXNFLGAME-26SEP27ARISF-ARI",
      "KXNFLGAME-26SEP27ARISF-SF",
      "KXNFLGAME-26SEP27MINTB-TB",
      "KXNFLGAME-26SEP27BALDAL-BAL",
      "KXNFLGAME-26SEP27BALDAL-DAL",
      "KXNFLGAME-26SEP27LVNO-LV",
      "KXNFLGAME-26SEP27LVNO-NO",
      "KXNFLGAME-26SEP27LARDEN-DEN",
      "KXNFLGAME-26SEP27LARDEN-LAR",
      "KXNFLGAME-26SEP28PHICHI-CHI"
    ],
    "loss_causes": {
      "freshness_expiry": 41
    },
    "markets_ever_stale": 63,
    "stale_observations": 112,
    "native_updates": 555,
    "unchanged_native_images": 0,
    "frame_types": {
      "subscribed": 4,
      "orderbook_snapshot": 64,
      "orderbook_delta": 491
    },
    "expiry_emission_delay_range_seconds": [
      0.006873999999999825,
      2.343594000000003
    ],
    "first_stale": "2026-09-16T20:57:20.823470+00:00",
    "source_time_progress": {
      "missing": 64,
      "first": 45,
      "advanced": 428,
      "repeated": 18
    },
    "health": {
      "awaiting_snapshot": 4,
      "connected": 667
    },
    "nominally_over_30_but_counted_usable_at_stop": []
  },
  "polymarket_us": {
    "initial_usable": 32,
    "pre_stop_usable": 29,
    "lost_at_stop": [
      "657975",
      "657992",
      "825205"
    ],
    "loss_causes": {
      "freshness_expiry": 3
    },
    "markets_ever_stale": 21,
    "stale_observations": 37,
    "native_updates": 1330,
    "unchanged_native_images": 51,
    "frame_types": {
      "marketData": 1330
    },
    "expiry_emission_delay_range_seconds": [
      0.0009270000000007883,
      0.03822399999999959
    ],
    "first_stale": "2026-09-16T20:57:20.915905+00:00",
    "source_time_progress": {
      "first": 32,
      "advanced": 1281,
      "repeated": 17
    },
    "health": {
      "awaiting_snapshot": 1,
      "connected": 1367
    },
    "nominally_over_30_but_counted_usable_at_stop": []
  }
}
