{
  "complete": false,
  "runs": 28,
  "faults": 18,
  "failed_gates": [
    {
      "markets": 2,
      "scenario": "ordinary",
      "failed": [
        "actual_publication_cadence",
        "view_cadence"
      ]
    },
    {
      "markets": 2,
      "scenario": "ordinary",
      "failed": [
        "actual_publication_cadence",
        "view_cadence"
      ]
    },
    {
      "markets": 2,
      "scenario": "slow",
      "failed": [
        "actual_publication_cadence"
      ]
    },
    {
      "markets": 2,
      "scenario": "slow",
      "failed": [
        "actual_publication_cadence"
      ]
    },
    {
      "markets": 4,
      "scenario": "ordinary",
      "failed": [
        "actual_publication_cadence",
        "view_cadence"
      ]
    },
    {
      "markets": 4,
      "scenario": "ordinary",
      "failed": [
        "actual_publication_cadence",
        "view_cadence"
      ]
    },
    {
      "markets": 4,
      "scenario": "overflow40",
      "failed": [
        "actual_publication_cadence",
        "view_cadence"
      ]
    },
    {
      "markets": 4,
      "scenario": "overflow40",
      "failed": [
        "actual_publication_cadence",
        "view_cadence"
      ]
    },
    {
      "markets": 4,
      "scenario": "slow",
      "failed": [
        "actual_publication_cadence",
        "view_cadence"
      ]
    },
    {
      "markets": 4,
      "scenario": "slow",
      "failed": [
        "actual_publication_cadence",
        "view_cadence"
      ]
    },
    {
      "markets": 4,
      "scenario": "depth",
      "failed": [
        "actual_publication_cadence",
        "view_cadence"
      ]
    },
    {
      "markets": 4,
      "scenario": "depth",
      "failed": [
        "actual_publication_cadence",
        "view_cadence"
      ]
    },
    {
      "markets": 2,
      "scenario": "ordinary",
      "failed": [
        "actual_publication_cadence",
        "view_cadence"
      ]
    },
    {
      "markets": 2,
      "scenario": "ordinary",
      "failed": [
        "actual_publication_cadence",
        "view_cadence"
      ]
    },
    {
      "markets": 4,
      "scenario": "ordinary",
      "failed": [
        "actual_publication_cadence",
        "view_cadence"
      ]
    },
    {
      "markets": 4,
      "scenario": "ordinary",
      "failed": [
        "actual_publication_cadence",
        "view_cadence"
      ]
    },
    {
      "markets": 4,
      "scenario": "burst40",
      "failed": [
        "actual_publication_cadence",
        "view_cadence"
      ]
    }
  ]
}
