waiting for server to start.... done
server started
Running synthetic 2 markets/venue stop_backlog timing=True
{"gates": true, "counts": {"offered": 41, "accepted": 41, "rejected": 0, "processed": 41, "unprocessed": 0, "retained_per_side_observations": 90, "committed_receipts": 90, "attempted_receipt_writes": 90, "wire_messages": null, "upstream_offered": null, "upstream_lost": null}, "elapsed": 0.5352240829961374}
Running synthetic 2 markets/venue stop_depth timing=True
{"gates": true, "counts": {"offered": 0, "accepted": 0, "rejected": 0, "processed": 0, "unprocessed": 0, "retained_per_side_observations": 8, "committed_receipts": 8, "attempted_receipt_writes": 8, "wire_messages": null, "upstream_offered": null, "upstream_lost": null}, "elapsed": 0.4912254170048982}
Running synthetic 2 markets/venue overload timing=True
{"gates": true, "counts": {"offered": 56, "accepted": 48, "rejected": 8, "processed": 48, "unprocessed": 0, "retained_per_side_observations": 104, "committed_receipts": 104, "attempted_receipt_writes": 104, "wire_messages": null, "upstream_offered": null, "upstream_lost": null}, "elapsed": 0.6053827919531614}
Running synthetic 2 markets/venue byte_limit timing=True
{"gates": true, "counts": {"offered": 4, "accepted": 0, "rejected": 4, "processed": 0, "unprocessed": 0, "retained_per_side_observations": 8, "committed_receipts": 8, "attempted_receipt_writes": 8, "wire_messages": null, "upstream_offered": null, "upstream_lost": null}, "elapsed": 0.16516745899571106}
Running synthetic 2 markets/venue receipt_limit timing=True
{"gates": false, "counts": {"offered": 4, "accepted": 4, "rejected": 0, "processed": 0, "unprocessed": 4, "retained_per_side_observations": 8, "committed_receipts": 8, "attempted_receipt_writes": 9, "wire_messages": null, "upstream_offered": null, "upstream_lost": null}, "elapsed": 0.1497124169836752}
Running synthetic 2 markets/venue storage_limit timing=True
{"gates": false, "counts": {"offered": 4, "accepted": 4, "rejected": 0, "processed": 0, "unprocessed": 4, "retained_per_side_observations": 8, "committed_receipts": 8, "attempted_receipt_writes": 8, "wire_messages": null, "upstream_offered": null, "upstream_lost": null}, "elapsed": 0.13908533297944814}
Running synthetic 2 markets/venue rollback timing=True
{"gates": false, "counts": {"offered": 4, "accepted": 4, "rejected": 0, "processed": 0, "unprocessed": 4, "retained_per_side_observations": 8, "committed_receipts": 8, "attempted_receipt_writes": 10, "wire_messages": null, "upstream_offered": null, "upstream_lost": null}, "elapsed": 0.14694087498355657}
Running synthetic 2 markets/venue database_failure timing=True
{"gates": false, "counts": {"offered": 4, "accepted": 4, "rejected": 0, "processed": 0, "unprocessed": 4, "retained_per_side_observations": 8, "committed_receipts": 8, "attempted_receipt_writes": 8, "wire_messages": null, "upstream_offered": null, "upstream_lost": null}, "elapsed": 0.13891379203414544}
Running synthetic 2 markets/venue finalization_failure timing=True
{"gates": false, "counts": {"offered": 4, "accepted": 4, "rejected": 0, "processed": 4, "unprocessed": 0, "retained_per_side_observations": 16, "committed_receipts": 16, "attempted_receipt_writes": 16, "wire_messages": null, "upstream_offered": null, "upstream_lost": null}, "elapsed": 0.24749116698512807}
Running synthetic 4 markets/venue stop_backlog timing=True
{"gates": true, "counts": {"offered": 41, "accepted": 41, "rejected": 0, "processed": 41, "unprocessed": 0, "retained_per_side_observations": 98, "committed_receipts": 98, "attempted_receipt_writes": 98, "wire_messages": null, "upstream_offered": null, "upstream_lost": null}, "elapsed": 0.7615763749927282}
Running synthetic 4 markets/venue stop_depth timing=True
{"gates": true, "counts": {"offered": 0, "accepted": 0, "rejected": 0, "processed": 0, "unprocessed": 0, "retained_per_side_observations": 16, "committed_receipts": 16, "attempted_receipt_writes": 16, "wire_messages": null, "upstream_offered": null, "upstream_lost": null}, "elapsed": 0.7594149579526857}
Running synthetic 4 markets/venue overload timing=True
{"gates": true, "counts": {"offered": 56, "accepted": 48, "rejected": 8, "processed": 48, "unprocessed": 0, "retained_per_side_observations": 112, "committed_receipts": 112, "attempted_receipt_writes": 112, "wire_messages": null, "upstream_offered": null, "upstream_lost": null}, "elapsed": 0.931876957998611}
Running synthetic 4 markets/venue byte_limit timing=True
{"gates": true, "counts": {"offered": 4, "accepted": 0, "rejected": 4, "processed": 0, "unprocessed": 0, "retained_per_side_observations": 16, "committed_receipts": 16, "attempted_receipt_writes": 16, "wire_messages": null, "upstream_offered": null, "upstream_lost": null}, "elapsed": 0.3441115000168793}
Running synthetic 4 markets/venue receipt_limit timing=True
{"gates": false, "counts": {"offered": 4, "accepted": 4, "rejected": 0, "processed": 0, "unprocessed": 4, "retained_per_side_observations": 16, "committed_receipts": 16, "attempted_receipt_writes": 17, "wire_messages": null, "upstream_offered": null, "upstream_lost": null}, "elapsed": 0.3198094999534078}
Running synthetic 4 markets/venue storage_limit timing=True
{"gates": false, "counts": {"offered": 4, "accepted": 4, "rejected": 0, "processed": 0, "unprocessed": 4, "retained_per_side_observations": 16, "committed_receipts": 16, "attempted_receipt_writes": 16, "wire_messages": null, "upstream_offered": null, "upstream_lost": null}, "elapsed": 0.3160384169896133}
Running synthetic 4 markets/venue rollback timing=True
{"gates": false, "counts": {"offered": 4, "accepted": 4, "rejected": 0, "processed": 0, "unprocessed": 4, "retained_per_side_observations": 16, "committed_receipts": 16, "attempted_receipt_writes": 18, "wire_messages": null, "upstream_offered": null, "upstream_lost": null}, "elapsed": 0.3284484589821659}
Running synthetic 4 markets/venue database_failure timing=True
{"gates": false, "counts": {"offered": 4, "accepted": 4, "rejected": 0, "processed": 0, "unprocessed": 4, "retained_per_side_observations": 16, "committed_receipts": 16, "attempted_receipt_writes": 16, "wire_messages": null, "upstream_offered": null, "upstream_lost": null}, "elapsed": 0.29676379199372604}
Running synthetic 4 markets/venue finalization_failure timing=True
{"gates": false, "counts": {"offered": 4, "accepted": 4, "rejected": 0, "processed": 4, "unprocessed": 0, "retained_per_side_observations": 24, "committed_receipts": 24, "attempted_receipt_writes": 24, "wire_messages": null, "upstream_offered": null, "upstream_lost": null}, "elapsed": 0.5578151250374503}
Bounded accounting checks passed; view cadence requires separate gate analysis.
waiting for server to shut down.... done
server stopped
