waiting for server to start.... done
server started
Running synthetic 2 markets/venue ordinary timing=True
{"gates": true, "counts": {"offered": 17, "accepted": 17, "rejected": 0, "processed": 17, "unprocessed": 0, "retained_per_side_observations": 40, "committed_receipts": 40, "attempted_receipt_writes": 40, "wire_messages": null, "upstream_offered": null, "upstream_lost": null}, "elapsed": 7.693364583014045}
Running synthetic 2 markets/venue ordinary timing=True
{"gates": true, "counts": {"offered": 17, "accepted": 17, "rejected": 0, "processed": 17, "unprocessed": 0, "retained_per_side_observations": 40, "committed_receipts": 40, "attempted_receipt_writes": 40, "wire_messages": null, "upstream_offered": null, "upstream_lost": null}, "elapsed": 7.726532667002175}
Running synthetic 2 markets/venue burst24 timing=True
{"gates": true, "counts": {"offered": 24, "accepted": 24, "rejected": 0, "processed": 24, "unprocessed": 0, "retained_per_side_observations": 56, "committed_receipts": 56, "attempted_receipt_writes": 56, "wire_messages": null, "upstream_offered": null, "upstream_lost": null}, "elapsed": 3.6521537079825066}
Running synthetic 2 markets/venue burst24 timing=True
{"gates": true, "counts": {"offered": 24, "accepted": 24, "rejected": 0, "processed": 24, "unprocessed": 0, "retained_per_side_observations": 56, "committed_receipts": 56, "attempted_receipt_writes": 56, "wire_messages": null, "upstream_offered": null, "upstream_lost": null}, "elapsed": 3.658268583007157}
Running synthetic 2 markets/venue overflow40 timing=True
{"gates": true, "counts": {"offered": 41, "accepted": 41, "rejected": 0, "processed": 41, "unprocessed": 0, "retained_per_side_observations": 90, "committed_receipts": 90, "attempted_receipt_writes": 90, "wire_messages": null, "upstream_offered": null, "upstream_lost": null}, "elapsed": 10.366439875040669}
Running synthetic 2 markets/venue overflow40 timing=True
{"gates": true, "counts": {"offered": 41, "accepted": 41, "rejected": 0, "processed": 41, "unprocessed": 0, "retained_per_side_observations": 90, "committed_receipts": 90, "attempted_receipt_writes": 90, "wire_messages": null, "upstream_offered": null, "upstream_lost": null}, "elapsed": 10.82744945801096}
Running synthetic 2 markets/venue slow timing=True
{"gates": true, "counts": {"offered": 17, "accepted": 17, "rejected": 0, "processed": 17, "unprocessed": 0, "retained_per_side_observations": 40, "committed_receipts": 40, "attempted_receipt_writes": 40, "wire_messages": null, "upstream_offered": null, "upstream_lost": null}, "elapsed": 5.633377042016946}
Running synthetic 2 markets/venue slow timing=True
{"gates": true, "counts": {"offered": 17, "accepted": 17, "rejected": 0, "processed": 17, "unprocessed": 0, "retained_per_side_observations": 40, "committed_receipts": 40, "attempted_receipt_writes": 40, "wire_messages": null, "upstream_offered": null, "upstream_lost": null}, "elapsed": 5.6023318329826}
Running synthetic 2 markets/venue depth timing=True
{"gates": true, "counts": {"offered": 17, "accepted": 17, "rejected": 0, "processed": 17, "unprocessed": 0, "retained_per_side_observations": 40, "committed_receipts": 40, "attempted_receipt_writes": 40, "wire_messages": null, "upstream_offered": null, "upstream_lost": null}, "elapsed": 5.312537999998312}
Running synthetic 2 markets/venue depth timing=True
{"gates": true, "counts": {"offered": 17, "accepted": 17, "rejected": 0, "processed": 17, "unprocessed": 0, "retained_per_side_observations": 40, "committed_receipts": 40, "attempted_receipt_writes": 40, "wire_messages": null, "upstream_offered": null, "upstream_lost": null}, "elapsed": 5.301239707972854}
Running synthetic 4 markets/venue ordinary timing=True
{"gates": true, "counts": {"offered": 17, "accepted": 17, "rejected": 0, "processed": 17, "unprocessed": 0, "retained_per_side_observations": 48, "committed_receipts": 48, "attempted_receipt_writes": 48, "wire_messages": null, "upstream_offered": null, "upstream_lost": null}, "elapsed": 8.804129625030328}
Running synthetic 4 markets/venue ordinary timing=True
{"gates": true, "counts": {"offered": 17, "accepted": 17, "rejected": 0, "processed": 17, "unprocessed": 0, "retained_per_side_observations": 48, "committed_receipts": 48, "attempted_receipt_writes": 48, "wire_messages": null, "upstream_offered": null, "upstream_lost": null}, "elapsed": 8.533990124997217}
Running synthetic 4 markets/venue burst24 timing=True
{"gates": true, "counts": {"offered": 24, "accepted": 24, "rejected": 0, "processed": 24, "unprocessed": 0, "retained_per_side_observations": 64, "committed_receipts": 64, "attempted_receipt_writes": 64, "wire_messages": null, "upstream_offered": null, "upstream_lost": null}, "elapsed": 3.9821711250115186}
Running synthetic 4 markets/venue burst24 timing=True
{"gates": true, "counts": {"offered": 24, "accepted": 24, "rejected": 0, "processed": 24, "unprocessed": 0, "retained_per_side_observations": 64, "committed_receipts": 64, "attempted_receipt_writes": 64, "wire_messages": null, "upstream_offered": null, "upstream_lost": null}, "elapsed": 4.168571375019383}
Running synthetic 4 markets/venue overflow40 timing=True
{"gates": true, "counts": {"offered": 41, "accepted": 41, "rejected": 0, "processed": 41, "unprocessed": 0, "retained_per_side_observations": 98, "committed_receipts": 98, "attempted_receipt_writes": 98, "wire_messages": null, "upstream_offered": null, "upstream_lost": null}, "elapsed": 12.259816042031161}
Running synthetic 4 markets/venue overflow40 timing=True
{"gates": true, "counts": {"offered": 41, "accepted": 41, "rejected": 0, "processed": 41, "unprocessed": 0, "retained_per_side_observations": 98, "committed_receipts": 98, "attempted_receipt_writes": 98, "wire_messages": null, "upstream_offered": null, "upstream_lost": null}, "elapsed": 12.168089958024211}
Running synthetic 4 markets/venue slow timing=True
{"gates": true, "counts": {"offered": 17, "accepted": 17, "rejected": 0, "processed": 17, "unprocessed": 0, "retained_per_side_observations": 48, "committed_receipts": 48, "attempted_receipt_writes": 48, "wire_messages": null, "upstream_offered": null, "upstream_lost": null}, "elapsed": 6.489372457959689}
Running synthetic 4 markets/venue slow timing=True
{"gates": true, "counts": {"offered": 17, "accepted": 17, "rejected": 0, "processed": 17, "unprocessed": 0, "retained_per_side_observations": 48, "committed_receipts": 48, "attempted_receipt_writes": 48, "wire_messages": null, "upstream_offered": null, "upstream_lost": null}, "elapsed": 6.600783500005491}
Running synthetic 4 markets/venue depth timing=True
{"gates": true, "counts": {"offered": 17, "accepted": 17, "rejected": 0, "processed": 17, "unprocessed": 0, "retained_per_side_observations": 48, "committed_receipts": 48, "attempted_receipt_writes": 48, "wire_messages": null, "upstream_offered": null, "upstream_lost": null}, "elapsed": 5.805581416992936}
Running synthetic 4 markets/venue depth timing=True
{"gates": true, "counts": {"offered": 17, "accepted": 17, "rejected": 0, "processed": 17, "unprocessed": 0, "retained_per_side_observations": 48, "committed_receipts": 48, "attempted_receipt_writes": 48, "wire_messages": null, "upstream_offered": null, "upstream_lost": null}, "elapsed": 5.811215833004098}
Running synthetic 2 markets/venue ordinary timing=False
{"gates": true, "counts": {"offered": 17, "accepted": 17, "rejected": 0, "processed": 17, "unprocessed": 0, "retained_per_side_observations": 40, "committed_receipts": 40, "attempted_receipt_writes": 40, "wire_messages": null, "upstream_offered": null, "upstream_lost": null}, "elapsed": 7.663324041990563}
Running synthetic 2 markets/venue ordinary timing=False
{"gates": true, "counts": {"offered": 17, "accepted": 17, "rejected": 0, "processed": 17, "unprocessed": 0, "retained_per_side_observations": 40, "committed_receipts": 40, "attempted_receipt_writes": 40, "wire_messages": null, "upstream_offered": null, "upstream_lost": null}, "elapsed": 7.711351916950662}
Running synthetic 4 markets/venue ordinary timing=False
{"gates": true, "counts": {"offered": 17, "accepted": 17, "rejected": 0, "processed": 17, "unprocessed": 0, "retained_per_side_observations": 48, "committed_receipts": 48, "attempted_receipt_writes": 48, "wire_messages": null, "upstream_offered": null, "upstream_lost": null}, "elapsed": 8.450792541960254}
Running synthetic 4 markets/venue ordinary timing=False
{"gates": true, "counts": {"offered": 17, "accepted": 17, "rejected": 0, "processed": 17, "unprocessed": 0, "retained_per_side_observations": 48, "committed_receipts": 48, "attempted_receipt_writes": 48, "wire_messages": null, "upstream_offered": null, "upstream_lost": null}, "elapsed": 8.44158779096324}
Running synthetic 2 markets/venue burst40 timing=True
{"gates": true, "counts": {"offered": 40, "accepted": 40, "rejected": 0, "processed": 40, "unprocessed": 0, "retained_per_side_observations": 88, "committed_receipts": 88, "attempted_receipt_writes": 88, "wire_messages": null, "upstream_offered": null, "upstream_lost": null}, "elapsed": 3.4774427090305835}
Running synthetic 2 markets/venue burst40 timing=True
{"gates": true, "counts": {"offered": 40, "accepted": 40, "rejected": 0, "processed": 40, "unprocessed": 0, "retained_per_side_observations": 88, "committed_receipts": 88, "attempted_receipt_writes": 88, "wire_messages": null, "upstream_offered": null, "upstream_lost": null}, "elapsed": 3.5261737919645384}
Running synthetic 4 markets/venue burst40 timing=True
{"gates": true, "counts": {"offered": 40, "accepted": 40, "rejected": 0, "processed": 40, "unprocessed": 0, "retained_per_side_observations": 96, "committed_receipts": 96, "attempted_receipt_writes": 96, "wire_messages": null, "upstream_offered": null, "upstream_lost": null}, "elapsed": 4.164852167014033}
Running synthetic 4 markets/venue burst40 timing=True
{"gates": true, "counts": {"offered": 40, "accepted": 40, "rejected": 0, "processed": 40, "unprocessed": 0, "retained_per_side_observations": 96, "committed_receipts": 96, "attempted_receipt_writes": 96, "wire_messages": null, "upstream_offered": null, "upstream_lost": null}, "elapsed": 4.193465290998574}
Bounded accounting checks passed; view cadence requires separate gate analysis.
waiting for server to shut down.... done
server stopped
