{
  "candidate": "8aae112d9af82cf30662eb4030c52998c50ac60783f544b3aec725289da0802f",
  "spec": "e7427b51b8594af05260cb2e17d2d62f1d07503dc18c3d38584d0261b691002a",
  "status": "complete",
  "retained_bytes": 8679989,
  "replay": true,
  "write_bytes": 8718246,
  "fixture_start_offset_seconds": 0.4481328129913891,
  "server_http_requests": 18,
  "server_ws_connections": 1,
  "stop_elapsed": 240.02779339600238,
  "cleanup_seconds": 0.0019594999903347343,
  "frozen_headroom": {
    "logical": 0.7997589111328125,
    "frames": 0.9397083333333334,
    "encoded_ingress": 0.9633380532264709,
    "expanded_ingress": 0.9893047958612442,
    "output": 0.9630451670714787
  },
  "diagnostic_headroom": {
    "logical": 0.34385,
    "frames": 0.646728515625,
    "encoded_ingress": 0.9083451330661774,
    "expanded_ingress": 0.9714794556299845,
    "output": 0.9310176452000936
  },
  "raw_frames": 1447,
  "raw_bytes": 298295,
  "qualifications": "one-market offline workload only"
}
