test_cap_rejected_response_is_not_durable_inventory (tests.test_d2_repair.Repair.test_cap_rejected_response_is_not_durable_inventory) ... ok
test_durable_receipt_survives_queue_failure (tests.test_d2_repair.Repair.test_durable_receipt_survives_queue_failure) ... ok
test_interrupted_third_generation_preserves_second (tests.test_d2_repair.Repair.test_interrupted_third_generation_preserves_second) ... Executing <Task pending name='Task-12' coro=<Repair.test_interrupted_third_generation_preserves_second() running at /Users/michaelfuscoletti/Desktop/prediction-arb/tests/test_d2_repair.py:65> wait_for=<_GatheringFuture pending cb=[Task.task_wakeup()] created at /opt/homebrew/Cellar/python@3.14/3.14.5/Frameworks/Python.framework/Versions/3.14/lib/python3.14/asyncio/tasks.py:749> cb=[_run_until_complete_cb() at /opt/homebrew/Cellar/python@3.14/3.14.5/Frameworks/Python.framework/Versions/3.14/lib/python3.14/asyncio/base_events.py:181] created at /opt/homebrew/Cellar/python@3.14/3.14.5/Frameworks/Python.framework/Versions/3.14/lib/python3.14/asyncio/runners.py:109> took 0.506 seconds
Executing <Task pending name='Task-12' coro=<Repair.test_interrupted_third_generation_preserves_second() running at /Users/michaelfuscoletti/Desktop/prediction-arb/tests/test_d2_repair.py:67> wait_for=<_GatheringFuture pending cb=[Task.task_wakeup()] created at /opt/homebrew/Cellar/python@3.14/3.14.5/Frameworks/Python.framework/Versions/3.14/lib/python3.14/asyncio/tasks.py:749> cb=[_run_until_complete_cb() at /opt/homebrew/Cellar/python@3.14/3.14.5/Frameworks/Python.framework/Versions/3.14/lib/python3.14/asyncio/base_events.py:181] created at /opt/homebrew/Cellar/python@3.14/3.14.5/Frameworks/Python.framework/Versions/3.14/lib/python3.14/asyncio/runners.py:109> took 0.518 seconds
Executing <Task finished name='Task-12' coro=<Repair.test_interrupted_third_generation_preserves_second() done, defined at /Users/michaelfuscoletti/Desktop/prediction-arb/tests/test_d2_repair.py:57> result=None created at /opt/homebrew/Cellar/python@3.14/3.14.5/Frameworks/Python.framework/Versions/3.14/lib/python3.14/asyncio/runners.py:109> took 0.449 seconds
ok
test_missing_terms_identity_sides_and_slug_conflict (tests.test_d2_repair.Repair.test_missing_terms_identity_sides_and_slug_conflict) ... ok
test_partial_closure_and_kickoff_invalidate_old_books (tests.test_d2_repair.Repair.test_partial_closure_and_kickoff_invalidate_old_books) ... ERROR
test_publication_rejection_and_cancellation (tests.test_d2_repair.Repair.test_publication_rejection_and_cancellation) ... Executing <Task pending name='Task-31' coro=<Repair.test_publication_rejection_and_cancellation() running at /Users/michaelfuscoletti/Desktop/prediction-arb/tests/test_d2_repair.py:99> wait_for=<_GatheringFuture pending cb=[Task.task_wakeup()] created at /opt/homebrew/Cellar/python@3.14/3.14.5/Frameworks/Python.framework/Versions/3.14/lib/python3.14/asyncio/tasks.py:749> cb=[_run_until_complete_cb() at /opt/homebrew/Cellar/python@3.14/3.14.5/Frameworks/Python.framework/Versions/3.14/lib/python3.14/asyncio/base_events.py:181] created at /opt/homebrew/Cellar/python@3.14/3.14.5/Frameworks/Python.framework/Versions/3.14/lib/python3.14/asyncio/runners.py:109> took 0.549 seconds
Executing <Task pending name='Task-31' coro=<Repair.test_publication_rejection_and_cancellation() running at /Users/michaelfuscoletti/Desktop/prediction-arb/tests/test_d2_repair.py:103> wait_for=<_GatheringFuture pending cb=[Task.task_wakeup()] created at /opt/homebrew/Cellar/python@3.14/3.14.5/Frameworks/Python.framework/Versions/3.14/lib/python3.14/asyncio/tasks.py:749> cb=[_run_until_complete_cb() at /opt/homebrew/Cellar/python@3.14/3.14.5/Frameworks/Python.framework/Versions/3.14/lib/python3.14/asyncio/base_events.py:181] created at /opt/homebrew/Cellar/python@3.14/3.14.5/Frameworks/Python.framework/Versions/3.14/lib/python3.14/asyncio/runners.py:109> took 1.035 seconds
ok
test_saved_contradiction_and_embedded_eligibility (tests.test_d2_repair.Repair.test_saved_contradiction_and_embedded_eligibility) ... ok
test_saved_exact_native_replay (tests.test_d2_repair.Repair.test_saved_exact_native_replay) ... ok

======================================================================
ERROR: test_partial_closure_and_kickoff_invalidate_old_books (tests.test_d2_repair.Repair.test_partial_closure_and_kickoff_invalidate_old_books)
----------------------------------------------------------------------
Traceback (most recent call last):
  File "/Users/michaelfuscoletti/Desktop/prediction-arb/tests/test_d2_repair.py", line 118, in test_partial_closure_and_kickoff_invalidate_old_books
    d.safety('polymarket_us');self.assertEqual(v.snapshot()['usable'],0)
                                               ~~~~~~~~~~^^
  File "/Users/michaelfuscoletti/Desktop/prediction-arb/app/collection/continuous.py", line 481, in snapshot
    group['usable'].difference_update(self.safety_exclusions())
                                      ~~~~~~~~~~~~~~~~~~~~~~^^
  File "/Users/michaelfuscoletti/Desktop/prediction-arb/app/collection/continuous.py", line 473, in safety_exclusions
    if self.session.profile else deepcopy(d.inventory[self.venue]))
       ^^^^^^^^^^^^^^^^^^^^
AttributeError: 'types.SimpleNamespace' object has no attribute 'profile'

----------------------------------------------------------------------
Ran 8 tests in 4.919s

FAILED (errors=1)
