test_busy_refresh_active_stop_exact_incremental_finalization (tests.test_segmented_collector.Integration.test_busy_refresh_active_stop_exact_incremental_finalization) ... Executing <Task finished name='Task-4' coro=<CoverageOwner.finish() done, defined at /Users/michaelfuscoletti/Desktop/prediction-arb/app/dashboard/coverage_owner.py:123> result=None created at /opt/homebrew/Cellar/python@3.14/3.14.5/Frameworks/Python.framework/Versions/3.14/lib/python3.14/asyncio/tasks.py:395> took 3.630 seconds
Executing <Task pending name='Task-2' coro=<Integration.test_busy_refresh_active_stop_exact_incremental_finalization() running at /Users/michaelfuscoletti/Desktop/prediction-arb/tests/test_segmented_collector.py:48> cb=[_run_until_complete_cb() at /opt/homebrew/Cellar/python@3.14/3.14.5/Frameworks/Python.framework/Versions/3.14/lib/python3.14/asyncio/base_events.py:181] created at /opt/homebrew/Cellar/python@3.14/3.14.5/Frameworks/Python.framework/Versions/3.14/lib/python3.14/asyncio/runners.py:109> took 0.412 seconds
ok
test_final_manifest_failure_is_not_successful_stop (tests.test_segmented_collector.Integration.test_final_manifest_failure_is_not_successful_stop) ... ok
test_isolation_rejects_real_spec_credentials_and_destinations (tests.test_segmented_collector.Integration.test_isolation_rejects_real_spec_credentials_and_destinations) ... ok
test_local_redirects_never_contact_external_hosts (tests.test_segmented_collector.Integration.test_local_redirects_never_contact_external_hosts) ... discovery failed (ValueError); frames=transport_session.py:349:run > continuous.py:413:discover > continuous.py:340:discover
ok
test_queue_rejection_keeps_durable_native_frames (tests.test_segmented_collector.Integration.test_queue_rejection_keeps_durable_native_frames) ... ok
test_refresh_rotates_publication_and_new_market_waits_for_image (tests.test_segmented_collector.Integration.test_refresh_rotates_publication_and_new_market_waits_for_image) ... Executing <Task finished name='Task-540' coro=<CoverageOwner.finish() done, defined at /Users/michaelfuscoletti/Desktop/prediction-arb/app/dashboard/coverage_owner.py:123> result=None created at /opt/homebrew/Cellar/python@3.14/3.14.5/Frameworks/Python.framework/Versions/3.14/lib/python3.14/asyncio/tasks.py:395> took 1.503 seconds
ok
test_resource_stop_before_intended_stop_is_not_operator_success (tests.test_segmented_collector.Integration.test_resource_stop_before_intended_stop_is_not_operator_success) ... Executing <Task finished name='Task-768' coro=<CoverageOwner.finish() done, defined at /Users/michaelfuscoletti/Desktop/prediction-arb/app/dashboard/coverage_owner.py:123> result=None created at /opt/homebrew/Cellar/python@3.14/3.14.5/Frameworks/Python.framework/Versions/3.14/lib/python3.14/asyncio/tasks.py:395> took 5.929 seconds
ok
test_rotation_io_failure_preserves_interrupted_history_without_terminal (tests.test_segmented_collector.Integration.test_rotation_io_failure_preserves_interrupted_history_without_terminal) ... ok
test_startup_budget_failure_releases_history_and_consumes_attempt (tests.test_segmented_collector.Integration.test_startup_budget_failure_releases_history_and_consumes_attempt) ... ok
test_stop_during_new_group_metadata_does_not_start_or_apply_it (tests.test_segmented_collector.Integration.test_stop_during_new_group_metadata_does_not_start_or_apply_it) ... ok
test_stop_requested_at_rotation_keeps_durable_catalog_coherent (tests.test_segmented_collector.Integration.test_stop_requested_at_rotation_keeps_durable_catalog_coherent) ... Executing <Task finished name='Task-1527' coro=<CoverageOwner.finish() done, defined at /Users/michaelfuscoletti/Desktop/prediction-arb/app/dashboard/coverage_owner.py:123> result=None created at /opt/homebrew/Cellar/python@3.14/3.14.5/Frameworks/Python.framework/Versions/3.14/lib/python3.14/asyncio/tasks.py:395> took 1.528 seconds
ok
test_stop_with_pending_work_drains_before_terminal (tests.test_segmented_collector.Integration.test_stop_with_pending_work_drains_before_terminal) ... ok

----------------------------------------------------------------------
Ran 12 tests in 30.278s

OK
{
  "passed": true,
  "tests": 12,
  "failures": 0,
  "errors": 0,
  "rss_peak": 75268096,
  "source_unchanged": true,
  "connected_addresses": {
    "127.0.0.1": 42
  }
}
