test_control_report_after_stop_drain_refresh_and_exact_replay (tests.test_finalization_resources.Lifecycle.test_control_report_after_stop_drain_refresh_and_exact_replay) ... ok
test_cumulative_write_limit_prevents_report_write (tests.test_finalization_resources.Receipt.test_cumulative_write_limit_prevents_report_write) ... ok
test_deadline_and_post_write_memory_failure_retained (tests.test_finalization_resources.Receipt.test_deadline_and_post_write_memory_failure_retained) ... ok
test_saved_sized_report_independent_writes_and_post_write_sample (tests.test_finalization_resources.Receipt.test_saved_sized_report_independent_writes_and_post_write_sample) ... ok
test_endpoint_and_credential_boundary (tests.test_supervised_live.Boundary.test_endpoint_and_credential_boundary) ... ok
test_explicit_selection_and_real_journal (tests.test_supervised_live.Boundary.test_explicit_selection_and_real_journal) ... ok
test_mock_cannot_receive_live_destinations_or_credentials (tests.test_supervised_live.Boundary.test_mock_cannot_receive_live_destinations_or_credentials) ... ok
test_consumed_attempt_and_start_validation (tests.test_supervised_live.Controls.test_consumed_attempt_and_start_validation) ... ok
test_explicit_stop_closes_intake_synchronously (tests.test_supervised_live.Controls.test_explicit_stop_closes_intake_synchronously) ... ok
test_shared_owner_lock_precedes_credentials_and_attempt (tests.test_supervised_live.Controls.test_shared_owner_lock_precedes_credentials_and_attempt) ... ok
test_accounting_temporaries_released_without_cyclic_gc (tests.test_supervised.Bounds.test_accounting_temporaries_released_without_cyclic_gc) ... ok
test_exact_identity_duplicate_across_chunks (tests.test_supervised.Bounds.test_exact_identity_duplicate_across_chunks) ... ok
test_new_history_and_rate_boundaries (tests.test_supervised.Bounds.test_new_history_and_rate_boundaries) ... ok
test_policy_opt_in_and_legacy_defaults (tests.test_supervised.Bounds.test_policy_opt_in_and_legacy_defaults) ... ok
test_samples_and_disk_reserve (tests.test_supervised.Bounds.test_samples_and_disk_reserve) ... ok
test_segment_rotation_preserves_session_budget (tests.test_supervised.Bounds.test_segment_rotation_preserves_session_budget) ... ok
test_original_exact_with_bounded_native_state (tests.test_supervised.Retained.test_original_exact_with_bounded_native_state) ... ok
test_timing_retry_stop_deadline (tests.test_supervised_pacing.Pacing.test_timing_retry_stop_deadline) ... ok
test_busy_refresh_active_stop_exact_incremental_finalization (tests.test_segmented_collector.Integration.test_busy_refresh_active_stop_exact_incremental_finalization) ... Executing <Task finished name='Task-115' coro=<CoverageOwner.finish() done, defined at /Users/michaelfuscoletti/Desktop/prediction-arb/app/dashboard/coverage_owner.py:133> result=None created at /opt/homebrew/Cellar/python@3.14/3.14.5/Frameworks/Python.framework/Versions/3.14/lib/python3.14/asyncio/tasks.py:395> took 2.720 seconds
Executing <Task pending name='Task-113' coro=<Integration.test_busy_refresh_active_stop_exact_incremental_finalization() running at /Users/michaelfuscoletti/Desktop/prediction-arb/tests/test_segmented_collector.py:48> cb=[_run_until_complete_cb() at /opt/homebrew/Cellar/python@3.14/3.14.5/Frameworks/Python.framework/Versions/3.14/lib/python3.14/asyncio/base_events.py:181] created at /opt/homebrew/Cellar/python@3.14/3.14.5/Frameworks/Python.framework/Versions/3.14/lib/python3.14/asyncio/runners.py:109> took 0.335 seconds
ok
test_final_manifest_failure_is_not_successful_stop (tests.test_segmented_collector.Integration.test_final_manifest_failure_is_not_successful_stop) ... ok
test_isolation_rejects_real_spec_credentials_and_destinations (tests.test_segmented_collector.Integration.test_isolation_rejects_real_spec_credentials_and_destinations) ... ok
test_local_redirects_never_contact_external_hosts (tests.test_segmented_collector.Integration.test_local_redirects_never_contact_external_hosts) ... discovery failed (ValueError); frames=transport_session.py:352:run > continuous.py:413:discover > continuous.py:340:discover
ok
test_queue_rejection_keeps_durable_native_frames (tests.test_segmented_collector.Integration.test_queue_rejection_keeps_durable_native_frames) ... ok
test_refresh_rotates_publication_and_new_market_waits_for_image (tests.test_segmented_collector.Integration.test_refresh_rotates_publication_and_new_market_waits_for_image) ... Executing <Task finished name='Task-651' coro=<CoverageOwner.finish() done, defined at /Users/michaelfuscoletti/Desktop/prediction-arb/app/dashboard/coverage_owner.py:133> result=None created at /opt/homebrew/Cellar/python@3.14/3.14.5/Frameworks/Python.framework/Versions/3.14/lib/python3.14/asyncio/tasks.py:395> took 1.333 seconds
ok
test_resource_stop_before_intended_stop_is_not_operator_success (tests.test_segmented_collector.Integration.test_resource_stop_before_intended_stop_is_not_operator_success) ... Executing <Task finished name='Task-879' coro=<CoverageOwner.finish() done, defined at /Users/michaelfuscoletti/Desktop/prediction-arb/app/dashboard/coverage_owner.py:133> result=None created at /opt/homebrew/Cellar/python@3.14/3.14.5/Frameworks/Python.framework/Versions/3.14/lib/python3.14/asyncio/tasks.py:395> took 5.505 seconds
ok
test_rotation_io_failure_preserves_interrupted_history_without_terminal (tests.test_segmented_collector.Integration.test_rotation_io_failure_preserves_interrupted_history_without_terminal) ... ok
test_startup_budget_failure_releases_history_and_consumes_attempt (tests.test_segmented_collector.Integration.test_startup_budget_failure_releases_history_and_consumes_attempt) ... ok
test_stop_during_new_group_metadata_does_not_start_or_apply_it (tests.test_segmented_collector.Integration.test_stop_during_new_group_metadata_does_not_start_or_apply_it) ... ok
test_stop_requested_at_rotation_keeps_durable_catalog_coherent (tests.test_segmented_collector.Integration.test_stop_requested_at_rotation_keeps_durable_catalog_coherent) ... Executing <Task finished name='Task-1638' coro=<CoverageOwner.finish() done, defined at /Users/michaelfuscoletti/Desktop/prediction-arb/app/dashboard/coverage_owner.py:133> result=None created at /opt/homebrew/Cellar/python@3.14/3.14.5/Frameworks/Python.framework/Versions/3.14/lib/python3.14/asyncio/tasks.py:395> took 1.274 seconds
ok
test_stop_with_pending_work_drains_before_terminal (tests.test_segmented_collector.Integration.test_stop_with_pending_work_drains_before_terminal) ... ok
test_failed_finalization_never_reports_runtime_success (tests.test_segmented.CrashBoundaries.test_failed_finalization_never_reports_runtime_success) ... ok
test_native_dependencies_and_clocks_fail_closed (tests.test_segmented.CrashBoundaries.test_native_dependencies_and_clocks_fail_closed) ... ok
test_process_exit_at_every_rotation_boundary (tests.test_segmented.CrashBoundaries.test_process_exit_at_every_rotation_boundary) ... ok
test_recovery_device_identity_is_not_normalized (tests.test_segmented.CrashBoundaries.test_recovery_device_identity_is_not_normalized) ... ok
test_pending_queue_stop_and_both_feeds_tasks_finalize (tests.test_segmented.Owner.test_pending_queue_stop_and_both_feeds_tasks_finalize) ... ok
test_storage_unresolved_and_queue_byte_accounting (tests.test_segmented.Owner.test_storage_unresolved_and_queue_byte_accounting) ... ok
test_terminal_finalization_and_cleanup_failure (tests.test_segmented.Owner.test_terminal_finalization_and_cleanup_failure) ... ok
test_fresh_old_new_recovery_and_health_books (tests.test_segmented.SavedCalculations.test_fresh_old_new_recovery_and_health_books) ... ok
test_saved_calculations_exact_after_segmented_reopening (tests.test_segmented.SavedCalculations.test_saved_calculations_exact_after_segmented_reopening) ... ok
test_controls_and_terminal_fit_inside_segment_payload_limits (tests.test_segmented.Segments.test_controls_and_terminal_fit_inside_segment_payload_limits) ... ok
test_every_rotation_publication_boundary_and_index_identity (tests.test_segmented.Segments.test_every_rotation_publication_boundary_and_index_identity) ... ok
test_incomplete_cleanup_and_post_terminal_refused (tests.test_segmented.Segments.test_incomplete_cleanup_and_post_terminal_refused) ... ok
test_missing_reordered_corrupt_and_dependency_fail_closed (tests.test_segmented.Segments.test_missing_reordered_corrupt_and_dependency_fail_closed) ... ok
test_partial_write_and_fsync_failure_are_not_acknowledgements (tests.test_segmented.Segments.test_partial_write_and_fsync_failure_are_not_acknowledgements) ... ok
test_real_575_exact_across_metadata_and_stream_boundaries (tests.test_segmented.Segments.test_real_575_exact_across_metadata_and_stream_boundaries) ... ok
test_resource_guards (tests.test_segmented.Segments.test_resource_guards) ... ok
test_restart_and_active_writer_guards (tests.test_segmented.Segments.test_restart_and_active_writer_guards) ... ok
test_rotation_never_resets_cumulative_counters (tests.test_segmented.Segments.test_rotation_never_resets_cumulative_counters) ... ok
test_run_encoded_expanded_and_per_row_limits (tests.test_segmented.Segments.test_run_encoded_expanded_and_per_row_limits) ... ok
test_unmocked_discovery_to_grouped_sockets_and_manual_stop (tests.test_continuous.FullLocalTransport.test_unmocked_discovery_to_grouped_sockets_and_manual_stop)
Only endpoints/credentials are substituted; real D2 request path executes. ... Executing <Task pending name='Task-1926' coro=<Discovery.venue() running at /Users/michaelfuscoletti/Desktop/prediction-arb/app/collection/continuous.py:288> wait_for=<Future pending cb=[Task.task_wakeup()] created at /opt/homebrew/Cellar/python@3.14/3.14.5/Frameworks/Python.framework/Versions/3.14/lib/python3.14/asyncio/base_events.py:459> cb=[gather.<locals>._done_callback() at /opt/homebrew/Cellar/python@3.14/3.14.5/Frameworks/Python.framework/Versions/3.14/lib/python3.14/asyncio/tasks.py:810] created at /opt/homebrew/Cellar/python@3.14/3.14.5/Frameworks/Python.framework/Versions/3.14/lib/python3.14/asyncio/tasks.py:732> took 0.120 seconds
Executing <Task finished name='Task-1923' coro=<Venue.discover() done, defined at /Users/michaelfuscoletti/Desktop/prediction-arb/app/collection/continuous.py:412> result={'k0m': Market(raw=Ra...nical_id=None), 'k10m': Market(raw=Ra...nical_id=None), 'k11m': Market(raw=Ra...nical_id=None), 'k12m': Market(raw=Ra...nical_id=None), ...} created at /opt/homebrew/Cellar/python@3.14/3.14.5/Frameworks/Python.framework/Versions/3.14/lib/python3.14/asyncio/tasks.py:395> took 0.160 seconds
Executing <Task pending name='Task-1996' coro=<Discovery.venue() running at /Users/michaelfuscoletti/Desktop/prediction-arb/app/collection/continuous.py:288> wait_for=<Future pending cb=[Task.task_wakeup()] created at /opt/homebrew/Cellar/python@3.14/3.14.5/Frameworks/Python.framework/Versions/3.14/lib/python3.14/asyncio/base_events.py:459> cb=[gather.<locals>._done_callback() at /opt/homebrew/Cellar/python@3.14/3.14.5/Frameworks/Python.framework/Versions/3.14/lib/python3.14/asyncio/tasks.py:810] created at /opt/homebrew/Cellar/python@3.14/3.14.5/Frameworks/Python.framework/Versions/3.14/lib/python3.14/asyncio/tasks.py:732> took 0.231 seconds
Executing <Task pending name='Task-1996' coro=<Discovery.venue() running at /Users/michaelfuscoletti/Desktop/prediction-arb/app/collection/continuous.py:288> wait_for=<Future pending cb=[Task.task_wakeup()] created at /opt/homebrew/Cellar/python@3.14/3.14.5/Frameworks/Python.framework/Versions/3.14/lib/python3.14/asyncio/base_events.py:459> cb=[gather.<locals>._done_callback() at /opt/homebrew/Cellar/python@3.14/3.14.5/Frameworks/Python.framework/Versions/3.14/lib/python3.14/asyncio/tasks.py:810] created at /opt/homebrew/Cellar/python@3.14/3.14.5/Frameworks/Python.framework/Versions/3.14/lib/python3.14/asyncio/tasks.py:732> took 0.129 seconds
Executing <Task pending name='Task-1996' coro=<Discovery.venue() running at /Users/michaelfuscoletti/Desktop/prediction-arb/app/collection/continuous.py:288> wait_for=<Future pending cb=[Task.task_wakeup()] created at /opt/homebrew/Cellar/python@3.14/3.14.5/Frameworks/Python.framework/Versions/3.14/lib/python3.14/asyncio/base_events.py:459> cb=[gather.<locals>._done_callback() at /opt/homebrew/Cellar/python@3.14/3.14.5/Frameworks/Python.framework/Versions/3.14/lib/python3.14/asyncio/tasks.py:810] created at /opt/homebrew/Cellar/python@3.14/3.14.5/Frameworks/Python.framework/Versions/3.14/lib/python3.14/asyncio/tasks.py:732> took 0.118 seconds
Executing <Task pending name='Task-1996' coro=<Discovery.venue() running at /Users/michaelfuscoletti/Desktop/prediction-arb/app/collection/continuous.py:288> wait_for=<Future pending cb=[Task.task_wakeup()] created at /opt/homebrew/Cellar/python@3.14/3.14.5/Frameworks/Python.framework/Versions/3.14/lib/python3.14/asyncio/base_events.py:459> cb=[gather.<locals>._done_callback() at /opt/homebrew/Cellar/python@3.14/3.14.5/Frameworks/Python.framework/Versions/3.14/lib/python3.14/asyncio/tasks.py:810] created at /opt/homebrew/Cellar/python@3.14/3.14.5/Frameworks/Python.framework/Versions/3.14/lib/python3.14/asyncio/tasks.py:732> took 0.128 seconds
Executing <Task pending name='Task-1996' coro=<Discovery.venue() running at /Users/michaelfuscoletti/Desktop/prediction-arb/app/collection/continuous.py:288> wait_for=<Future pending cb=[Task.task_wakeup()] created at /opt/homebrew/Cellar/python@3.14/3.14.5/Frameworks/Python.framework/Versions/3.14/lib/python3.14/asyncio/base_events.py:459> cb=[gather.<locals>._done_callback() at /opt/homebrew/Cellar/python@3.14/3.14.5/Frameworks/Python.framework/Versions/3.14/lib/python3.14/asyncio/tasks.py:810] created at /opt/homebrew/Cellar/python@3.14/3.14.5/Frameworks/Python.framework/Versions/3.14/lib/python3.14/asyncio/tasks.py:732> took 0.118 seconds
Executing <Task pending name='Task-1996' coro=<Discovery.venue() running at /Users/michaelfuscoletti/Desktop/prediction-arb/app/collection/continuous.py:288> wait_for=<Future pending cb=[Task.task_wakeup()] created at /opt/homebrew/Cellar/python@3.14/3.14.5/Frameworks/Python.framework/Versions/3.14/lib/python3.14/asyncio/base_events.py:459> cb=[gather.<locals>._done_callback() at /opt/homebrew/Cellar/python@3.14/3.14.5/Frameworks/Python.framework/Versions/3.14/lib/python3.14/asyncio/tasks.py:810] created at /opt/homebrew/Cellar/python@3.14/3.14.5/Frameworks/Python.framework/Versions/3.14/lib/python3.14/asyncio/tasks.py:732> took 0.129 seconds
Executing <Task pending name='Task-1996' coro=<Discovery.venue() running at /Users/michaelfuscoletti/Desktop/prediction-arb/app/collection/continuous.py:288> wait_for=<Future pending cb=[Task.task_wakeup()] created at /opt/homebrew/Cellar/python@3.14/3.14.5/Frameworks/Python.framework/Versions/3.14/lib/python3.14/asyncio/base_events.py:459> cb=[gather.<locals>._done_callback() at /opt/homebrew/Cellar/python@3.14/3.14.5/Frameworks/Python.framework/Versions/3.14/lib/python3.14/asyncio/tasks.py:810] created at /opt/homebrew/Cellar/python@3.14/3.14.5/Frameworks/Python.framework/Versions/3.14/lib/python3.14/asyncio/tasks.py:732> took 0.118 seconds
Executing <Task pending name='Task-1996' coro=<Discovery.venue() running at /Users/michaelfuscoletti/Desktop/prediction-arb/app/collection/continuous.py:288> wait_for=<Future pending cb=[Task.task_wakeup()] created at /opt/homebrew/Cellar/python@3.14/3.14.5/Frameworks/Python.framework/Versions/3.14/lib/python3.14/asyncio/base_events.py:459> cb=[gather.<locals>._done_callback() at /opt/homebrew/Cellar/python@3.14/3.14.5/Frameworks/Python.framework/Versions/3.14/lib/python3.14/asyncio/tasks.py:810] created at /opt/homebrew/Cellar/python@3.14/3.14.5/Frameworks/Python.framework/Versions/3.14/lib/python3.14/asyncio/tasks.py:732> took 0.126 seconds
Executing <Task pending name='Task-1996' coro=<Discovery.venue() running at /Users/michaelfuscoletti/Desktop/prediction-arb/app/collection/continuous.py:288> wait_for=<Future pending cb=[Task.task_wakeup()] created at /opt/homebrew/Cellar/python@3.14/3.14.5/Frameworks/Python.framework/Versions/3.14/lib/python3.14/asyncio/base_events.py:459> cb=[gather.<locals>._done_callback() at /opt/homebrew/Cellar/python@3.14/3.14.5/Frameworks/Python.framework/Versions/3.14/lib/python3.14/asyncio/tasks.py:810] created at /opt/homebrew/Cellar/python@3.14/3.14.5/Frameworks/Python.framework/Versions/3.14/lib/python3.14/asyncio/tasks.py:732> took 0.116 seconds
Executing <Task pending name='Task-1996' coro=<Discovery.venue() running at /Users/michaelfuscoletti/Desktop/prediction-arb/app/collection/continuous.py:288> wait_for=<Future pending cb=[Task.task_wakeup()] created at /opt/homebrew/Cellar/python@3.14/3.14.5/Frameworks/Python.framework/Versions/3.14/lib/python3.14/asyncio/base_events.py:459> cb=[gather.<locals>._done_callback() at /opt/homebrew/Cellar/python@3.14/3.14.5/Frameworks/Python.framework/Versions/3.14/lib/python3.14/asyncio/tasks.py:810] created at /opt/homebrew/Cellar/python@3.14/3.14.5/Frameworks/Python.framework/Versions/3.14/lib/python3.14/asyncio/tasks.py:732> took 0.127 seconds
Executing <Task pending name='Task-1996' coro=<Discovery.venue() running at /Users/michaelfuscoletti/Desktop/prediction-arb/app/collection/continuous.py:288> wait_for=<Future pending cb=[Task.task_wakeup()] created at /opt/homebrew/Cellar/python@3.14/3.14.5/Frameworks/Python.framework/Versions/3.14/lib/python3.14/asyncio/base_events.py:459> cb=[gather.<locals>._done_callback() at /opt/homebrew/Cellar/python@3.14/3.14.5/Frameworks/Python.framework/Versions/3.14/lib/python3.14/asyncio/tasks.py:810] created at /opt/homebrew/Cellar/python@3.14/3.14.5/Frameworks/Python.framework/Versions/3.14/lib/python3.14/asyncio/tasks.py:732> took 0.117 seconds
Executing <Task pending name='Task-1996' coro=<Discovery.venue() running at /Users/michaelfuscoletti/Desktop/prediction-arb/app/collection/continuous.py:288> wait_for=<Future pending cb=[Task.task_wakeup()] created at /opt/homebrew/Cellar/python@3.14/3.14.5/Frameworks/Python.framework/Versions/3.14/lib/python3.14/asyncio/base_events.py:459> cb=[gather.<locals>._done_callback() at /opt/homebrew/Cellar/python@3.14/3.14.5/Frameworks/Python.framework/Versions/3.14/lib/python3.14/asyncio/tasks.py:810] created at /opt/homebrew/Cellar/python@3.14/3.14.5/Frameworks/Python.framework/Versions/3.14/lib/python3.14/asyncio/tasks.py:732> took 0.119 seconds
Executing <Task pending name='Task-1996' coro=<Discovery.venue() running at /Users/michaelfuscoletti/Desktop/prediction-arb/app/collection/continuous.py:288> wait_for=<Future pending cb=[Task.task_wakeup()] created at /opt/homebrew/Cellar/python@3.14/3.14.5/Frameworks/Python.framework/Versions/3.14/lib/python3.14/asyncio/base_events.py:459> cb=[gather.<locals>._done_callback() at /opt/homebrew/Cellar/python@3.14/3.14.5/Frameworks/Python.framework/Versions/3.14/lib/python3.14/asyncio/tasks.py:810] created at /opt/homebrew/Cellar/python@3.14/3.14.5/Frameworks/Python.framework/Versions/3.14/lib/python3.14/asyncio/tasks.py:732> took 0.128 seconds
Executing <Task pending name='Task-1996' coro=<Discovery.venue() running at /Users/michaelfuscoletti/Desktop/prediction-arb/app/collection/continuous.py:288> wait_for=<Future pending cb=[Task.task_wakeup()] created at /opt/homebrew/Cellar/python@3.14/3.14.5/Frameworks/Python.framework/Versions/3.14/lib/python3.14/asyncio/base_events.py:459> cb=[gather.<locals>._done_callback() at /opt/homebrew/Cellar/python@3.14/3.14.5/Frameworks/Python.framework/Versions/3.14/lib/python3.14/asyncio/tasks.py:810] created at /opt/homebrew/Cellar/python@3.14/3.14.5/Frameworks/Python.framework/Versions/3.14/lib/python3.14/asyncio/tasks.py:732> took 0.113 seconds
Executing <Task pending name='Task-1996' coro=<Discovery.venue() running at /Users/michaelfuscoletti/Desktop/prediction-arb/app/collection/continuous.py:288> wait_for=<Future pending cb=[Task.task_wakeup()] created at /opt/homebrew/Cellar/python@3.14/3.14.5/Frameworks/Python.framework/Versions/3.14/lib/python3.14/asyncio/base_events.py:459> cb=[gather.<locals>._done_callback() at /opt/homebrew/Cellar/python@3.14/3.14.5/Frameworks/Python.framework/Versions/3.14/lib/python3.14/asyncio/tasks.py:810] created at /opt/homebrew/Cellar/python@3.14/3.14.5/Frameworks/Python.framework/Versions/3.14/lib/python3.14/asyncio/tasks.py:732> took 0.116 seconds
Executing <Task pending name='Task-1996' coro=<Discovery.venue() running at /Users/michaelfuscoletti/Desktop/prediction-arb/app/collection/continuous.py:288> wait_for=<Future pending cb=[Task.task_wakeup()] created at /opt/homebrew/Cellar/python@3.14/3.14.5/Frameworks/Python.framework/Versions/3.14/lib/python3.14/asyncio/base_events.py:459> cb=[gather.<locals>._done_callback() at /opt/homebrew/Cellar/python@3.14/3.14.5/Frameworks/Python.framework/Versions/3.14/lib/python3.14/asyncio/tasks.py:810] created at /opt/homebrew/Cellar/python@3.14/3.14.5/Frameworks/Python.framework/Versions/3.14/lib/python3.14/asyncio/tasks.py:732> took 0.129 seconds
Executing <Task pending name='Task-1996' coro=<Discovery.venue() running at /Users/michaelfuscoletti/Desktop/prediction-arb/app/collection/continuous.py:288> wait_for=<Future pending cb=[Task.task_wakeup()] created at /opt/homebrew/Cellar/python@3.14/3.14.5/Frameworks/Python.framework/Versions/3.14/lib/python3.14/asyncio/base_events.py:459> cb=[gather.<locals>._done_callback() at /opt/homebrew/Cellar/python@3.14/3.14.5/Frameworks/Python.framework/Versions/3.14/lib/python3.14/asyncio/tasks.py:810] created at /opt/homebrew/Cellar/python@3.14/3.14.5/Frameworks/Python.framework/Versions/3.14/lib/python3.14/asyncio/tasks.py:732> took 0.119 seconds
Executing <Task pending name='Task-1996' coro=<Discovery.venue() running at /Users/michaelfuscoletti/Desktop/prediction-arb/app/collection/continuous.py:288> wait_for=<Future pending cb=[Task.task_wakeup()] created at /opt/homebrew/Cellar/python@3.14/3.14.5/Frameworks/Python.framework/Versions/3.14/lib/python3.14/asyncio/base_events.py:459> cb=[gather.<locals>._done_callback() at /opt/homebrew/Cellar/python@3.14/3.14.5/Frameworks/Python.framework/Versions/3.14/lib/python3.14/asyncio/tasks.py:810] created at /opt/homebrew/Cellar/python@3.14/3.14.5/Frameworks/Python.framework/Versions/3.14/lib/python3.14/asyncio/tasks.py:732> took 0.130 seconds
Executing <Task pending name='Task-1996' coro=<Discovery.venue() running at /Users/michaelfuscoletti/Desktop/prediction-arb/app/collection/continuous.py:288> wait_for=<Future pending cb=[Task.task_wakeup()] created at /opt/homebrew/Cellar/python@3.14/3.14.5/Frameworks/Python.framework/Versions/3.14/lib/python3.14/asyncio/base_events.py:459> cb=[gather.<locals>._done_callback() at /opt/homebrew/Cellar/python@3.14/3.14.5/Frameworks/Python.framework/Versions/3.14/lib/python3.14/asyncio/tasks.py:810] created at /opt/homebrew/Cellar/python@3.14/3.14.5/Frameworks/Python.framework/Versions/3.14/lib/python3.14/asyncio/tasks.py:732> took 0.115 seconds
Executing <Task pending name='Task-1996' coro=<Discovery.venue() running at /Users/michaelfuscoletti/Desktop/prediction-arb/app/collection/continuous.py:288> wait_for=<Future pending cb=[Task.task_wakeup()] created at /opt/homebrew/Cellar/python@3.14/3.14.5/Frameworks/Python.framework/Versions/3.14/lib/python3.14/asyncio/base_events.py:459> cb=[gather.<locals>._done_callback() at /opt/homebrew/Cellar/python@3.14/3.14.5/Frameworks/Python.framework/Versions/3.14/lib/python3.14/asyncio/tasks.py:810] created at /opt/homebrew/Cellar/python@3.14/3.14.5/Frameworks/Python.framework/Versions/3.14/lib/python3.14/asyncio/tasks.py:732> took 0.115 seconds
Executing <Task pending name='Task-1996' coro=<Discovery.venue() running at /Users/michaelfuscoletti/Desktop/prediction-arb/app/collection/continuous.py:288> wait_for=<Future pending cb=[Task.task_wakeup()] created at /opt/homebrew/Cellar/python@3.14/3.14.5/Frameworks/Python.framework/Versions/3.14/lib/python3.14/asyncio/base_events.py:459> cb=[gather.<locals>._done_callback() at /opt/homebrew/Cellar/python@3.14/3.14.5/Frameworks/Python.framework/Versions/3.14/lib/python3.14/asyncio/tasks.py:810] created at /opt/homebrew/Cellar/python@3.14/3.14.5/Frameworks/Python.framework/Versions/3.14/lib/python3.14/asyncio/tasks.py:732> took 0.124 seconds
Executing <Task pending name='Task-1996' coro=<Discovery.venue() running at /Users/michaelfuscoletti/Desktop/prediction-arb/app/collection/continuous.py:288> wait_for=<Future pending cb=[Task.task_wakeup()] created at /opt/homebrew/Cellar/python@3.14/3.14.5/Frameworks/Python.framework/Versions/3.14/lib/python3.14/asyncio/base_events.py:459> cb=[gather.<locals>._done_callback() at /opt/homebrew/Cellar/python@3.14/3.14.5/Frameworks/Python.framework/Versions/3.14/lib/python3.14/asyncio/tasks.py:810] created at /opt/homebrew/Cellar/python@3.14/3.14.5/Frameworks/Python.framework/Versions/3.14/lib/python3.14/asyncio/tasks.py:732> took 0.115 seconds
Executing <Task pending name='Task-1996' coro=<Discovery.venue() running at /Users/michaelfuscoletti/Desktop/prediction-arb/app/collection/continuous.py:288> wait_for=<Future pending cb=[Task.task_wakeup()] created at /opt/homebrew/Cellar/python@3.14/3.14.5/Frameworks/Python.framework/Versions/3.14/lib/python3.14/asyncio/base_events.py:459> cb=[gather.<locals>._done_callback() at /opt/homebrew/Cellar/python@3.14/3.14.5/Frameworks/Python.framework/Versions/3.14/lib/python3.14/asyncio/tasks.py:810] created at /opt/homebrew/Cellar/python@3.14/3.14.5/Frameworks/Python.framework/Versions/3.14/lib/python3.14/asyncio/tasks.py:732> took 0.117 seconds
Executing <Task pending name='Task-1996' coro=<Discovery.venue() running at /Users/michaelfuscoletti/Desktop/prediction-arb/app/collection/continuous.py:288> wait_for=<Future pending cb=[Task.task_wakeup()] created at /opt/homebrew/Cellar/python@3.14/3.14.5/Frameworks/Python.framework/Versions/3.14/lib/python3.14/asyncio/base_events.py:459> cb=[gather.<locals>._done_callback() at /opt/homebrew/Cellar/python@3.14/3.14.5/Frameworks/Python.framework/Versions/3.14/lib/python3.14/asyncio/tasks.py:810] created at /opt/homebrew/Cellar/python@3.14/3.14.5/Frameworks/Python.framework/Versions/3.14/lib/python3.14/asyncio/tasks.py:732> took 0.127 seconds
Executing <Task finished name='Task-1996' coro=<Discovery.venue() done, defined at /Users/michaelfuscoletti/Desktop/prediction-arb/app/collection/continuous.py:261> result=None created at /opt/homebrew/Cellar/python@3.14/3.14.5/Frameworks/Python.framework/Versions/3.14/lib/python3.14/asyncio/tasks.py:732> took 0.116 seconds
Executing <Task pending name='Task-1919' coro=<FullLocalTransport.test_unmocked_discovery_to_grouped_sockets_and_manual_stop() running at /Users/michaelfuscoletti/Desktop/prediction-arb/tests/test_continuous.py:269> wait_for=<Task pending name='Task-1920' coro=<ContinuousSession.run() running at /Users/michaelfuscoletti/Desktop/prediction-arb/app/collection/continuous.py:720> wait_for=<Future finished result=True created at /opt/homebrew/Cellar/python@3.14/3.14.5/Frameworks/Python.framework/Versions/3.14/lib/python3.14/asyncio/base_events.py:459> cb=[Task.task_wakeup()] created at /opt/homebrew/Cellar/python@3.14/3.14.5/Frameworks/Python.framework/Versions/3.14/lib/python3.14/asyncio/tasks.py:395> cb=[_run_until_complete_cb() at /opt/homebrew/Cellar/python@3.14/3.14.5/Frameworks/Python.framework/Versions/3.14/lib/python3.14/asyncio/base_events.py:181] created at /opt/homebrew/Cellar/python@3.14/3.14.5/Frameworks/Python.framework/Versions/3.14/lib/python3.14/asyncio/runners.py:109> took 0.185 seconds
ok
test_acknowledgement_and_disconnect_are_distinct (tests.test_continuous.Inventory.test_acknowledgement_and_disconnect_are_distinct) ... ok
test_connection_and_ingress_resource_stop (tests.test_continuous.Inventory.test_connection_and_ingress_resource_stop) ... ok
test_grouped_saved_native_replay_preserves_exact_packets (tests.test_continuous.Inventory.test_grouped_saved_native_replay_preserves_exact_packets) ... ok
test_independent_market_pages_and_missing_gameid (tests.test_continuous.Inventory.test_independent_market_pages_and_missing_gameid) ... ok
test_retry_preserves_failed_attempt_and_completes_position (tests.test_continuous.Inventory.test_retry_preserves_failed_attempt_and_completes_position) ... ok
test_unmatched_priority_cap_and_exact_margin (tests.test_continuous.Inventory.test_unmatched_priority_cap_and_exact_margin) ... ok
test_browser_client_close_manual_stop_idle_restart_and_single_owner (tests.test_continuous.Lifecycle.test_browser_client_close_manual_stop_idle_restart_and_single_owner) ... /Users/michaelfuscoletti/Desktop/prediction-arb/app/dashboard/multi_game_server.py:60: NotAppKeyWarning: It is recommended to use web.AppKey instances for keys.
https://docs.aiohttp.org/en/stable/web_advanced.html#application-s-config
  app=web.Application(middlewares=[guard],client_max_size=4096);app['owner']=owner
ok
test_journal_reserved_stop_preserves_terminal (tests.test_continuous.Lifecycle.test_journal_reserved_stop_preserves_terminal) ... ok
test_refresh_new_departed_closed_rescheduled_and_cutoff (tests.test_continuous.Lifecycle.test_refresh_new_departed_closed_rescheduled_and_cutoff) ... ok
test_retry_rate_and_request_ceiling (tests.test_continuous.Lifecycle.test_retry_rate_and_request_ceiling) ... ok
test_single_refresh_and_complete_market_queries_before_selection (tests.test_continuous.Lifecycle.test_single_refresh_and_complete_market_queries_before_selection) ... ok
test_cap_rejected_response_is_not_durable_inventory (tests.test_d2_repair.Repair.test_cap_rejected_response_is_not_durable_inventory) ... ok
test_durable_receipt_survives_queue_failure (tests.test_d2_repair.Repair.test_durable_receipt_survives_queue_failure) ... ok
test_interrupted_third_generation_preserves_second (tests.test_d2_repair.Repair.test_interrupted_third_generation_preserves_second) ... Executing <Task pending name='Task-2109' coro=<Repair.test_interrupted_third_generation_preserves_second() running at /Users/michaelfuscoletti/Desktop/prediction-arb/tests/test_d2_repair.py:65> wait_for=<_GatheringFuture pending cb=[Task.task_wakeup()] created at /opt/homebrew/Cellar/python@3.14/3.14.5/Frameworks/Python.framework/Versions/3.14/lib/python3.14/asyncio/tasks.py:749> cb=[_run_until_complete_cb() at /opt/homebrew/Cellar/python@3.14/3.14.5/Frameworks/Python.framework/Versions/3.14/lib/python3.14/asyncio/base_events.py:181] created at /opt/homebrew/Cellar/python@3.14/3.14.5/Frameworks/Python.framework/Versions/3.14/lib/python3.14/asyncio/runners.py:109> took 0.492 seconds
Executing <Task pending name='Task-2109' coro=<Repair.test_interrupted_third_generation_preserves_second() running at /Users/michaelfuscoletti/Desktop/prediction-arb/tests/test_d2_repair.py:67> wait_for=<_GatheringFuture pending cb=[Task.task_wakeup()] created at /opt/homebrew/Cellar/python@3.14/3.14.5/Frameworks/Python.framework/Versions/3.14/lib/python3.14/asyncio/tasks.py:749> cb=[_run_until_complete_cb() at /opt/homebrew/Cellar/python@3.14/3.14.5/Frameworks/Python.framework/Versions/3.14/lib/python3.14/asyncio/base_events.py:181] created at /opt/homebrew/Cellar/python@3.14/3.14.5/Frameworks/Python.framework/Versions/3.14/lib/python3.14/asyncio/runners.py:109> took 0.475 seconds
Executing <Task finished name='Task-2109' coro=<Repair.test_interrupted_third_generation_preserves_second() done, defined at /Users/michaelfuscoletti/Desktop/prediction-arb/tests/test_d2_repair.py:57> result=None created at /opt/homebrew/Cellar/python@3.14/3.14.5/Frameworks/Python.framework/Versions/3.14/lib/python3.14/asyncio/runners.py:109> took 0.418 seconds
ok
test_missing_terms_identity_sides_and_slug_conflict (tests.test_d2_repair.Repair.test_missing_terms_identity_sides_and_slug_conflict) ... ok
test_partial_closure_and_kickoff_invalidate_old_books (tests.test_d2_repair.Repair.test_partial_closure_and_kickoff_invalidate_old_books) ... ok
test_publication_rejection_and_cancellation (tests.test_d2_repair.Repair.test_publication_rejection_and_cancellation) ... Executing <Task pending name='Task-2128' coro=<Repair.test_publication_rejection_and_cancellation() running at /Users/michaelfuscoletti/Desktop/prediction-arb/tests/test_d2_repair.py:99> wait_for=<_GatheringFuture pending cb=[Task.task_wakeup()] created at /opt/homebrew/Cellar/python@3.14/3.14.5/Frameworks/Python.framework/Versions/3.14/lib/python3.14/asyncio/tasks.py:749> cb=[_run_until_complete_cb() at /opt/homebrew/Cellar/python@3.14/3.14.5/Frameworks/Python.framework/Versions/3.14/lib/python3.14/asyncio/base_events.py:181] created at /opt/homebrew/Cellar/python@3.14/3.14.5/Frameworks/Python.framework/Versions/3.14/lib/python3.14/asyncio/runners.py:109> took 0.490 seconds
Executing <Task pending name='Task-2128' coro=<Repair.test_publication_rejection_and_cancellation() running at /Users/michaelfuscoletti/Desktop/prediction-arb/tests/test_d2_repair.py:103> wait_for=<_GatheringFuture pending cb=[Task.task_wakeup()] created at /opt/homebrew/Cellar/python@3.14/3.14.5/Frameworks/Python.framework/Versions/3.14/lib/python3.14/asyncio/tasks.py:749> cb=[_run_until_complete_cb() at /opt/homebrew/Cellar/python@3.14/3.14.5/Frameworks/Python.framework/Versions/3.14/lib/python3.14/asyncio/base_events.py:181] created at /opt/homebrew/Cellar/python@3.14/3.14.5/Frameworks/Python.framework/Versions/3.14/lib/python3.14/asyncio/runners.py:109> took 0.953 seconds
ok
test_saved_contradiction_and_embedded_eligibility (tests.test_d2_repair.Repair.test_saved_contradiction_and_embedded_eligibility) ... ok
test_saved_exact_native_replay (tests.test_d2_repair.Repair.test_saved_exact_native_replay) ... ok
test_chain_interruption_and_legacy_readability (tests.test_journal_efficiency.Encoding.test_chain_interruption_and_legacy_readability) ... ok
test_corrupt_missing_unknown_and_oversized_encoding (tests.test_journal_efficiency.Encoding.test_corrupt_missing_unknown_and_oversized_encoding) ... ok
test_exact_original_workload_and_native_replay (tests.test_journal_efficiency.Encoding.test_exact_original_workload_and_native_replay) ... ok
test_record_byte_caps_rejections_and_terminal_reserve (tests.test_journal_efficiency.Encoding.test_record_byte_caps_rejections_and_terminal_reserve) ... ok

----------------------------------------------------------------------
Ran 73 tests in 66.882s

OK
