test_deadline_boundaries_unchanged (tests.test_delivery_launcher.Contracts.test_deadline_boundaries_unchanged) ... ok
test_explicit_approval_binding (tests.test_delivery_launcher.Contracts.test_explicit_approval_binding) ... ok
test_invalid_spec_has_no_files_or_credential_calls (tests.test_delivery_launcher.Contracts.test_invalid_spec_has_no_files_or_credential_calls) ... ok
test_kalshi_loader_exact_lookup_and_sanitized_failure (tests.test_delivery_launcher.Contracts.test_kalshi_loader_exact_lookup_and_sanitized_failure) ... ok
test_lock_consumed_marker_changed_output_and_failure (tests.test_delivery_launcher.Contracts.test_lock_consumed_marker_changed_output_and_failure) ... ok
test_manifest_roundtrip_and_source_runtime_execution_binding (tests.test_delivery_launcher.Contracts.test_manifest_roundtrip_and_source_runtime_execution_binding) ... ok
test_native_signing_exact_path_without_query (tests.test_delivery_launcher.Contracts.test_native_signing_exact_path_without_query) ... ok
test_production_root_and_injection_guards (tests.test_delivery_launcher.Contracts.test_production_root_and_injection_guards) ... ok
test_resource_failed_start_consumed_and_sanitized (tests.test_delivery_launcher.Contracts.test_resource_failed_start_consumed_and_sanitized) ... ok
test_observation_and_synthetic_selection_and_reference (tests.test_delivery_launcher.IdentityAndProvenance.test_observation_and_synthetic_selection_and_reference) ... ok
test_ready_receive_does_not_parse_or_change_reconstruction (tests.test_delivery_launcher.IdentityAndProvenance.test_ready_receive_does_not_parse_or_change_reconstruction) ... ok
test_real_never_accepts_fixture_authority (tests.test_delivery_launcher.IdentityAndProvenance.test_real_never_accepts_fixture_authority) ... ok
test_reference_begin_end_identity_matrix (tests.test_delivery_launcher.IdentityAndProvenance.test_reference_begin_end_identity_matrix) ... ok
test_url_quoted_ticker_guard (tests.test_delivery_launcher.IdentityAndProvenance.test_url_quoted_ticker_guard) ... ok
test_blocked_finalizer_independent_cutoff (tests.test_delivery_launcher.Processes.test_blocked_finalizer_independent_cutoff) ... Executing <Task pending name='Task-27' coro=<Processes.test_blocked_finalizer_independent_cutoff() running at /Users/michaelfuscoletti/Desktop/prediction-arb/tests/test_delivery_launcher.py:316> wait_for=<Future pending cb=[Task.task_wakeup()] created at /opt/homebrew/Cellar/python@3.14/3.14.5/Frameworks/Python.framework/Versions/3.14/lib/python3.14/asyncio/base_events.py:459> cb=[_run_until_complete_cb() at /opt/homebrew/Cellar/python@3.14/3.14.5/Frameworks/Python.framework/Versions/3.14/lib/python3.14/asyncio/base_events.py:181] created at /opt/homebrew/Cellar/python@3.14/3.14.5/Frameworks/Python.framework/Versions/3.14/lib/python3.14/asyncio/runners.py:109> took 0.170 seconds
ok
test_failed_credential_and_crash_are_consumed (tests.test_delivery_launcher.Processes.test_failed_credential_and_crash_are_consumed) ... Executing <Task pending name='Task-33' coro=<Processes.test_failed_credential_and_crash_are_consumed() running at /Users/michaelfuscoletti/Desktop/prediction-arb/tests/test_delivery_launcher.py:294> wait_for=<Future pending cb=[Task.task_wakeup()] created at /opt/homebrew/Cellar/python@3.14/3.14.5/Frameworks/Python.framework/Versions/3.14/lib/python3.14/asyncio/base_events.py:459> cb=[_run_until_complete_cb() at /opt/homebrew/Cellar/python@3.14/3.14.5/Frameworks/Python.framework/Versions/3.14/lib/python3.14/asyncio/base_events.py:181] created at /opt/homebrew/Cellar/python@3.14/3.14.5/Frameworks/Python.framework/Versions/3.14/lib/python3.14/asyncio/runners.py:109> took 0.181 seconds
Executing <Task pending name='Task-33' coro=<Processes.test_failed_credential_and_crash_are_consumed() running at /Users/michaelfuscoletti/Desktop/prediction-arb/tests/test_delivery_launcher.py:294> wait_for=<Future pending cb=[Task.task_wakeup()] created at /opt/homebrew/Cellar/python@3.14/3.14.5/Frameworks/Python.framework/Versions/3.14/lib/python3.14/asyncio/base_events.py:459> cb=[_run_until_complete_cb() at /opt/homebrew/Cellar/python@3.14/3.14.5/Frameworks/Python.framework/Versions/3.14/lib/python3.14/asyncio/base_events.py:181] created at /opt/homebrew/Cellar/python@3.14/3.14.5/Frameworks/Python.framework/Versions/3.14/lib/python3.14/asyncio/runners.py:109> took 0.151 seconds
ok
test_idle_invalid_start_concurrent_duplicate_and_direct_stop (tests.test_delivery_launcher.Processes.test_idle_invalid_start_concurrent_duplicate_and_direct_stop) ... Executing <Task pending name='Task-40' coro=<Processes.test_idle_invalid_start_concurrent_duplicate_and_direct_stop() running at /Users/michaelfuscoletti/Desktop/prediction-arb/tests/test_delivery_launcher.py:278> cb=[_run_until_complete_cb() at /opt/homebrew/Cellar/python@3.14/3.14.5/Frameworks/Python.framework/Versions/3.14/lib/python3.14/asyncio/base_events.py:181] created at /opt/homebrew/Cellar/python@3.14/3.14.5/Frameworks/Python.framework/Versions/3.14/lib/python3.14/asyncio/runners.py:109> took 0.155 seconds
ok
test_private_unix_controls_idle_and_stop_before_start (tests.test_delivery_launcher.Processes.test_private_unix_controls_idle_and_stop_before_start) ... {"ready": true, "socket": "/tmp/predict-delivery-a6a40cdfd50b9a18de9d8266.sock", "candidate": "76f1f0c3bd17ded660f3b4aa6442ce8df0c45c995b892dfb492b675092ac89ba", "idle": true}
ok
test_scheduled_stop_same_handler_short_clock (tests.test_delivery_launcher.Processes.test_scheduled_stop_same_handler_short_clock) ... Executing <Task pending name='Task-58' coro=<Processes.test_scheduled_stop_same_handler_short_clock() running at /Users/michaelfuscoletti/Desktop/prediction-arb/tests/test_delivery_launcher.py:302> wait_for=<Future pending cb=[Task.task_wakeup()] created at /opt/homebrew/Cellar/python@3.14/3.14.5/Frameworks/Python.framework/Versions/3.14/lib/python3.14/asyncio/base_events.py:459> cb=[_run_until_complete_cb() at /opt/homebrew/Cellar/python@3.14/3.14.5/Frameworks/Python.framework/Versions/3.14/lib/python3.14/asyncio/base_events.py:181] created at /opt/homebrew/Cellar/python@3.14/3.14.5/Frameworks/Python.framework/Versions/3.14/lib/python3.14/asyncio/runners.py:109> took 0.157 seconds
ok
test_supervisor_death_releases_worker_lock (tests.test_delivery_launcher.Processes.test_supervisor_death_releases_worker_lock) ... ok
test_watchdog_loss_kills_blocked_worker (tests.test_delivery_launcher.Processes.test_watchdog_loss_kills_blocked_worker) ... Executing <Task pending name='Task-69' coro=<Processes.test_watchdog_loss_kills_blocked_worker() running at /Users/michaelfuscoletti/Desktop/prediction-arb/tests/test_delivery_launcher.py:309> wait_for=<Future pending cb=[Task.task_wakeup()] created at /opt/homebrew/Cellar/python@3.14/3.14.5/Frameworks/Python.framework/Versions/3.14/lib/python3.14/asyncio/base_events.py:459> cb=[_run_until_complete_cb() at /opt/homebrew/Cellar/python@3.14/3.14.5/Frameworks/Python.framework/Versions/3.14/lib/python3.14/asyncio/base_events.py:181] created at /opt/homebrew/Cellar/python@3.14/3.14.5/Frameworks/Python.framework/Versions/3.14/lib/python3.14/asyncio/runners.py:109> took 0.170 seconds
Executing <Task finished name='Task-70' coro=<Launcher.observe() done, defined at /Users/michaelfuscoletti/Desktop/prediction-arb/app/collection/delivery_live.py:265> result=None created at /opt/homebrew/Cellar/python@3.14/3.14.5/Frameworks/Python.framework/Versions/3.14/lib/python3.14/asyncio/tasks.py:395> took 1.007 seconds
ok
test_charged_discovery_retry_and_fatal_reference (tests.test_delivery_launcher.Transport.test_charged_discovery_retry_and_fatal_reference) ... ok
test_fresh_reused_disconnect_redirect_and_header_secret (tests.test_delivery_launcher.Transport.test_fresh_reused_disconnect_redirect_and_header_secret) ... Executing <Task pending name='Task-80' coro=<Transport.test_fresh_reused_disconnect_redirect_and_header_secret() running at /Users/michaelfuscoletti/Desktop/prediction-arb/tests/test_delivery_launcher.py:217> wait_for=<_GatheringFuture pending cb=[Task.task_wakeup()] created at /opt/homebrew/Cellar/python@3.14/3.14.5/Frameworks/Python.framework/Versions/3.14/lib/python3.14/asyncio/tasks.py:749> cb=[_run_until_complete_cb() at /opt/homebrew/Cellar/python@3.14/3.14.5/Frameworks/Python.framework/Versions/3.14/lib/python3.14/asyncio/base_events.py:181] created at /opt/homebrew/Cellar/python@3.14/3.14.5/Frameworks/Python.framework/Versions/3.14/lib/python3.14/asyncio/runners.py:109> took 0.123 seconds
ok
test_blocked_loop_term_kill_and_control_eof (tests.test_delivery_launcher.WatchdogProcesses.test_blocked_loop_term_kill_and_control_eof) ... ok

----------------------------------------------------------------------
Ran 24 tests in 22.731s

OK
{"tests": 24, "passed": true, "wall_seconds": 22.752680458987015, "cpu_seconds": 2.4523349999999997, "peak_rss_bytes": 80084992, "guard": true}
