test_deadline_boundaries_unchanged (tests.test_delivery_launcher.Contracts.test_deadline_boundaries_unchanged) ... ok
test_explicit_approval_binding (tests.test_delivery_launcher.Contracts.test_explicit_approval_binding) ... ok
test_invalid_spec_has_no_files_or_credential_calls (tests.test_delivery_launcher.Contracts.test_invalid_spec_has_no_files_or_credential_calls) ... ok
test_kalshi_loader_exact_lookup_and_sanitized_failure (tests.test_delivery_launcher.Contracts.test_kalshi_loader_exact_lookup_and_sanitized_failure) ... ok
test_lock_consumed_marker_changed_output_and_failure (tests.test_delivery_launcher.Contracts.test_lock_consumed_marker_changed_output_and_failure) ... ok
test_manifest_roundtrip_and_source_runtime_execution_binding (tests.test_delivery_launcher.Contracts.test_manifest_roundtrip_and_source_runtime_execution_binding) ... ok
test_native_signing_exact_path_without_query (tests.test_delivery_launcher.Contracts.test_native_signing_exact_path_without_query) ... ok
test_production_root_and_injection_guards (tests.test_delivery_launcher.Contracts.test_production_root_and_injection_guards) ... ok
test_resource_failed_start_consumed_and_sanitized (tests.test_delivery_launcher.Contracts.test_resource_failed_start_consumed_and_sanitized) ... ok
test_observation_and_synthetic_selection_and_reference (tests.test_delivery_launcher.IdentityAndProvenance.test_observation_and_synthetic_selection_and_reference) ... ok
test_ready_receive_does_not_parse_or_change_reconstruction (tests.test_delivery_launcher.IdentityAndProvenance.test_ready_receive_does_not_parse_or_change_reconstruction) ... ok
test_real_never_accepts_fixture_authority (tests.test_delivery_launcher.IdentityAndProvenance.test_real_never_accepts_fixture_authority) ... ok
test_reference_begin_end_identity_matrix (tests.test_delivery_launcher.IdentityAndProvenance.test_reference_begin_end_identity_matrix) ... ok
test_url_quoted_ticker_guard (tests.test_delivery_launcher.IdentityAndProvenance.test_url_quoted_ticker_guard) ... ok
test_blocked_finalizer_independent_cutoff (tests.test_delivery_launcher.Processes.test_blocked_finalizer_independent_cutoff) ... Executing <Task pending name='Task-27' coro=<Processes.test_blocked_finalizer_independent_cutoff() running at /Users/michaelfuscoletti/Desktop/prediction-arb/tests/test_delivery_launcher.py:316> wait_for=<Future pending cb=[Task.task_wakeup()] created at /opt/homebrew/Cellar/python@3.14/3.14.5/Frameworks/Python.framework/Versions/3.14/lib/python3.14/asyncio/base_events.py:459> cb=[_run_until_complete_cb() at /opt/homebrew/Cellar/python@3.14/3.14.5/Frameworks/Python.framework/Versions/3.14/lib/python3.14/asyncio/base_events.py:181] created at /opt/homebrew/Cellar/python@3.14/3.14.5/Frameworks/Python.framework/Versions/3.14/lib/python3.14/asyncio/runners.py:109> took 0.165 seconds
Process SpawnProcess-2:
Traceback (most recent call last):
  File "/opt/homebrew/Cellar/python@3.14/3.14.5/Frameworks/Python.framework/Versions/3.14/lib/python3.14/multiprocessing/process.py", line 320, in _bootstrap
    self.run()
    ~~~~~~~~^^
  File "/opt/homebrew/Cellar/python@3.14/3.14.5/Frameworks/Python.framework/Versions/3.14/lib/python3.14/multiprocessing/process.py", line 108, in run
    self._target(*self._args, **self._kwargs)
    ~~~~~~~~~~~~^^^^^^^^^^^^^^^^^^^^^^^^^^^^^
  File "/Users/michaelfuscoletti/Desktop/prediction-arb/app/collection/delivery_watchdog.py", line 44, in watch
    resource.setrlimit(resource.RLIMIT_CPU,(600,600))
    ~~~~~~~~~~~~~~~~~~^^^^^^^^^^^^^^^^^^^^^^^^^^^^^^^
ValueError: not allowed to raise maximum limit
Process SpawnProcess-1:
Traceback (most recent call last):
  File "/opt/homebrew/Cellar/python@3.14/3.14.5/Frameworks/Python.framework/Versions/3.14/lib/python3.14/multiprocessing/process.py", line 320, in _bootstrap
    self.run()
    ~~~~~~~~^^
  File "/opt/homebrew/Cellar/python@3.14/3.14.5/Frameworks/Python.framework/Versions/3.14/lib/python3.14/multiprocessing/process.py", line 108, in run
    self._target(*self._args, **self._kwargs)
    ~~~~~~~~~~~~^^^^^^^^^^^^^^^^^^^^^^^^^^^^^
  File "/Users/michaelfuscoletti/Desktop/prediction-arb/app/collection/delivery_live.py", line 157, in worker
    resource.setrlimit(resource.RLIMIT_CPU,(600,600))
    ~~~~~~~~~~~~~~~~~~^^^^^^^^^^^^^^^^^^^^^^^^^^^^^^^
ValueError: not allowed to raise maximum limit
Executing <Task finished name='Task-27' coro=<Processes.test_blocked_finalizer_independent_cutoff() done, defined at /Users/michaelfuscoletti/Desktop/prediction-arb/tests/test_delivery_launcher.py:314> exception=ValueError('start_failed_attempt_retained') created at /opt/homebrew/Cellar/python@3.14/3.14.5/Frameworks/Python.framework/Versions/3.14/lib/python3.14/asyncio/runners.py:109> took 2.011 seconds
ERROR

======================================================================
ERROR: test_blocked_finalizer_independent_cutoff (tests.test_delivery_launcher.Processes.test_blocked_finalizer_independent_cutoff)
----------------------------------------------------------------------
Traceback (most recent call last):
  File "/opt/homebrew/Cellar/python@3.14/3.14.5/Frameworks/Python.framework/Versions/3.14/lib/python3.14/asyncio/runners.py", line 127, in run
    return self._loop.run_until_complete(task)
           ~~~~~~~~~~~~~~~~~~~~~~~~~~~~~^^^^^^
  File "/opt/homebrew/Cellar/python@3.14/3.14.5/Frameworks/Python.framework/Versions/3.14/lib/python3.14/asyncio/base_events.py", line 719, in run_until_complete
    return future.result()
           ~~~~~~~~~~~~~^^
  File "/Users/michaelfuscoletti/Desktop/prediction-arb/tests/test_delivery_launcher.py", line 316, in test_blocked_finalizer_independent_cutoff
    await launcher.start(approval)
  File "/Users/michaelfuscoletti/Desktop/prediction-arb/app/collection/delivery_live.py", line 239, in start
    raise ValueError('start_failed_attempt_retained') from None
ValueError: start_failed_attempt_retained

----------------------------------------------------------------------
Ran 15 tests in 3.902s

FAILED (errors=1)
{"tests": 15, "passed": false, "wall_seconds": 3.9235365409986116, "cpu_seconds": 1.23244, "peak_rss_bytes": 79118336, "guard": true}
