test_deadline_boundaries_unchanged (tests.test_delivery_launcher.Contracts.test_deadline_boundaries_unchanged) ... ok
test_existing_output_is_not_modified_on_failed_start (tests.test_delivery_launcher.Contracts.test_existing_output_is_not_modified_on_failed_start) ... ok
test_explicit_approval_binding (tests.test_delivery_launcher.Contracts.test_explicit_approval_binding) ... ok
test_helper_and_failed_start_writes_independently_counted (tests.test_delivery_launcher.Contracts.test_helper_and_failed_start_writes_independently_counted) ... ok
test_invalid_spec_has_no_files_or_credential_calls (tests.test_delivery_launcher.Contracts.test_invalid_spec_has_no_files_or_credential_calls) ... ok
test_kalshi_loader_exact_lookup_and_sanitized_failure (tests.test_delivery_launcher.Contracts.test_kalshi_loader_exact_lookup_and_sanitized_failure) ... ok
test_lock_consumed_marker_changed_output_and_failure (tests.test_delivery_launcher.Contracts.test_lock_consumed_marker_changed_output_and_failure) ... ok
test_manifest_roundtrip_and_source_runtime_execution_binding (tests.test_delivery_launcher.Contracts.test_manifest_roundtrip_and_source_runtime_execution_binding) ... ok
test_native_signing_exact_path_without_query (tests.test_delivery_launcher.Contracts.test_native_signing_exact_path_without_query) ... ok
test_production_root_and_injection_guards (tests.test_delivery_launcher.Contracts.test_production_root_and_injection_guards) ... ok
test_resource_failed_start_consumed_and_sanitized (tests.test_delivery_launcher.Contracts.test_resource_failed_start_consumed_and_sanitized) ... ok
test_worker_rechecks_before_secret (tests.test_delivery_launcher.Contracts.test_worker_rechecks_before_secret) ... ok
test_observation_and_synthetic_selection_and_reference (tests.test_delivery_launcher.IdentityAndProvenance.test_observation_and_synthetic_selection_and_reference) ... ok
test_ready_receive_does_not_parse_or_change_reconstruction (tests.test_delivery_launcher.IdentityAndProvenance.test_ready_receive_does_not_parse_or_change_reconstruction) ... ok
test_real_never_accepts_fixture_authority (tests.test_delivery_launcher.IdentityAndProvenance.test_real_never_accepts_fixture_authority) ... ok
test_reference_begin_end_identity_matrix (tests.test_delivery_launcher.IdentityAndProvenance.test_reference_begin_end_identity_matrix) ... ok
test_url_quoted_ticker_guard (tests.test_delivery_launcher.IdentityAndProvenance.test_url_quoted_ticker_guard) ... ok
test_worker_control_pending_http_and_ready_receive (tests.test_delivery_launcher.IdentityAndProvenance.test_worker_control_pending_http_and_ready_receive) ... ok
test_blocked_control_loop_cannot_keep_collector_alive (tests.test_delivery_launcher.Processes.test_blocked_control_loop_cannot_keep_collector_alive) ... ok
test_blocked_finalizer_independent_cutoff (tests.test_delivery_launcher.Processes.test_blocked_finalizer_independent_cutoff) ... Executing <Task pending name='Task-38' coro=<Processes.test_blocked_finalizer_independent_cutoff() running at /Users/michaelfuscoletti/Desktop/prediction-arb/tests/test_delivery_launcher.py:385> wait_for=<Future pending cb=[Task.task_wakeup()] created at /opt/homebrew/Cellar/python@3.14/3.14.5/Frameworks/Python.framework/Versions/3.14/lib/python3.14/asyncio/base_events.py:459> cb=[_run_until_complete_cb() at /opt/homebrew/Cellar/python@3.14/3.14.5/Frameworks/Python.framework/Versions/3.14/lib/python3.14/asyncio/base_events.py:181] created at /opt/homebrew/Cellar/python@3.14/3.14.5/Frameworks/Python.framework/Versions/3.14/lib/python3.14/asyncio/runners.py:109> took 0.202 seconds
ok
test_failed_credential_and_crash_are_consumed (tests.test_delivery_launcher.Processes.test_failed_credential_and_crash_are_consumed) ... Executing <Task pending name='Task-44' coro=<Processes.test_failed_credential_and_crash_are_consumed() running at /Users/michaelfuscoletti/Desktop/prediction-arb/tests/test_delivery_launcher.py:363> wait_for=<Future pending cb=[Task.task_wakeup()] created at /opt/homebrew/Cellar/python@3.14/3.14.5/Frameworks/Python.framework/Versions/3.14/lib/python3.14/asyncio/base_events.py:459> cb=[_run_until_complete_cb() at /opt/homebrew/Cellar/python@3.14/3.14.5/Frameworks/Python.framework/Versions/3.14/lib/python3.14/asyncio/base_events.py:181] created at /opt/homebrew/Cellar/python@3.14/3.14.5/Frameworks/Python.framework/Versions/3.14/lib/python3.14/asyncio/runners.py:109> took 0.183 seconds
Executing <Task pending name='Task-44' coro=<Processes.test_failed_credential_and_crash_are_consumed() running at /Users/michaelfuscoletti/Desktop/prediction-arb/tests/test_delivery_launcher.py:363> wait_for=<Future pending cb=[Task.task_wakeup()] created at /opt/homebrew/Cellar/python@3.14/3.14.5/Frameworks/Python.framework/Versions/3.14/lib/python3.14/asyncio/base_events.py:459> cb=[_run_until_complete_cb() at /opt/homebrew/Cellar/python@3.14/3.14.5/Frameworks/Python.framework/Versions/3.14/lib/python3.14/asyncio/base_events.py:181] created at /opt/homebrew/Cellar/python@3.14/3.14.5/Frameworks/Python.framework/Versions/3.14/lib/python3.14/asyncio/runners.py:109> took 0.157 seconds
ok
test_idle_invalid_start_concurrent_duplicate_and_direct_stop (tests.test_delivery_launcher.Processes.test_idle_invalid_start_concurrent_duplicate_and_direct_stop) ... Executing <Task pending name='Task-51' coro=<Processes.test_idle_invalid_start_concurrent_duplicate_and_direct_stop() running at /Users/michaelfuscoletti/Desktop/prediction-arb/tests/test_delivery_launcher.py:346> cb=[_run_until_complete_cb() at /opt/homebrew/Cellar/python@3.14/3.14.5/Frameworks/Python.framework/Versions/3.14/lib/python3.14/asyncio/base_events.py:181] created at /opt/homebrew/Cellar/python@3.14/3.14.5/Frameworks/Python.framework/Versions/3.14/lib/python3.14/asyncio/runners.py:109> took 0.159 seconds
Executing <Task finished name='Task-51' coro=<Processes.test_idle_invalid_start_concurrent_duplicate_and_direct_stop() done, defined at /Users/michaelfuscoletti/Desktop/prediction-arb/tests/test_delivery_launcher.py:339> result=None created at /opt/homebrew/Cellar/python@3.14/3.14.5/Frameworks/Python.framework/Versions/3.14/lib/python3.14/asyncio/runners.py:109> took 0.118 seconds
ok
test_private_unix_controls_idle_and_stop_before_start (tests.test_delivery_launcher.Processes.test_private_unix_controls_idle_and_stop_before_start) ... {"ready": true, "socket": "/tmp/predict-delivery-2251924eb3ac8453f9704a18.sock", "candidate": "1f20435c4eac1e94662b1fa1cfcb8e856fda96f517f7536e91df62cc680695bb", "idle": true}
ok
test_scheduled_stop_same_handler_short_clock (tests.test_delivery_launcher.Processes.test_scheduled_stop_same_handler_short_clock) ... Executing <Task pending name='Task-72' coro=<Processes.test_scheduled_stop_same_handler_short_clock() running at /Users/michaelfuscoletti/Desktop/prediction-arb/tests/test_delivery_launcher.py:371> wait_for=<Future pending cb=[Task.task_wakeup()] created at /opt/homebrew/Cellar/python@3.14/3.14.5/Frameworks/Python.framework/Versions/3.14/lib/python3.14/asyncio/base_events.py:459> cb=[_run_until_complete_cb() at /opt/homebrew/Cellar/python@3.14/3.14.5/Frameworks/Python.framework/Versions/3.14/lib/python3.14/asyncio/base_events.py:181] created at /opt/homebrew/Cellar/python@3.14/3.14.5/Frameworks/Python.framework/Versions/3.14/lib/python3.14/asyncio/runners.py:109> took 0.156 seconds
ok
test_start_rechecks_manifest_before_attempt (tests.test_delivery_launcher.Processes.test_start_rechecks_manifest_before_attempt) ... Executing <Task finished name='Task-78' coro=<Processes.test_start_rechecks_manifest_before_attempt() done, defined at /Users/michaelfuscoletti/Desktop/prediction-arb/tests/test_delivery_launcher.py:418> result=None created at /opt/homebrew/Cellar/python@3.14/3.14.5/Frameworks/Python.framework/Versions/3.14/lib/python3.14/asyncio/runners.py:109> took 0.175 seconds
ok
test_startup_failure_before_arm_consumes_without_credentials (tests.test_delivery_launcher.Processes.test_startup_failure_before_arm_consumes_without_credentials) ... Executing <Task finished name='Task-83' coro=<Processes.test_startup_failure_before_arm_consumes_without_credentials() done, defined at /Users/michaelfuscoletti/Desktop/prediction-arb/tests/test_delivery_launcher.py:410> result=None created at /opt/homebrew/Cellar/python@3.14/3.14.5/Frameworks/Python.framework/Versions/3.14/lib/python3.14/asyncio/runners.py:109> took 0.164 seconds
ok
test_supervisor_death_releases_worker_lock (tests.test_delivery_launcher.Processes.test_supervisor_death_releases_worker_lock) ... ok
test_watchdog_loss_kills_blocked_worker (tests.test_delivery_launcher.Processes.test_watchdog_loss_kills_blocked_worker) ... Executing <Task pending name='Task-93' coro=<Processes.test_watchdog_loss_kills_blocked_worker() running at /Users/michaelfuscoletti/Desktop/prediction-arb/tests/test_delivery_launcher.py:378> wait_for=<Future pending cb=[Task.task_wakeup()] created at /opt/homebrew/Cellar/python@3.14/3.14.5/Frameworks/Python.framework/Versions/3.14/lib/python3.14/asyncio/base_events.py:459> cb=[_run_until_complete_cb() at /opt/homebrew/Cellar/python@3.14/3.14.5/Frameworks/Python.framework/Versions/3.14/lib/python3.14/asyncio/base_events.py:181] created at /opt/homebrew/Cellar/python@3.14/3.14.5/Frameworks/Python.framework/Versions/3.14/lib/python3.14/asyncio/runners.py:109> took 0.168 seconds
Executing <Task finished name='Task-94' coro=<Launcher.observe() done, defined at /Users/michaelfuscoletti/Desktop/prediction-arb/app/collection/delivery_live.py:265> result=None created at /opt/homebrew/Cellar/python@3.14/3.14.5/Frameworks/Python.framework/Versions/3.14/lib/python3.14/asyncio/tasks.py:395> took 1.031 seconds
ok
test_charged_discovery_retry_and_fatal_reference (tests.test_delivery_launcher.Transport.test_charged_discovery_retry_and_fatal_reference) ... ok
test_fresh_reused_disconnect_redirect_and_header_secret (tests.test_delivery_launcher.Transport.test_fresh_reused_disconnect_redirect_and_header_secret) ... ok
test_ws_exact_destination_no_proxy_redirect_or_replacement (tests.test_delivery_launcher.Transport.test_ws_exact_destination_no_proxy_redirect_or_replacement) ... Executing <Task finished name='Task-123' coro=<Transport.test_ws_exact_destination_no_proxy_redirect_or_replacement() done, defined at /Users/michaelfuscoletti/Desktop/prediction-arb/tests/test_delivery_launcher.py:254> result=None created at /opt/homebrew/Cellar/python@3.14/3.14.5/Frameworks/Python.framework/Versions/3.14/lib/python3.14/asyncio/runners.py:109> took 0.143 seconds
ok
test_blocked_loop_term_kill_and_control_eof (tests.test_delivery_launcher.WatchdogProcesses.test_blocked_loop_term_kill_and_control_eof) ... ok

----------------------------------------------------------------------
Ran 32 tests in 29.609s

OK
{"tests": 32, "passed": true, "wall_seconds": 29.633259416994406, "cpu_seconds": 3.6010169999999997, "peak_rss_bytes": 81248256, "guard": true}
