{
  "received": 3573,
  "accepted": 3572,
  "rejected": 1,
  "durable": 3572,
  "unresolved": 0,
  "queue_drained": 3572,
  "queue_pending": 0,
  "durable_not_queued": 0,
  "queue_peak_objects": 1,
  "queue_peak_expanded_bytes": 758515,
  "cleanup_errors": [],
  "reason": "resource_stop",
  "logical": 3572,
  "observations": 3572,
  "original_terminal_records": 0,
  "observation_write_attempts": 3572,
  "encoded_ingress": 8738007,
  "expanded_ingress": 31676720,
  "physical_records": 3580,
  "control_records": 8,
  "physical_write_attempts": 3580,
  "journal_encoded_bytes": 9323915,
  "journal_expanded_payload_bytes": 31678447,
  "manifest_records": 1,
  "manifest_bytes": 1821,
  "manifest_writes": 5,
  "manifest_publications": 5,
  "manifest_write_bytes": 5966,
  "checkpoint_records": 0,
  "checkpoint_bytes": 0,
  "disk_bytes": 9325736,
  "seconds": 2.0871687079998082,
  "stop": "offline_segment_cap",
  "boundaries": [],
  "source": "evidence/d2-coverage/validation-20260916T170132Z-2cbe6460/3b9cf13c-0696-4fcb-b643-bdd545d9bbd3/3b9cf13c-0696-4fcb-b643-bdd545d9bbd3.jsonl",
  "source_sha256": "e293f8d2433bfc3c5d8313358a06636ff881cd864a75f5b8dc42066390fde0d4",
  "policy": {
    "logical": 4096,
    "segments": 4,
    "encoded_ingress": 16777216,
    "segment_logical": 1024,
    "segment_encoded": 4194304,
    "segment_expanded": 8388608,
    "reserve_bytes": 65536,
    "reserve_records": 64,
    "rss": 268435456,
    "queue_objects": 48,
    "queue_expanded": 4194304,
    "output": 134217728,
    "disk_floor": 1073741824
  },
  "fixture": "synthetic repeated identities and busy observations"
}
