{
  "fixture": "final-retained",
  "observations": 1915,
  "books": 575,
  "packets": 1150,
  "exact_rows_order": true,
  "sequence_sha256": "28d9a8d013a1ed3218a67de8834ac0ee556e06370ef1f83ad5118fc33ef2116b",
  "native_replay": {
    "_legacy": {
      "exact_native_books": {
        "kalshi": 0,
        "polymarket_us": 0
      },
      "exact_packets": true,
      "gaps": [],
      "journal_sha256": "e405ef862d335868f3bf47428be3215f5eec4dccb6a6b5f84e0949755cd26bf8",
      "state": "complete"
    },
    "kalshi-1": {
      "exact_native_books": {
        "kalshi": 88,
        "polymarket_us": 0
      },
      "exact_packets": true,
      "gaps": [],
      "journal_sha256": "e405ef862d335868f3bf47428be3215f5eec4dccb6a6b5f84e0949755cd26bf8",
      "state": "complete"
    },
    "polymarket_us-1": {
      "exact_native_books": {
        "kalshi": 0,
        "polymarket_us": 175
      },
      "exact_packets": true,
      "gaps": [],
      "journal_sha256": "e405ef862d335868f3bf47428be3215f5eec4dccb6a6b5f84e0949755cd26bf8",
      "state": "complete"
    },
    "kalshi-2": {
      "exact_native_books": {
        "kalshi": 59,
        "polymarket_us": 0
      },
      "exact_packets": true,
      "gaps": [],
      "journal_sha256": "e405ef862d335868f3bf47428be3215f5eec4dccb6a6b5f84e0949755cd26bf8",
      "state": "complete"
    },
    "kalshi-3": {
      "exact_native_books": {
        "kalshi": 249,
        "polymarket_us": 0
      },
      "exact_packets": true,
      "gaps": [],
      "journal_sha256": "e405ef862d335868f3bf47428be3215f5eec4dccb6a6b5f84e0949755cd26bf8",
      "state": "complete"
    },
    "kalshi-4": {
      "exact_native_books": {
        "kalshi": 4,
        "polymarket_us": 0
      },
      "exact_packets": true,
      "gaps": [],
      "journal_sha256": "e405ef862d335868f3bf47428be3215f5eec4dccb6a6b5f84e0949755cd26bf8",
      "state": "complete"
    }
  },
  "seconds": 11.336319791000278,
  "observations_per_second": 168.9260743614773,
  "baseline_rss": 62078976,
  "peak_rss": 95584256,
  "traced_current": 15114235,
  "traced_peak": 15933873,
  "segment_samples": [
    {
      "observations": 174,
      "rss_peak": 69697536,
      "traced_current": 2500527
    },
    {
      "observations": 1197,
      "rss_peak": 90718208,
      "traced_current": 15318430
    },
    {
      "observations": 1915,
      "rss_peak": 95584256,
      "traced_current": 15525857
    }
  ],
  "implementation": "two sequential verification passes; one row plus native engine state, no whole-run list",
  "disk_bytes": 4952235,
  "segments": [
    {
      "bytes": 930559,
      "chain": "a86ec3239eb31cb79c82f5ab11506c91ce6448f9420892638d9e7a7d767763d5",
      "encoded": 901323,
      "expanded": 3559369,
      "expanded_physical": 3559796,
      "logical": 174,
      "name": "segment-0000.jsonl",
      "observations": 174,
      "physical": 176,
      "sha256": "74712225de04c2176cbbb7fc67f8c04bce264580bdcc9fb01b631f38640604c0"
    },
    {
      "bytes": 2381353,
      "chain": "570bdf7b81019fe76ba2d16cbdf6495f6c36c13caa4ccf9a996c870ee1441ae3",
      "encoded": 2213670,
      "expanded": 7916555,
      "expanded_physical": 7916988,
      "logical": 1023,
      "name": "segment-0001.jsonl",
      "observations": 1023,
      "physical": 1025,
      "sha256": "21ed5c964b3454f380747be13a25a668f4484d161832ebb75fdaa3a5c16e834f"
    },
    {
      "bytes": 1638830,
      "chain": "b16300a024c9b8df98c6e9153609757f30bac8614fc10851122695c0d79cfe24",
      "encoded": 1520308,
      "expanded": 5294811,
      "expanded_physical": 5295908,
      "logical": 717,
      "name": "segment-0002.jsonl",
      "observations": 718,
      "physical": 720,
      "sha256": "d22cbbc12c92be51168116267f1076b2a8f4fd9716200468290b76210183ad54"
    }
  ]
}
