{
  "received": 1915,
  "accepted": 1915,
  "rejected": 0,
  "durable": 1915,
  "unresolved": 0,
  "queue_drained": 1915,
  "queue_pending": 0,
  "durable_not_queued": 0,
  "queue_peak_objects": 1,
  "queue_peak_expanded_bytes": 758515,
  "cleanup_errors": [],
  "reason": "offline_source_end",
  "logical": 1914,
  "observations": 1915,
  "original_terminal_records": 1,
  "observation_write_attempts": 1915,
  "encoded_ingress": 4635301,
  "expanded_ingress": 16770735,
  "physical_records": 1921,
  "control_records": 6,
  "physical_write_attempts": 1921,
  "journal_encoded_bytes": 4950738,
  "journal_expanded_payload_bytes": 16772692,
  "manifest_records": 1,
  "manifest_bytes": 1493,
  "manifest_writes": 4,
  "manifest_publications": 4,
  "manifest_write_bytes": 4089,
  "checkpoint_records": 0,
  "checkpoint_bytes": 0,
  "disk_bytes": 4952231,
  "seconds": 1.223023958998965,
  "stop": null,
  "boundaries": [
    {
      "source_ordinal": 174,
      "reason": "between discovery/metadata and stream commands"
    }
  ],
  "source": "evidence/d2-coverage/validation-20260916T170132Z-2cbe6460/3b9cf13c-0696-4fcb-b643-bdd545d9bbd3/3b9cf13c-0696-4fcb-b643-bdd545d9bbd3.jsonl",
  "source_sha256": "e293f8d2433bfc3c5d8313358a06636ff881cd864a75f5b8dc42066390fde0d4",
  "policy": {
    "logical": 4096,
    "segments": 4,
    "encoded_ingress": 16777216,
    "segment_logical": 1024,
    "segment_encoded": 4194304,
    "segment_expanded": 8388608,
    "reserve_bytes": 65536,
    "reserve_records": 64,
    "rss": 268435456,
    "queue_objects": 48,
    "queue_expanded": 4194304,
    "output": 134217728,
    "disk_floor": 1073741824
  },
  "fixture": "retained real source, unchanged observations"
}
