{
  "scenario": "busy-refresh-stop",
  "session": "ce67b977-3fec-40b9-822c-fea9ba56b004",
  "outcome": {
    "status": "complete",
    "operator_stop": true,
    "native_verified": true,
    "replay_seconds": 2.9415207499987446,
    "replay_baseline_rss": 69091328,
    "counts": {
      "session_started": 1,
      "prediction_discovery_http": 10,
      "verified_account_budget": 1,
      "coverage_inventory": 2,
      "market_selected": 2,
      "coverage_applied": 4,
      "source_health": 760,
      "prediction_command": 2,
      "prediction_frame": 761,
      "prediction_book": 758,
      "session_finished": 1
    },
    "published_generations": [
      1,
      2
    ],
    "applied_generations": {
      "kalshi": 2,
      "polymarket_us": 2
    },
    "replay_traced_start": 0,
    "replay_traced_peak": 1319135,
    "reason": "manual_stop",
    "cleanup_complete": true,
    "cleanup_errors": [],
    "persistence_error": null,
    "seconds": 5.516285208999761,
    "baseline_rss": 64143360,
    "peak_rss": 69861376,
    "traced_peak": 1319135,
    "traced_current": 721594,
    "disk_bytes": 2648978
  },
  "accounting": {
    "received": 2307,
    "accepted": 2301,
    "write_attempted": 2305,
    "durably_acknowledged": 2301,
    "rejected": 6,
    "unresolved": 0,
    "queue_pending": 0,
    "queue_drained": 2301,
    "journal_write_attempted": 2308,
    "journal_durably_acknowledged": 2308,
    "journal_unresolved": 0,
    "confirmed_byte_offset": 2637476,
    "confirmed_chain": "093de7e728b28e868ba59714a7dc0007b9796f0657703f58be55d55ab697c977",
    "total_upstream": null,
    "lost": null,
    "segmented": {
      "logical": 2301,
      "observations": 2302,
      "original_terminal_records": 1,
      "observation_write_attempts": 2302,
      "encoded_ingress": 2258966,
      "expanded_ingress": 3805352,
      "physical_records": 2308,
      "control_records": 6,
      "physical_write_attempts": 2308,
      "journal_encoded_bytes": 2637476,
      "journal_expanded_payload_bytes": 3807300,
      "manifest_records": 1,
      "manifest_bytes": 1514,
      "manifest_writes": 4,
      "manifest_publications": 4,
      "manifest_write_bytes": 4185,
      "checkpoint_records": 0,
      "checkpoint_bytes": 0,
      "disk_bytes": 2648978
    },
    "durable_not_queued": 0
  },
  "total_output_bytes": 2648978,
  "candidate_identity_sha256": "9b2cfe4de38e0a1157ca4f7281449a1a0363c42dd9bcdbccbe59ab8651ccb3ba"
}
