{
  "scenario": "resource-stop",
  "session": "a83a6d92-31ce-48bc-b9a5-3b99ba1dfc55",
  "outcome": {
    "status": "complete",
    "operator_stop": false,
    "native_verified": true,
    "replay_seconds": 5.359874207999383,
    "replay_baseline_rss": 69566464,
    "counts": {
      "session_started": 1,
      "prediction_discovery_http": 6,
      "verified_account_budget": 1,
      "coverage_inventory": 1,
      "market_selected": 22,
      "coverage_applied": 2,
      "source_health": 1353,
      "prediction_command": 3,
      "prediction_frame": 1353,
      "prediction_book": 1350,
      "session_finished": 1
    },
    "published_generations": [
      1
    ],
    "applied_generations": {
      "polymarket_us": 1,
      "kalshi": 1
    },
    "replay_traced_start": 0,
    "replay_traced_peak": 2148814,
    "reason": "offline_segment_cap",
    "cleanup_complete": true,
    "cleanup_errors": [],
    "persistence_error": null,
    "seconds": 10.197230999998283,
    "baseline_rss": 64028672,
    "peak_rss": 71548928,
    "traced_peak": 2148814,
    "traced_current": 1550611,
    "disk_bytes": 4729350
  },
  "accounting": {
    "received": 4100,
    "accepted": 4092,
    "write_attempted": 4098,
    "durably_acknowledged": 4092,
    "rejected": 8,
    "unresolved": 0,
    "queue_pending": 0,
    "queue_drained": 4092,
    "journal_write_attempted": 4101,
    "journal_durably_acknowledged": 4101,
    "journal_unresolved": 0,
    "confirmed_byte_offset": 4713272,
    "confirmed_chain": "fc547444f70685d0710a3f3c31c5490df530c1b6fb561e7bb0df130859dffa16",
    "total_upstream": null,
    "lost": null,
    "segmented": {
      "logical": 4092,
      "observations": 4093,
      "original_terminal_records": 1,
      "observation_write_attempts": 4093,
      "encoded_ingress": 4041875,
      "expanded_ingress": 7002162,
      "physical_records": 4101,
      "control_records": 8,
      "physical_write_attempts": 4101,
      "journal_encoded_bytes": 4713272,
      "journal_expanded_payload_bytes": 7004558,
      "manifest_records": 1,
      "manifest_bytes": 1834,
      "manifest_writes": 5,
      "manifest_publications": 5,
      "manifest_write_bytes": 6027,
      "checkpoint_records": 0,
      "checkpoint_bytes": 0,
      "disk_bytes": 4729350
    },
    "durable_not_queued": 0
  },
  "total_output_bytes": 4729350,
  "candidate_identity_sha256": "9b2cfe4de38e0a1157ca4f7281449a1a0363c42dd9bcdbccbe59ab8651ccb3ba"
}
