{
  "scenario": "rotation-failure",
  "session": "294e7553-8472-4c45-bc9a-b572440082ad",
  "outcome": {
    "status": "failed",
    "operator_stop": false,
    "native_verified": false,
    "error": "ValueError",
    "reason": "storage_failure",
    "cleanup_complete": true,
    "cleanup_errors": [],
    "persistence_error": "Storage failure at write; durability of unacknowledged work is unknown.",
    "seconds": 1.1368547500023851,
    "baseline_rss": 64061440,
    "peak_rss": 68304896,
    "traced_peak": 0,
    "traced_current": 0,
    "disk_bytes": 1179006
  },
  "accounting": {
    "received": 1031,
    "accepted": 1024,
    "write_attempted": 1024,
    "durably_acknowledged": 1023,
    "rejected": 7,
    "unresolved": 1,
    "queue_pending": 0,
    "queue_drained": 1023,
    "journal_write_attempted": 1025,
    "journal_durably_acknowledged": 1025,
    "journal_unresolved": 0,
    "confirmed_byte_offset": 1168438,
    "confirmed_chain": "0dcd39859dc6083c989ee791c9fcb50f7ca1291e14bdf07fa9152de8673e9f5b",
    "total_upstream": null,
    "lost": null,
    "segmented": {
      "logical": 1023,
      "observations": 1023,
      "original_terminal_records": 0,
      "observation_write_attempts": 1023,
      "encoded_ingress": 1000815,
      "expanded_ingress": 1687459,
      "physical_records": 1025,
      "control_records": 2,
      "physical_write_attempts": 1025,
      "journal_encoded_bytes": 1168438,
      "journal_expanded_payload_bytes": 1687890,
      "manifest_records": 1,
      "manifest_bytes": 566,
      "manifest_writes": 1,
      "manifest_publications": 1,
      "manifest_write_bytes": 566,
      "checkpoint_records": 0,
      "checkpoint_bytes": 0,
      "disk_bytes": 1179006
    },
    "durable_not_queued": 0
  },
  "total_output_bytes": 1179006,
  "candidate_identity_sha256": "9b2cfe4de38e0a1157ca4f7281449a1a0363c42dd9bcdbccbe59ab8651ccb3ba"
}
