{
  "scenario": "stop-at-rotation",
  "session": "5b85c278-85d8-4cdc-b948-0e0cfa5d62d0",
  "outcome": {
    "status": "complete",
    "operator_stop": true,
    "native_verified": true,
    "replay_seconds": 1.328324000001885,
    "replay_baseline_rss": 68567040,
    "counts": {
      "session_started": 1,
      "prediction_discovery_http": 10,
      "verified_account_budget": 1,
      "coverage_inventory": 2,
      "market_selected": 2,
      "coverage_applied": 2,
      "source_health": 335,
      "prediction_command": 2,
      "prediction_frame": 336,
      "prediction_book": 333,
      "session_finished": 1
    },
    "published_generations": [
      1,
      2
    ],
    "applied_generations": {
      "kalshi": 1,
      "polymarket_us": 1
    },
    "replay_traced_start": 0,
    "replay_traced_peak": 969929,
    "reason": "manual_stop",
    "cleanup_complete": true,
    "cleanup_errors": [],
    "persistence_error": null,
    "seconds": 2.507859459001338,
    "baseline_rss": 63946752,
    "peak_rss": 69189632,
    "traced_peak": 969929,
    "traced_current": 356774,
    "disk_bytes": 1183240
  },
  "accounting": {
    "received": 1030,
    "accepted": 1024,
    "write_attempted": 1026,
    "durably_acknowledged": 1024,
    "rejected": 6,
    "unresolved": 0,
    "queue_pending": 0,
    "queue_drained": 1024,
    "journal_write_attempted": 1029,
    "journal_durably_acknowledged": 1029,
    "journal_unresolved": 0,
    "confirmed_byte_offset": 1172068,
    "confirmed_chain": "33c3463ef065fab82059b677fdeab64f0cca80c55f777c0241a5c334ac62a3c4",
    "total_upstream": null,
    "lost": null,
    "segmented": {
      "logical": 1024,
      "observations": 1025,
      "original_terminal_records": 1,
      "observation_write_attempts": 1025,
      "encoded_ingress": 1002643,
      "expanded_ingress": 1691951,
      "physical_records": 1029,
      "control_records": 4,
      "physical_write_attempts": 1029,
      "journal_encoded_bytes": 1172068,
      "journal_expanded_payload_bytes": 1693456,
      "manifest_records": 1,
      "manifest_bytes": 1186,
      "manifest_writes": 3,
      "manifest_publications": 3,
      "manifest_write_bytes": 2646,
      "checkpoint_records": 0,
      "checkpoint_bytes": 0,
      "disk_bytes": 1183240
    },
    "durable_not_queued": 0
  },
  "total_output_bytes": 1183240,
  "candidate_identity_sha256": "9b2cfe4de38e0a1157ca4f7281449a1a0363c42dd9bcdbccbe59ab8651ccb3ba"
}
