storage_failure_report failed (OSError); frames=transport_session.py:164:report_failure > mock.py:1176:__call__ > mock.py:1180:_mock_call > mock.py:1241:_execute_mock_call
/Users/michaelfuscoletti/Desktop/prediction-arb/app/dashboard/e6_live.py:201: NotAppKeyWarning: It is recommended to use web.AppKey instances for keys.
https://docs.aiohttp.org/en/stable/web_advanced.html#application-s-config
  app=web.Application(middlewares=[guard],client_max_size=2048);app['owner']=owner
/Users/michaelfuscoletti/Desktop/prediction-arb/app/dashboard/multi_game_server.py:60: NotAppKeyWarning: It is recommended to use web.AppKey instances for keys.
https://docs.aiohttp.org/en/stable/web_advanced.html#application-s-config
  app=web.Application(middlewares=[guard],client_max_size=4096);app['owner']=owner
Executing <Task pending name='Task-114' coro=<AioHTTPTestCase.asyncSetUp() running at /Users/michaelfuscoletti/Desktop/prediction-arb/.venv/lib/python3.14/site-packages/aiohttp/test_utils.py:578> cb=[_run_until_complete_cb() at /opt/homebrew/Cellar/python@3.14/3.14.5/Frameworks/Python.framework/Versions/3.14/lib/python3.14/asyncio/base_events.py:181] created at /opt/homebrew/Cellar/python@3.14/3.14.5/Frameworks/Python.framework/Versions/3.14/lib/python3.14/asyncio/runners.py:109> took 0.259 seconds
Executing <Task pending name='Task-127' coro=<AioHTTPTestCase.asyncSetUp() running at /Users/michaelfuscoletti/Desktop/prediction-arb/.venv/lib/python3.14/site-packages/aiohttp/test_utils.py:578> cb=[_run_until_complete_cb() at /opt/homebrew/Cellar/python@3.14/3.14.5/Frameworks/Python.framework/Versions/3.14/lib/python3.14/asyncio/base_events.py:181] created at /opt/homebrew/Cellar/python@3.14/3.14.5/Frameworks/Python.framework/Versions/3.14/lib/python3.14/asyncio/runners.py:109> took 0.273 seconds
Executing <Task pending name='Task-132' coro=<AioHTTPTestCase.asyncSetUp() running at /Users/michaelfuscoletti/Desktop/prediction-arb/.venv/lib/python3.14/site-packages/aiohttp/test_utils.py:578> cb=[_run_until_complete_cb() at /opt/homebrew/Cellar/python@3.14/3.14.5/Frameworks/Python.framework/Versions/3.14/lib/python3.14/asyncio/base_events.py:181] created at /opt/homebrew/Cellar/python@3.14/3.14.5/Frameworks/Python.framework/Versions/3.14/lib/python3.14/asyncio/runners.py:109> took 0.260 seconds
Executing <Task pending name='Task-150' coro=<SavedDiscoveryTests.test_catalog_identity_duplicates_schedule_and_native_sides() running at /Users/michaelfuscoletti/Desktop/prediction-arb/tests/test_multi_game.py:114> wait_for=<Future pending cb=[Task.task_wakeup()] created at /opt/homebrew/Cellar/python@3.14/3.14.5/Frameworks/Python.framework/Versions/3.14/lib/python3.14/asyncio/base_events.py:459> cb=[_run_until_complete_cb() at /opt/homebrew/Cellar/python@3.14/3.14.5/Frameworks/Python.framework/Versions/3.14/lib/python3.14/asyncio/base_events.py:181] created at /opt/homebrew/Cellar/python@3.14/3.14.5/Frameworks/Python.framework/Versions/3.14/lib/python3.14/asyncio/runners.py:109> took 0.393 seconds
Executing <Task finished name='Task-150' coro=<SavedDiscoveryTests.test_catalog_identity_duplicates_schedule_and_native_sides() done, defined at /Users/michaelfuscoletti/Desktop/prediction-arb/tests/test_multi_game.py:96> result=None created at /opt/homebrew/Cellar/python@3.14/3.14.5/Frameworks/Python.framework/Versions/3.14/lib/python3.14/asyncio/runners.py:109> took 0.732 seconds
Executing <Task pending name='Task-155' coro=<PersonalBeta.test_two_starts_stop_saved_switch_and_restart() running at /Users/michaelfuscoletti/Desktop/prediction-arb/tests/test_personal_beta.py:14> cb=[_run_until_complete_cb() at /opt/homebrew/Cellar/python@3.14/3.14.5/Frameworks/Python.framework/Versions/3.14/lib/python3.14/asyncio/base_events.py:181] created at /opt/homebrew/Cellar/python@3.14/3.14.5/Frameworks/Python.framework/Versions/3.14/lib/python3.14/asyncio/runners.py:109> took 0.269 seconds
Executing <Task pending name='Task-167' coro=<LocalSession.produce() running at /Users/michaelfuscoletti/Desktop/prediction-arb/tests/personal_beta_mock.py:42> wait_for=<Future pending cb=[Task.task_wakeup()] created at /opt/homebrew/Cellar/python@3.14/3.14.5/Frameworks/Python.framework/Versions/3.14/lib/python3.14/asyncio/base_events.py:459> cb=[Task.task_wakeup()] created at /opt/homebrew/Cellar/python@3.14/3.14.5/Frameworks/Python.framework/Versions/3.14/lib/python3.14/asyncio/tasks.py:395> took 0.220 seconds
Executing <Task pending name='Task-157' coro=<RequestHandler.start() running at /Users/michaelfuscoletti/Desktop/prediction-arb/.venv/lib/python3.14/site-packages/aiohttp/web_protocol.py:630> wait_for=<Future pending cb=[Task.task_wakeup()] created at /opt/homebrew/Cellar/python@3.14/3.14.5/Frameworks/Python.framework/Versions/3.14/lib/python3.14/asyncio/base_events.py:459> created at /Users/michaelfuscoletti/Desktop/prediction-arb/.venv/lib/python3.14/site-packages/aiohttp/web_protocol.py:371> took 0.177 seconds
Executing <Task finished name='Task-168' coro=<MultiOwner.finish() done, defined at /Users/michaelfuscoletti/Desktop/prediction-arb/app/dashboard/multi_game.py:83> result=None created at /opt/homebrew/Cellar/python@3.14/3.14.5/Frameworks/Python.framework/Versions/3.14/lib/python3.14/asyncio/tasks.py:395> took 0.279 seconds
Executing <Task pending name='Task-157' coro=<RequestHandler.start() running at /Users/michaelfuscoletti/Desktop/prediction-arb/.venv/lib/python3.14/site-packages/aiohttp/web_protocol.py:630> wait_for=<Future pending cb=[Task.task_wakeup()] created at /opt/homebrew/Cellar/python@3.14/3.14.5/Frameworks/Python.framework/Versions/3.14/lib/python3.14/asyncio/base_events.py:459> created at /Users/michaelfuscoletti/Desktop/prediction-arb/.venv/lib/python3.14/site-packages/aiohttp/web_protocol.py:371> took 0.187 seconds
Executing <Task pending name='Task-177' coro=<LocalSession.produce() running at /Users/michaelfuscoletti/Desktop/prediction-arb/tests/personal_beta_mock.py:42> wait_for=<Future pending cb=[Task.task_wakeup()] created at /opt/homebrew/Cellar/python@3.14/3.14.5/Frameworks/Python.framework/Versions/3.14/lib/python3.14/asyncio/base_events.py:459> cb=[Task.task_wakeup()] created at /opt/homebrew/Cellar/python@3.14/3.14.5/Frameworks/Python.framework/Versions/3.14/lib/python3.14/asyncio/tasks.py:395> took 0.210 seconds
Executing <Task pending name='Task-157' coro=<RequestHandler.start() running at /Users/michaelfuscoletti/Desktop/prediction-arb/.venv/lib/python3.14/site-packages/aiohttp/web_protocol.py:630> wait_for=<Future pending cb=[Task.task_wakeup()] created at /opt/homebrew/Cellar/python@3.14/3.14.5/Frameworks/Python.framework/Versions/3.14/lib/python3.14/asyncio/base_events.py:459> created at /Users/michaelfuscoletti/Desktop/prediction-arb/.venv/lib/python3.14/site-packages/aiohttp/web_protocol.py:371> took 0.251 seconds
Executing <Task finished name='Task-178' coro=<MultiOwner.finish() done, defined at /Users/michaelfuscoletti/Desktop/prediction-arb/app/dashboard/multi_game.py:83> result=None created at /opt/homebrew/Cellar/python@3.14/3.14.5/Frameworks/Python.framework/Versions/3.14/lib/python3.14/asyncio/tasks.py:395> took 0.315 seconds
Executing <Task pending name='Task-157' coro=<RequestHandler.start() running at /Users/michaelfuscoletti/Desktop/prediction-arb/.venv/lib/python3.14/site-packages/aiohttp/web_protocol.py:630> wait_for=<Future pending cb=[Task.task_wakeup()] created at /opt/homebrew/Cellar/python@3.14/3.14.5/Frameworks/Python.framework/Versions/3.14/lib/python3.14/asyncio/base_events.py:459> created at /Users/michaelfuscoletti/Desktop/prediction-arb/.venv/lib/python3.14/site-packages/aiohttp/web_protocol.py:371> took 0.225 seconds
Executing <Task pending name='Task-157' coro=<RequestHandler.start() running at /Users/michaelfuscoletti/Desktop/prediction-arb/.venv/lib/python3.14/site-packages/aiohttp/web_protocol.py:630> wait_for=<Future pending cb=[Task.task_wakeup()] created at /opt/homebrew/Cellar/python@3.14/3.14.5/Frameworks/Python.framework/Versions/3.14/lib/python3.14/asyncio/base_events.py:459> created at /Users/michaelfuscoletti/Desktop/prediction-arb/.venv/lib/python3.14/site-packages/aiohttp/web_protocol.py:371> took 0.282 seconds
======================================================================
ERROR: test_first_record_and_report_both_fail_runtime_survives (tests.test_e6_storage_failure.Finalization.test_first_record_and_report_both_fail_runtime_survives)
----------------------------------------------------------------------
Traceback (most recent call last):
  File "/opt/homebrew/Cellar/python@3.14/3.14.5/Frameworks/Python.framework/Versions/3.14/lib/python3.14/asyncio/runners.py", line 127, in run
    return self._loop.run_until_complete(task)
           ~~~~~~~~~~~~~~~~~~~~~~~~~~~~~^^^^^^
  File "/opt/homebrew/Cellar/python@3.14/3.14.5/Frameworks/Python.framework/Versions/3.14/lib/python3.14/asyncio/base_events.py", line 719, in run_until_complete
    return future.result()
           ~~~~~~~~~~~~~^^
  File "/Users/michaelfuscoletti/Desktop/prediction-arb/tests/test_e6_storage_failure.py", line 137, in test_first_record_and_report_both_fail_runtime_survives
    with self.assertRaises(StorageFailure):await o.start()
                                           ^^^^^^^^^^^^^^^
  File "/Users/michaelfuscoletti/Desktop/prediction-arb/app/collection/transport_session.py", line 239, in start
    self.journal=ObservationJournal(self.output/(self.sid+'.jsonl'),encoding=getattr(self,'journal_encoding',None))
                 ~~~~~~~~~~~~~~~~~~^^^^^^^^^^^^^^^^^^^^^^^^^^^^^^^^^^^^^^^^^^^^^^^^^^^^^^^^^^^^^^^^^^^^^^^^^^^^^^^^
  File "/opt/homebrew/Cellar/python@3.14/3.14.5/Frameworks/Python.framework/Versions/3.14/lib/python3.14/unittest/mock.py", line 1176, in __call__
    return self._mock_call(*args, **kwargs)
           ~~~~~~~~~~~~~~~^^^^^^^^^^^^^^^^^
  File "/opt/homebrew/Cellar/python@3.14/3.14.5/Frameworks/Python.framework/Versions/3.14/lib/python3.14/unittest/mock.py", line 1180, in _mock_call
    return self._execute_mock_call(*args, **kwargs)
           ~~~~~~~~~~~~~~~~~~~~~~~^^^^^^^^^^^^^^^^^
  File "/opt/homebrew/Cellar/python@3.14/3.14.5/Frameworks/Python.framework/Versions/3.14/lib/python3.14/unittest/mock.py", line 1247, in _execute_mock_call
    result = effect(*args, **kwargs)
TypeError: Finalization.test_first_record_and_report_both_fail_runtime_survives.<locals>.failing() got an unexpected keyword argument 'encoding'

======================================================================
ERROR: test_offline_guarded_reopening (tests.test_e6_recovery.ReadOnlySurface.test_offline_guarded_reopening)
----------------------------------------------------------------------
Traceback (most recent call last):
  File "/Users/michaelfuscoletti/Desktop/prediction-arb/tests/test_e6_recovery.py", line 119, in test_offline_guarded_reopening
    r=subprocess.run([sys.executable,'-c',code],cwd=ROOT,capture_output=True,text=True,env={'PATH':'/usr/bin:/bin'},check=True)
  File "/opt/homebrew/Cellar/python@3.14/3.14.5/Frameworks/Python.framework/Versions/3.14/lib/python3.14/subprocess.py", line 578, in run
    raise CalledProcessError(retcode, process.args,
                             output=stdout, stderr=stderr)
subprocess.CalledProcessError: Command '['/Users/michaelfuscoletti/Desktop/prediction-arb/.venv/bin/python', '-c', "\nfrom app.dashboard.e5_preview import isolate_process\nfrom app.dashboard.e6_recovery import CATALOG,load_saved\nisolate_process()\nfor p in CATALOG.glob('*/recovery.json'):\n v=load_saved(p.parent);assert not v['live'];assert v['recovery']['accounting']['crash_time'] is None\nprint('all recovery indexes reopened with outbound, credential-file, database and subprocess guards active')\n"]' returned non-zero exit status 1.

======================================================================
FAIL: test_catalog_reopen_no_activation_and_identity_error (tests.test_e6_recovery.ReadOnlySurface.test_catalog_reopen_no_activation_and_identity_error)
----------------------------------------------------------------------
Traceback (most recent call last):
  File "/opt/homebrew/Cellar/python@3.14/3.14.5/Frameworks/Python.framework/Versions/3.14/lib/python3.14/asyncio/runners.py", line 127, in run
    return self._loop.run_until_complete(task)
           ~~~~~~~~~~~~~~~~~~~~~~~~~~~~~^^^^^^
  File "/opt/homebrew/Cellar/python@3.14/3.14.5/Frameworks/Python.framework/Versions/3.14/lib/python3.14/asyncio/base_events.py", line 719, in run_until_complete
    return future.result()
           ~~~~~~~~~~~~~^^
  File "/Users/michaelfuscoletti/Desktop/prediction-arb/tests/test_e6_recovery.py", line 105, in test_catalog_reopen_no_activation_and_identity_error
    r=await c.get('/api/saved/'+sid);p=await r.json();self.assertIn('recovery',p)
                                                      ~~~~~~~~~~~~~^^^^^^^^^^^^^^
AssertionError: 'recovery' not found in {'error': 'Operation unavailable or saved identity invalid. No replacement data loaded.'}

----------------------------------------------------------------------
Ran 58 tests in 14.765s

FAILED (failures=1, errors=2)
