waiting for server to start.... done
server started
Running synthetic 2 markets/venue stop_backlog timing=True
{"gates": true, "counts": {"offered": 41, "accepted": 41, "rejected": 0, "processed": 41, "unprocessed": 0, "retained_per_side_observations": 90, "committed_receipts": 90, "attempted_receipt_writes": 90, "wire_messages": null, "upstream_offered": null, "upstream_lost": null}, "elapsed": 0.7641944159986451}
Running synthetic 2 markets/venue stop_depth timing=True
{"gates": true, "counts": {"offered": 0, "accepted": 0, "rejected": 0, "processed": 0, "unprocessed": 0, "retained_per_side_observations": 8, "committed_receipts": 8, "attempted_receipt_writes": 8, "wire_messages": null, "upstream_offered": null, "upstream_lost": null}, "elapsed": 0.5958405419951305}
Running synthetic 2 markets/venue overload timing=True
{"gates": true, "counts": {"offered": 56, "accepted": 48, "rejected": 8, "processed": 48, "unprocessed": 0, "retained_per_side_observations": 104, "committed_receipts": 104, "attempted_receipt_writes": 104, "wire_messages": null, "upstream_offered": null, "upstream_lost": null}, "elapsed": 0.7168791249860078}
Running synthetic 2 markets/venue byte_limit timing=True
{"gates": true, "counts": {"offered": 4, "accepted": 0, "rejected": 4, "processed": 0, "unprocessed": 0, "retained_per_side_observations": 8, "committed_receipts": 8, "attempted_receipt_writes": 8, "wire_messages": null, "upstream_offered": null, "upstream_lost": null}, "elapsed": 0.19957412499934435}
Running synthetic 2 markets/venue receipt_limit timing=True
{"gates": false, "counts": {"offered": 4, "accepted": 4, "rejected": 0, "processed": 0, "unprocessed": 4, "retained_per_side_observations": 8, "committed_receipts": 8, "attempted_receipt_writes": 9, "wire_messages": null, "upstream_offered": null, "upstream_lost": null}, "elapsed": 0.18419462494784966}
Running synthetic 2 markets/venue storage_limit timing=True
{"gates": false, "counts": {"offered": 4, "accepted": 4, "rejected": 0, "processed": 0, "unprocessed": 4, "retained_per_side_observations": 8, "committed_receipts": 8, "attempted_receipt_writes": 8, "wire_messages": null, "upstream_offered": null, "upstream_lost": null}, "elapsed": 0.24764291604515165}
Running synthetic 2 markets/venue rollback timing=True
{"gates": false, "counts": {"offered": 4, "accepted": 4, "rejected": 0, "processed": 0, "unprocessed": 4, "retained_per_side_observations": 8, "committed_receipts": 8, "attempted_receipt_writes": 10, "wire_messages": null, "upstream_offered": null, "upstream_lost": null}, "elapsed": 0.20956833398668095}
Running synthetic 2 markets/venue database_failure timing=True
{"gates": false, "counts": {"offered": 4, "accepted": 4, "rejected": 0, "processed": 0, "unprocessed": 4, "retained_per_side_observations": 8, "committed_receipts": 8, "attempted_receipt_writes": 8, "wire_messages": null, "upstream_offered": null, "upstream_lost": null}, "elapsed": 0.16668508300790563}
Running synthetic 2 markets/venue finalization_failure timing=True
{"gates": false, "counts": {"offered": 4, "accepted": 4, "rejected": 0, "processed": 4, "unprocessed": 0, "retained_per_side_observations": 16, "committed_receipts": 16, "attempted_receipt_writes": 16, "wire_messages": null, "upstream_offered": null, "upstream_lost": null}, "elapsed": 0.24938241700874642}
Running synthetic 4 markets/venue stop_backlog timing=True
{"gates": true, "counts": {"offered": 41, "accepted": 41, "rejected": 0, "processed": 41, "unprocessed": 0, "retained_per_side_observations": 98, "committed_receipts": 98, "attempted_receipt_writes": 98, "wire_messages": null, "upstream_offered": null, "upstream_lost": null}, "elapsed": 0.8865322910132818}
Running synthetic 4 markets/venue stop_depth timing=True
{"gates": true, "counts": {"offered": 0, "accepted": 0, "rejected": 0, "processed": 0, "unprocessed": 0, "retained_per_side_observations": 16, "committed_receipts": 16, "attempted_receipt_writes": 16, "wire_messages": null, "upstream_offered": null, "upstream_lost": null}, "elapsed": 0.7224567920202389}
Running synthetic 4 markets/venue overload timing=True
{"gates": true, "counts": {"offered": 56, "accepted": 48, "rejected": 8, "processed": 48, "unprocessed": 0, "retained_per_side_observations": 112, "committed_receipts": 112, "attempted_receipt_writes": 112, "wire_messages": null, "upstream_offered": null, "upstream_lost": null}, "elapsed": 0.9067246670019813}
Running synthetic 4 markets/venue byte_limit timing=True
{"gates": true, "counts": {"offered": 4, "accepted": 0, "rejected": 4, "processed": 0, "unprocessed": 0, "retained_per_side_observations": 16, "committed_receipts": 16, "attempted_receipt_writes": 16, "wire_messages": null, "upstream_offered": null, "upstream_lost": null}, "elapsed": 0.4576597500126809}
Running synthetic 4 markets/venue receipt_limit timing=True
{"gates": false, "counts": {"offered": 4, "accepted": 4, "rejected": 0, "processed": 0, "unprocessed": 4, "retained_per_side_observations": 16, "committed_receipts": 16, "attempted_receipt_writes": 17, "wire_messages": null, "upstream_offered": null, "upstream_lost": null}, "elapsed": 0.29939504200592637}
Running synthetic 4 markets/venue storage_limit timing=True
{"gates": false, "counts": {"offered": 4, "accepted": 4, "rejected": 0, "processed": 0, "unprocessed": 4, "retained_per_side_observations": 16, "committed_receipts": 16, "attempted_receipt_writes": 16, "wire_messages": null, "upstream_offered": null, "upstream_lost": null}, "elapsed": 0.2917414160328917}
Running synthetic 4 markets/venue rollback timing=True
{"gates": false, "counts": {"offered": 4, "accepted": 4, "rejected": 0, "processed": 0, "unprocessed": 4, "retained_per_side_observations": 16, "committed_receipts": 16, "attempted_receipt_writes": 18, "wire_messages": null, "upstream_offered": null, "upstream_lost": null}, "elapsed": 0.3426996250054799}
Running synthetic 4 markets/venue database_failure timing=True
{"gates": false, "counts": {"offered": 4, "accepted": 4, "rejected": 0, "processed": 0, "unprocessed": 4, "retained_per_side_observations": 16, "committed_receipts": 16, "attempted_receipt_writes": 16, "wire_messages": null, "upstream_offered": null, "upstream_lost": null}, "elapsed": 0.3245329589699395}
Running synthetic 4 markets/venue finalization_failure timing=True
{"gates": false, "counts": {"offered": 4, "accepted": 4, "rejected": 0, "processed": 4, "unprocessed": 0, "retained_per_side_observations": 24, "committed_receipts": 24, "attempted_receipt_writes": 24, "wire_messages": null, "upstream_offered": null, "upstream_lost": null}, "elapsed": 0.5377065420034342}
Bounded accounting checks passed; view cadence requires separate gate analysis.
waiting for server to shut down.... done
server stopped
