waiting for server to start.... done
server started
Running synthetic 2 markets/venue ordinary timing=True
{"gates": true, "counts": {"offered": 17, "accepted": 17, "rejected": 0, "processed": 17, "unprocessed": 0, "retained_per_side_observations": 40, "committed_receipts": 40, "attempted_receipt_writes": 40, "wire_messages": null, "upstream_offered": null, "upstream_lost": null}, "elapsed": 7.6621082500205375}
Running synthetic 2 markets/venue ordinary timing=True
{"gates": true, "counts": {"offered": 17, "accepted": 17, "rejected": 0, "processed": 17, "unprocessed": 0, "retained_per_side_observations": 40, "committed_receipts": 40, "attempted_receipt_writes": 40, "wire_messages": null, "upstream_offered": null, "upstream_lost": null}, "elapsed": 7.60953283298295}
Running synthetic 2 markets/venue burst24 timing=True
{"gates": true, "counts": {"offered": 24, "accepted": 24, "rejected": 0, "processed": 24, "unprocessed": 0, "retained_per_side_observations": 56, "committed_receipts": 56, "attempted_receipt_writes": 56, "wire_messages": null, "upstream_offered": null, "upstream_lost": null}, "elapsed": 3.3294300000416115}
Running synthetic 2 markets/venue burst24 timing=True
{"gates": true, "counts": {"offered": 24, "accepted": 24, "rejected": 0, "processed": 24, "unprocessed": 0, "retained_per_side_observations": 56, "committed_receipts": 56, "attempted_receipt_writes": 56, "wire_messages": null, "upstream_offered": null, "upstream_lost": null}, "elapsed": 3.3143646250246093}
Running synthetic 2 markets/venue overflow40 timing=True
{"gates": true, "counts": {"offered": 41, "accepted": 41, "rejected": 0, "processed": 41, "unprocessed": 0, "retained_per_side_observations": 90, "committed_receipts": 90, "attempted_receipt_writes": 90, "wire_messages": null, "upstream_offered": null, "upstream_lost": null}, "elapsed": 11.233560332970228}
Running synthetic 2 markets/venue overflow40 timing=True
{"gates": true, "counts": {"offered": 41, "accepted": 41, "rejected": 0, "processed": 41, "unprocessed": 0, "retained_per_side_observations": 90, "committed_receipts": 90, "attempted_receipt_writes": 90, "wire_messages": null, "upstream_offered": null, "upstream_lost": null}, "elapsed": 11.309792208019644}
Running synthetic 2 markets/venue slow timing=True
{"gates": true, "counts": {"offered": 17, "accepted": 17, "rejected": 0, "processed": 17, "unprocessed": 0, "retained_per_side_observations": 40, "committed_receipts": 40, "attempted_receipt_writes": 40, "wire_messages": null, "upstream_offered": null, "upstream_lost": null}, "elapsed": 5.637083166977391}
Running synthetic 2 markets/venue slow timing=True
{"gates": true, "counts": {"offered": 17, "accepted": 17, "rejected": 0, "processed": 17, "unprocessed": 0, "retained_per_side_observations": 40, "committed_receipts": 40, "attempted_receipt_writes": 40, "wire_messages": null, "upstream_offered": null, "upstream_lost": null}, "elapsed": 5.6200877079973}
Running synthetic 2 markets/venue depth timing=True
{"gates": true, "counts": {"offered": 17, "accepted": 17, "rejected": 0, "processed": 17, "unprocessed": 0, "retained_per_side_observations": 40, "committed_receipts": 40, "attempted_receipt_writes": 40, "wire_messages": null, "upstream_offered": null, "upstream_lost": null}, "elapsed": 5.101220292039216}
Running synthetic 2 markets/venue depth timing=True
{"gates": true, "counts": {"offered": 17, "accepted": 17, "rejected": 0, "processed": 17, "unprocessed": 0, "retained_per_side_observations": 40, "committed_receipts": 40, "attempted_receipt_writes": 40, "wire_messages": null, "upstream_offered": null, "upstream_lost": null}, "elapsed": 5.164547791995574}
Running synthetic 4 markets/venue ordinary timing=True
{"gates": true, "counts": {"offered": 17, "accepted": 17, "rejected": 0, "processed": 17, "unprocessed": 0, "retained_per_side_observations": 48, "committed_receipts": 48, "attempted_receipt_writes": 48, "wire_messages": null, "upstream_offered": null, "upstream_lost": null}, "elapsed": 8.182678000011947}
Running synthetic 4 markets/venue ordinary timing=True
{"gates": true, "counts": {"offered": 17, "accepted": 17, "rejected": 0, "processed": 17, "unprocessed": 0, "retained_per_side_observations": 48, "committed_receipts": 48, "attempted_receipt_writes": 48, "wire_messages": null, "upstream_offered": null, "upstream_lost": null}, "elapsed": 8.152021082991268}
Running synthetic 4 markets/venue burst24 timing=True
{"gates": true, "counts": {"offered": 24, "accepted": 24, "rejected": 0, "processed": 24, "unprocessed": 0, "retained_per_side_observations": 64, "committed_receipts": 64, "attempted_receipt_writes": 64, "wire_messages": null, "upstream_offered": null, "upstream_lost": null}, "elapsed": 3.650597167026717}
Running synthetic 4 markets/venue burst24 timing=True
{"gates": true, "counts": {"offered": 24, "accepted": 24, "rejected": 0, "processed": 24, "unprocessed": 0, "retained_per_side_observations": 64, "committed_receipts": 64, "attempted_receipt_writes": 64, "wire_messages": null, "upstream_offered": null, "upstream_lost": null}, "elapsed": 3.5867320420220494}
Running synthetic 4 markets/venue overflow40 timing=True
{"gates": true, "counts": {"offered": 41, "accepted": 41, "rejected": 0, "processed": 41, "unprocessed": 0, "retained_per_side_observations": 98, "committed_receipts": 98, "attempted_receipt_writes": 98, "wire_messages": null, "upstream_offered": null, "upstream_lost": null}, "elapsed": 13.35600870900089}
Running synthetic 4 markets/venue overflow40 timing=True
{"gates": true, "counts": {"offered": 41, "accepted": 41, "rejected": 0, "processed": 41, "unprocessed": 0, "retained_per_side_observations": 98, "committed_receipts": 98, "attempted_receipt_writes": 98, "wire_messages": null, "upstream_offered": null, "upstream_lost": null}, "elapsed": 13.422831790987402}
Running synthetic 4 markets/venue slow timing=True
{"gates": true, "counts": {"offered": 17, "accepted": 17, "rejected": 0, "processed": 17, "unprocessed": 0, "retained_per_side_observations": 48, "committed_receipts": 48, "attempted_receipt_writes": 48, "wire_messages": null, "upstream_offered": null, "upstream_lost": null}, "elapsed": 6.570916083001066}
Running synthetic 4 markets/venue slow timing=True
{"gates": true, "counts": {"offered": 17, "accepted": 17, "rejected": 0, "processed": 17, "unprocessed": 0, "retained_per_side_observations": 48, "committed_receipts": 48, "attempted_receipt_writes": 48, "wire_messages": null, "upstream_offered": null, "upstream_lost": null}, "elapsed": 6.599796916008927}
Running synthetic 4 markets/venue depth timing=True
{"gates": true, "counts": {"offered": 17, "accepted": 17, "rejected": 0, "processed": 17, "unprocessed": 0, "retained_per_side_observations": 48, "committed_receipts": 48, "attempted_receipt_writes": 48, "wire_messages": null, "upstream_offered": null, "upstream_lost": null}, "elapsed": 5.480324167001527}
Running synthetic 4 markets/venue depth timing=True
{"gates": true, "counts": {"offered": 17, "accepted": 17, "rejected": 0, "processed": 17, "unprocessed": 0, "retained_per_side_observations": 48, "committed_receipts": 48, "attempted_receipt_writes": 48, "wire_messages": null, "upstream_offered": null, "upstream_lost": null}, "elapsed": 5.481562791974284}
Running synthetic 2 markets/venue ordinary timing=False
{"gates": true, "counts": {"offered": 17, "accepted": 17, "rejected": 0, "processed": 17, "unprocessed": 0, "retained_per_side_observations": 40, "committed_receipts": 40, "attempted_receipt_writes": 40, "wire_messages": null, "upstream_offered": null, "upstream_lost": null}, "elapsed": 7.632803249987774}
Running synthetic 2 markets/venue ordinary timing=False
{"gates": true, "counts": {"offered": 17, "accepted": 17, "rejected": 0, "processed": 17, "unprocessed": 0, "retained_per_side_observations": 40, "committed_receipts": 40, "attempted_receipt_writes": 40, "wire_messages": null, "upstream_offered": null, "upstream_lost": null}, "elapsed": 7.605635749991052}
Running synthetic 4 markets/venue ordinary timing=False
{"gates": true, "counts": {"offered": 17, "accepted": 17, "rejected": 0, "processed": 17, "unprocessed": 0, "retained_per_side_observations": 48, "committed_receipts": 48, "attempted_receipt_writes": 48, "wire_messages": null, "upstream_offered": null, "upstream_lost": null}, "elapsed": 8.168187499977648}
Running synthetic 4 markets/venue ordinary timing=False
{"gates": true, "counts": {"offered": 17, "accepted": 17, "rejected": 0, "processed": 17, "unprocessed": 0, "retained_per_side_observations": 48, "committed_receipts": 48, "attempted_receipt_writes": 48, "wire_messages": null, "upstream_offered": null, "upstream_lost": null}, "elapsed": 8.182529583980795}
Running synthetic 2 markets/venue burst40 timing=True
{"gates": true, "counts": {"offered": 40, "accepted": 40, "rejected": 0, "processed": 40, "unprocessed": 0, "retained_per_side_observations": 88, "committed_receipts": 88, "attempted_receipt_writes": 88, "wire_messages": null, "upstream_offered": null, "upstream_lost": null}, "elapsed": 3.318604542000685}
Running synthetic 2 markets/venue burst40 timing=True
{"gates": true, "counts": {"offered": 40, "accepted": 40, "rejected": 0, "processed": 40, "unprocessed": 0, "retained_per_side_observations": 88, "committed_receipts": 88, "attempted_receipt_writes": 88, "wire_messages": null, "upstream_offered": null, "upstream_lost": null}, "elapsed": 3.292706584034022}
Running synthetic 4 markets/venue burst40 timing=True
{"gates": true, "counts": {"offered": 40, "accepted": 40, "rejected": 0, "processed": 40, "unprocessed": 0, "retained_per_side_observations": 96, "committed_receipts": 96, "attempted_receipt_writes": 96, "wire_messages": null, "upstream_offered": null, "upstream_lost": null}, "elapsed": 3.7608530840370804}
Running synthetic 4 markets/venue burst40 timing=True
{"gates": true, "counts": {"offered": 40, "accepted": 40, "rejected": 0, "processed": 40, "unprocessed": 0, "retained_per_side_observations": 96, "committed_receipts": 96, "attempted_receipt_writes": 96, "wire_messages": null, "upstream_offered": null, "upstream_lost": null}, "elapsed": 3.7521211249986663}
13A real-storage reproduction/accounting gates passed
waiting for server to shut down.... done
server stopped
