{
  "events": [
    {
      "event": "started",
      "mono": 105702.100248458,
      "clock": {
        "utc": "2026-09-19T14:57:46.425716+00:00",
        "mono": 105702.1026056665,
        "uncertainty": 9.164941729977727e-07,
        "resolution": 4.166666666666666e-08,
        "utc_offset": 1789724164.3231103
      }
    },
    {
      "event": "direct_stop_sent",
      "action": "stop",
      "intended": 105942.100248458,
      "clock": {
        "utc": "2026-09-19T15:01:46.459081+00:00",
        "mono": 105942.1359872285,
        "uncertainty": 2.3187501938082278e-05,
        "resolution": 4.166666666666666e-08,
        "utc_offset": 1789724164.3230937
      }
    },
    {
      "event": "closed",
      "mono": 105942.146925875,
      "cleanup_finished": 105942.14966575
    },
    {
      "event": "finished",
      "reason": "direct_stop",
      "complete": true,
      "receipt": {
        "schema": "predict-finalization-resources-v1",
        "boundary": "validation.json serialized, fsynced, closed and directory fsynced; receipt creation excluded from RSS/timing",
        "byte_scope": "attempt regular-file payload bytes; receipt included at fixed size; excludes OS metadata and external control/analysis artifacts",
        "write_scope": "retained payload bytes plus replaced history manifest payloads; all other attempt files append-only",
        "memory_scope": "process high-water sampled after supplemental report write, not process lifetime through exit",
        "measured_utc": "2026-09-19T15:01:51.165557+00:00",
        "supplemental_report_bytes": 21843,
        "receipt_bytes": 16384,
        "retained_before_supplement_bytes": 8566618,
        "retained_through_supplement_bytes": 8588461,
        "final_retained_output_bytes": 8604845,
        "history_manifest_writes": 14,
        "history_manifest_write_bytes": 43362,
        "retained_history_manifest_bytes": 5105,
        "replaced_history_manifest_bytes": 38257,
        "cumulative_application_file_write_bytes": 8643102,
        "post_report_write_process_high_water_bytes": 70254592,
        "supplemental_serialization_write_seconds": 0.0005925420118728653,
        "collection_closed_elapsed": 240.0466774170054,
        "report_write_finished_elapsed": 244.74203412501083,
        "finalization_through_report_seconds": 4.69535670800542,
        "measurement_finished_elapsed": 244.74220195801172,
        "checks": {
          "retained_reconciles": true,
          "output_cap": true,
          "write_cap": true,
          "rss_cap": true,
          "finalization_deadline": true
        },
        "status": "complete"
      },
      "books": {
        "received": 1447,
        "emitted": 1447,
        "admitted": 1447,
        "durable": 1447,
        "queued": 1447,
        "drained": 1447
      },
      "accounting": {
        "received": 13132,
        "accepted": 13132,
        "rejected": 0,
        "durable": 13132,
        "drained": 13132,
        "pending": 0,
        "unresolved": 0,
        "durable_not_queued": 0,
        "frames": 1448,
        "queue_peak_objects": 1,
        "queue_peak_bytes": 5360,
        "state_peak": 14845,
        "rss": 70254592,
        "logical": 13132,
        "observations": 13133,
        "original_terminal_records": 1,
        "observation_write_attempts": 13133,
        "encoded_ingress": 6152836,
        "expanded_ingress": 5745164,
        "physical_records": 13159,
        "control_records": 26,
        "physical_write_attempts": 13159,
        "journal_encoded_bytes": 8305851,
        "journal_expanded_payload_bytes": 5750988,
        "manifest_records": 1,
        "manifest_bytes": 5105,
        "manifest_writes": 14,
        "manifest_publications": 14,
        "manifest_write_bytes": 43362,
        "checkpoint_records": 0,
        "checkpoint_bytes": 0,
        "disk_bytes": 8604845
      }
    }
  ],
  "exitcode": 0,
  "cutoff": false,
  "wall_seconds": 245.01254562499525,
  "clock": {
    "utc": "2026-09-19T15:01:51.198654+00:00",
    "mono": 105946.87554927051,
    "uncertainty": 3.0625014915131032e-06,
    "resolution": 4.166666666666666e-08,
    "utc_offset": 1789724164.3231046
  },
  "helper_rss": 66011136,
  "outer_accounting": {
    "receipt_boundary": "collector receipt excludes later supervisor and shared attempt marker",
    "helper_payload_bytes": 16384,
    "attempt_marker_bytes": 117,
    "retained_bytes_including_helper_and_marker": 8621346,
    "cumulative_writes_including_helper_and_marker": 8659603,
    "interrupted_write_accounting": "complete"
  }
}
