{
  "candidate": "3601a26697b27172d924552f883b0d7800d027e41ef848182174da196d5ee89f",
  "direct_stop_elapsed": 240.0466774170054,
  "intake_stop_latency": 0.01093864650465548,
  "cleanup_seconds": 0.002739874995313585,
  "native_frames": 1448,
  "native_body_bytes": 298502,
  "books": {
    "received": 1447,
    "emitted": 1447,
    "admitted": 1447,
    "durable": 1447,
    "queued": 1447,
    "drained": 1447
  },
  "slots": {
    "attempted": 12,
    "skipped": 1,
    "not_reached": 3
  },
  "requests": {
    "initial": 4,
    "reference": 12,
    "refresh": 2
  },
  "rss": 70254592,
  "state_peak": 14845,
  "queue_peak": 1,
  "post_warmup_rss_growth": 294912,
  "frozen_headroom": {
    "logical": 0.79962158203125,
    "frames": 0.9396666666666667,
    "encoded_ingress": 0.9633262395858765,
    "expanded_ingress": 0.9892987981438637,
    "output": 0.9632948381560189
  },
  "diagnostic_headroom": {
    "logical": 0.34340000000000004,
    "frames": 0.646484375,
    "encoded_ingress": 0.9083155989646912,
    "expanded_ingress": 0.9714634617169698,
    "output": 0.9314836978912353
  },
  "analysis": {
    "sampled_consistency": 9,
    "insufficient_evidence": 3
  },
  "stale_reference_samples": 2,
  "outer": {
    "receipt_boundary": "collector receipt excludes later supervisor and shared attempt marker",
    "helper_payload_bytes": 16384,
    "attempt_marker_bytes": 117,
    "retained_bytes_including_helper_and_marker": 8621346,
    "cumulative_writes_including_helper_and_marker": 8659603,
    "interrupted_write_accounting": "complete"
  },
  "clock_max_bracket_uncertainty": 0.00010893750004470348,
  "utc_offset_drift": 0.0001373291015625,
  "after_stop_coverage_admissions": 0
}
