test_body_joint_pending_partial_and_oversize (tests.test_delivery_capture.Bounds.test_body_joint_pending_partial_and_oversize) ... ok
test_exclusive_owner_and_consumed_attempt_across_outputs (tests.test_delivery_capture.Bounds.test_exclusive_owner_and_consumed_attempt_across_outputs) ... ok
test_external_and_keyring_guard (tests.test_delivery_capture.Bounds.test_external_and_keyring_guard) ... ok
test_failed_start_consumes_attempt (tests.test_delivery_capture.Bounds.test_failed_start_consumes_attempt) ... ok
test_incomplete_discovery_and_unknown_start (tests.test_delivery_capture.Bounds.test_incomplete_discovery_and_unknown_start) ... ok
test_no_eligible_and_many_sorted (tests.test_delivery_capture.Bounds.test_no_eligible_and_many_sorted) ... ok
test_only_kalshi_loopback_no_credentials (tests.test_delivery_capture.Bounds.test_only_kalshi_loopback_no_credentials) ... ok
test_request_exact_partition_and_cap (tests.test_delivery_capture.Bounds.test_request_exact_partition_and_cap) ... ok
test_resource_subcaps_fail_before_write (tests.test_delivery_capture.Bounds.test_resource_subcaps_fail_before_write) ... ok
test_rows_and_frames (tests.test_delivery_capture.Bounds.test_rows_and_frames) ... ok
test_selection_repeatable_and_kickoff (tests.test_delivery_capture.Bounds.test_selection_repeatable_and_kickoff) ... ok
test_native_http_ws_pending_stop_and_refresh (tests.test_delivery_capture.Integration.test_native_http_ws_pending_stop_and_refresh) ... ok
test_admission_loss (tests.test_delivery_capture.Native.test_admission_loss) ... ok
test_authoritative_retention_failure_leaves_incomplete (tests.test_delivery_capture.Native.test_authoritative_retention_failure_leaves_incomplete) ... ok
test_authoritative_synthetic_missing_change (tests.test_delivery_capture.Native.test_authoritative_synthetic_missing_change) ... ok
test_cached_reference_never_becomes_authoritative (tests.test_delivery_capture.Native.test_cached_reference_never_becomes_authoritative) ... ok
test_change_revert_between_samples_is_not_observed (tests.test_delivery_capture.Native.test_change_revert_between_samples_is_not_observed) ... ok
test_clock_jump_disqualifies_temporal_evidence (tests.test_delivery_capture.Native.test_clock_jump_disqualifies_temporal_evidence) ... ok
test_emission_loss (tests.test_delivery_capture.Native.test_emission_loss) ... ok
test_empty_side_distinct_from_absent (tests.test_delivery_capture.Native.test_empty_side_distinct_from_absent) ... ok
test_expiry_independent_of_pending_receive (tests.test_delivery_capture.Native.test_expiry_independent_of_pending_receive) ... ok
test_failed_partial_reference_retained_and_counted (tests.test_delivery_capture.Native.test_failed_partial_reference_retained_and_counted) ... ok
test_invalid_native_is_not_local_qualifying_loss (tests.test_delivery_capture.Native.test_invalid_native_is_not_local_qualifying_loss) ... ok
test_local_failures_replayed_exact_boundary (tests.test_delivery_capture.Native.test_local_failures_replayed_exact_boundary) ... ok
test_malformed_reference (tests.test_delivery_capture.Native.test_malformed_reference) ... ok
test_missing_side_incomparable (tests.test_delivery_capture.Native.test_missing_side_incomparable) ... ok
test_no_reference_retry_429 (tests.test_delivery_capture.Native.test_no_reference_retry_429) ... ok
test_overlapping_native_change_is_inconclusive (tests.test_delivery_capture.Native.test_overlapping_native_change_is_inconclusive) ... ok
test_queue_loss (tests.test_delivery_capture.Native.test_queue_loss) ... ok
test_quiet_unchanged_does_not_refresh (tests.test_delivery_capture.Native.test_quiet_unchanged_does_not_refresh) ... ok
test_sequence_gap_stops_without_reconnect (tests.test_delivery_capture.Native.test_sequence_gap_stops_without_reconnect) ... ok
test_skipped_reference_no_catchup (tests.test_delivery_capture.Native.test_skipped_reference_no_catchup) ... ok
test_slow_reference_inconclusive (tests.test_delivery_capture.Native.test_slow_reference_inconclusive) ... ok
test_stop_cancels_pending_reference_and_counts (tests.test_delivery_capture.Native.test_stop_cancels_pending_reference_and_counts) ... FAIL

======================================================================
FAIL: test_stop_cancels_pending_reference_and_counts (tests.test_delivery_capture.Native.test_stop_cancels_pending_reference_and_counts)
----------------------------------------------------------------------
Traceback (most recent call last):
  File "/opt/homebrew/Cellar/python@3.14/3.14.5/Frameworks/Python.framework/Versions/3.14/lib/python3.14/asyncio/runners.py", line 127, in run
    return self._loop.run_until_complete(task)
           ~~~~~~~~~~~~~~~~~~~~~~~~~~~~~^^^^^^
  File "/opt/homebrew/Cellar/python@3.14/3.14.5/Frameworks/Python.framework/Versions/3.14/lib/python3.14/asyncio/base_events.py", line 719, in run_until_complete
    return future.result()
           ~~~~~~~~~~~~~^^
  File "/Users/michaelfuscoletti/Desktop/prediction-arb/tests/test_delivery_capture.py", line 186, in test_stop_cancels_pending_reference_and_counts
    with self.assertRaises(asyncio.CancelledError):await self.s.reference(75)
         ~~~~~~~~~~~~~~~~~^^^^^^^^^^^^^^^^^^^^^^^^
AssertionError: CancelledError not raised

----------------------------------------------------------------------
Ran 34 tests in 4.140s

FAILED (failures=1)
